Component: Arm Compiler for Embedded 6.19 Tool: armlink [5e73cb00]

==============================================================================

Section Cross References

    cli.o(.text.CLI_Transmit) refers to usart.o(.text.sendbyte) for sendbyte
    cli.o(.ARM.exidx.text.CLI_Transmit) refers to cli.o(.text.CLI_Transmit) for [Anonymous Symbol]
    cli.o(.text.CLI_Receive) refers to cli.o(.bss.inputString) for inputString
    cli.o(.text.CLI_Receive) refers to strlen.o(.text) for strlen
    cli.o(.text.CLI_Receive) refers to cli.o(.rodata.str1.1) for .L.str
    cli.o(.text.CLI_Receive) refers to strcmpv7m.o(.text) for strcmp
    cli.o(.text.CLI_Receive) refers to cli.o(.bss.directionQueue) for directionQueue
    cli.o(.text.CLI_Receive) refers to queue.o(.text.uxQueueMessagesWaiting) for uxQueueMessagesWaiting
    cli.o(.text.CLI_Receive) refers to queue.o(.text.xQueueGenericSend) for xQueueGenericSend
    cli.o(.text.CLI_Receive) refers to rt_memcpy_v6.o(.text) for __aeabi_memcpy
    cli.o(.text.CLI_Receive) refers to cli.o(.text.CLI_Transmit) for CLI_Transmit
    cli.o(.text.CLI_Receive) refers to atoi.o(.text) for atoi
    cli.o(.text.CLI_Receive) refers to cli.o(.bss.floorQueue) for floorQueue
    cli.o(.text.CLI_Receive) refers to snprintf.o(.text) for snprintf
    cli.o(.text.CLI_Receive) refers to cli.o(.bss.floorSemaphore) for floorSemaphore
    cli.o(.text.CLI_Receive) refers to queue.o(.text.xQueueSemaphoreTake) for xQueueSemaphoreTake
    cli.o(.ARM.exidx.text.CLI_Receive) refers to cli.o(.text.CLI_Receive) for [Anonymous Symbol]
    cli.o(.text.CLI_Change_Floor_Number) refers to cli.o(.rodata.str1.1) for .L.str.5
    cli.o(.text.CLI_Change_Floor_Number) refers to cli.o(.text.CLI_Transmit) for CLI_Transmit
    cli.o(.text.CLI_Change_Floor_Number) refers to snprintf.o(.text) for snprintf
    cli.o(.ARM.exidx.text.CLI_Change_Floor_Number) refers to cli.o(.text.CLI_Change_Floor_Number) for [Anonymous Symbol]
    cli.o(.text.Maintenance_Mode) refers to cli.o(.rodata.str1.1) for .L.str.5
    cli.o(.text.Maintenance_Mode) refers to cli.o(.text.CLI_Transmit) for CLI_Transmit
    cli.o(.text.Maintenance_Mode) refers to cli.o(.rodata..L__const.Maintenance_Mode.mMode) for .L__const.Maintenance_Mode.mMode
    cli.o(.text.Maintenance_Mode) refers to rt_memcpy_v6.o(.text) for __aeabi_memcpy
    cli.o(.text.Maintenance_Mode) refers to cli.o(.rodata..L__const.Maintenance_Mode.statement) for .L__const.Maintenance_Mode.statement
    cli.o(.ARM.exidx.text.Maintenance_Mode) refers to cli.o(.text.Maintenance_Mode) for [Anonymous Symbol]
    cli.o(.text.EXTI15_10_IRQHandler) refers to cli.o(.bss.EmergencyFlag) for EmergencyFlag
    cli.o(.text.EXTI15_10_IRQHandler) refers to cli.o(.bss.EmergencyStopQueue) for EmergencyStopQueue
    cli.o(.text.EXTI15_10_IRQHandler) refers to queue.o(.text.xQueueGenericSendFromISR) for xQueueGenericSendFromISR
    cli.o(.ARM.exidx.text.EXTI15_10_IRQHandler) refers to cli.o(.text.EXTI15_10_IRQHandler) for [Anonymous Symbol]
    main.o(.text.main) refers to usart.o(.text.serial_open) for serial_open
    main.o(.text.main) refers to queue.o(.text.xQueueGenericCreate) for xQueueGenericCreate
    main.o(.text.main) refers to cli.o(.bss.directionQueue) for directionQueue
    main.o(.text.main) refers to cli.o(.bss.floorQueue) for floorQueue
    main.o(.text.main) refers to usart.o(.bss.CLIQueue) for CLIQueue
    main.o(.text.main) refers to cli.o(.bss.arrivedQueue) for arrivedQueue
    main.o(.text.main) refers to cli.o(.bss.EmergencyStopQueue) for EmergencyStopQueue
    main.o(.text.main) refers to main.o(.text.vElevatorControlTask) for vElevatorControlTask
    main.o(.text.main) refers to main.o(.rodata.str1.1) for .L.str
    main.o(.text.main) refers to tasks.o(.text.xTaskCreate) for xTaskCreate
    main.o(.text.main) refers to main.o(.text.vCLITask) for vCLITask
    main.o(.text.main) refers to tasks.o(.text.vTaskStartScheduler) for vTaskStartScheduler
    main.o(.ARM.exidx.text.main) refers to main.o(.text.main) for [Anonymous Symbol]
    main.o(.text.vElevatorControlTask) refers to cli.o(.text.CLI_Change_Floor_Number) for CLI_Change_Floor_Number
    main.o(.text.vElevatorControlTask) refers to cli.o(.bss.EmergencyStopQueue) for EmergencyStopQueue
    main.o(.text.vElevatorControlTask) refers to queue.o(.text.uxQueueMessagesWaiting) for uxQueueMessagesWaiting
    main.o(.text.vElevatorControlTask) refers to queue.o(.text.xQueueReceive) for xQueueReceive
    main.o(.text.vElevatorControlTask) refers to cli.o(.text.Maintenance_Mode) for Maintenance_Mode
    main.o(.text.vElevatorControlTask) refers to main.o(.data.direction) for direction
    main.o(.text.vElevatorControlTask) refers to cli.o(.bss.floorQueue) for floorQueue
    main.o(.text.vElevatorControlTask) refers to queue.o(.text.xQueueGenericSend) for xQueueGenericSend
    main.o(.text.vElevatorControlTask) refers to tasks.o(.text.vTaskDelay) for vTaskDelay
[...]
    [Anonymous Symbol]                       0x20000230   Section        0  cli.o(.bss.inputString)
    os_libspace                              0x2000023c   Data         480  clib_arm.o(.bss.os_libspace)
    [Anonymous Symbol]                       0x2000023c   Section        0  clib_arm.o(.bss.os_libspace)
    os_libspace_id                           0x2000041c   Data          16  clib_arm.o(.bss.os_libspace_id)
    [Anonymous Symbol]                       0x2000041c   Section        0  clib_arm.o(.bss.os_libspace_id)
    prvCheckForValidListAndQueue.ucStaticTimerQueueStorage 0x2000042c   Data          80  timers.o(.bss.prvCheckForValidListAndQueue.ucStaticTimerQueueStorage)
    [Anonymous Symbol]                       0x2000042c   Section        0  timers.o(.bss.prvCheckForValidListAndQueue.ucStaticTimerQueueStorage)
    prvCheckForValidListAndQueue.xStaticTimerQueue 0x2000047c   Data          80  timers.o(.bss.prvCheckForValidListAndQueue.xStaticTimerQueue)
    [Anonymous Symbol]                       0x2000047c   Section        0  timers.o(.bss.prvCheckForValidListAndQueue.xStaticTimerQueue)
    prvSampleTimeNow.xLastTime               0x200004cc   Data           4  timers.o(.bss.prvSampleTimeNow.xLastTime)
    [Anonymous Symbol]                       0x200004cc   Section        0  timers.o(.bss.prvSampleTimeNow.xLastTime)
    __tagsym$$used.1                         0x200004d0   Number         0  tasks.o(.bss.pxCurrentTCB)
    pxCurrentTimerList                       0x200004d4   Data           4  timers.o(.bss.pxCurrentTimerList)
    [Anonymous Symbol]                       0x200004d4   Section        0  timers.o(.bss.pxCurrentTimerList)
    pxDelayedTaskList                        0x200004d8   Data           4  tasks.o(.bss.pxDelayedTaskList)
    [Anonymous Symbol]                       0x200004d8   Section        0  tasks.o(.bss.pxDelayedTaskList)
    pxEnd                                    0x200004dc   Data           4  heap_4.o(.bss.pxEnd)
    [Anonymous Symbol]                       0x200004dc   Section        0  heap_4.o(.bss.pxEnd)
    pxOverflowDelayedTaskList                0x200004e0   Data           4  tasks.o(.bss.pxOverflowDelayedTaskList)
    [Anonymous Symbol]                       0x200004e0   Section        0  tasks.o(.bss.pxOverflowDelayedTaskList)
    pxOverflowTimerList                      0x200004e4   Data           4  timers.o(.bss.pxOverflowTimerList)
    [Anonymous Symbol]                       0x200004e4   Section        0  timers.o(.bss.pxOverflowTimerList)
    pxReadyTasksLists                        0x200004e8   Data        1120  tasks.o(.bss.pxReadyTasksLists)
    [Anonymous Symbol]                       0x200004e8   Section        0  tasks.o(.bss.pxReadyTasksLists)
    ucHeap                                   0x20000948   Data        8192  heap_4.o(.bss.ucHeap)
    [Anonymous Symbol]                       0x20000948   Section        0  heap_4.o(.bss.ucHeap)
    uxCurrentNumberOfTasks                   0x20002948   Data           4  tasks.o(.bss.uxCurrentNumberOfTasks)
    [Anonymous Symbol]                       0x20002948   Section        0  tasks.o(.bss.uxCurrentNumberOfTasks)
    uxDeletedTasksWaitingCleanUp             0x2000294c   Data           4  tasks.o(.bss.uxDeletedTasksWaitingCleanUp)
    [Anonymous Symbol]                       0x2000294c   Section        0  tasks.o(.bss.uxDeletedTasksWaitingCleanUp)
    uxSchedulerSuspended                     0x20002950   Data           4  tasks.o(.bss.uxSchedulerSuspended)
    [Anonymous Symbol]                       0x20002950   Section        0  tasks.o(.bss.uxSchedulerSuspended)
    uxTaskNumber                             0x20002954   Data           4  tasks.o(.bss.uxTaskNumber)
    [Anonymous Symbol]                       0x20002954   Section        0  tasks.o(.bss.uxTaskNumber)
    uxTopReadyPriority                       0x20002958   Data           4  tasks.o(.bss.uxTopReadyPriority)
    [Anonymous Symbol]                       0x20002958   Section        0  tasks.o(.bss.uxTopReadyPriority)
    vApplicationGetIdleTaskMemory.Idle_Stack 0x2000295c   Data         512  cmsis_os2.o(.bss.vApplicationGetIdleTaskMemory.Idle_Stack)
    [Anonymous Symbol]                       0x2000295c   Section        0  cmsis_os2.o(.bss.vApplicationGetIdleTaskMemory.Idle_Stack)
    vApplicationGetIdleTaskMemory.Idle_TCB   0x20002b5c   Data          92  cmsis_os2.o(.bss.vApplicationGetIdleTaskMemory.Idle_TCB)
    [Anonymous Symbol]                       0x20002b5c   Section        0  cmsis_os2.o(.bss.vApplicationGetIdleTaskMemory.Idle_TCB)
    vApplicationGetTimerTaskMemory.Timer_Stack 0x20002bb8   Data         320  cmsis_os2.o(.bss.vApplicationGetTimerTaskMemory.Timer_Stack)
    [Anonymous Symbol]                       0x20002bb8   Section        0  cmsis_os2.o(.bss.vApplicationGetTimerTaskMemory.Timer_Stack)
    vApplicationGetTimerTaskMemory.Timer_TCB 0x20002cf8   Data          92  cmsis_os2.o(.bss.vApplicationGetTimerTaskMemory.Timer_TCB)
    [Anonymous Symbol]                       0x20002cf8   Section        0  cmsis_os2.o(.bss.vApplicationGetTimerTaskMemory.Timer_TCB)
    xActiveTimerList1                        0x20002d54   Data          20  timers.o(.bss.xActiveTimerList1)
    [Anonymous Symbol]                       0x20002d54   Section        0  timers.o(.bss.xActiveTimerList1)
    xActiveTimerList2                        0x20002d68   Data          20  timers.o(.bss.xActiveTimerList2)
    [Anonymous Symbol]                       0x20002d68   Section        0  timers.o(.bss.xActiveTimerList2)
    xDelayedTaskList1                        0x20002d7c   Data          20  tasks.o(.bss.xDelayedTaskList1)
    [Anonymous Symbol]                       0x20002d7c   Section        0  tasks.o(.bss.xDelayedTaskList1)
    xDelayedTaskList2                        0x20002d90   Data          20  tasks.o(.bss.xDelayedTaskList2)
    [Anonymous Symbol]                       0x20002d90   Section        0  tasks.o(.bss.xDelayedTaskList2)
    xFreeBytesRemaining                      0x20002da4   Data           4  heap_4.o(.bss.xFreeBytesRemaining)
    [Anonymous Symbol]                       0x20002da4   Section        0  heap_4.o(.bss.xFreeBytesRemaining)
    xIdleTaskHandle                          0x20002da8   Data           4  tasks.o(.bss.xIdleTaskHandle)
    [Anonymous Symbol]                       0x20002da8   Section        0  tasks.o(.bss.xIdleTaskHandle)
    xMinimumEverFreeBytesRemaining           0x20002dac   Data           4  heap_4.o(.bss.xMinimumEverFreeBytesRemaining)
    [Anonymous Symbol]                       0x20002dac   Section        0  heap_4.o(.bss.xMinimumEverFreeBytesRemaining)
    xNextTaskUnblockTime                     0x20002db0   Data           4  tasks.o(.bss.xNextTaskUnblockTime)
    [Anonymous Symbol]                       0x20002db0   Section        0  tasks.o(.bss.xNextTaskUnblockTime)
    xNumOfOverflows                          0x20002db4   Data           4  tasks.o(.bss.xNumOfOverflows)
    [Anonymous Symbol]                       0x20002db4   Section        0  tasks.o(.bss.xNumOfOverflows)
    xNumberOfSuccessfulAllocations           0x20002db8   Data           4  heap_4.o(.bss.xNumberOfSuccessfulAllocations)
    [Anonymous Symbol]                       0x20002db8   Section        0  heap_4.o(.bss.xNumberOfSuccessfulAllocations)
    xNumberOfSuccessfulFrees                 0x20002dbc   Data           4  heap_4.o(.bss.xNumberOfSuccessfulFrees)
    [Anonymous Symbol]                       0x20002dbc   Section        0  heap_4.o(.bss.xNumberOfSuccessfulFrees)
    xPendedTicks                             0x20002dc0   Data           4  tasks.o(.bss.xPendedTicks)
    [Anonymous Symbol]                       0x20002dc0   Section        0  tasks.o(.bss.xPendedTicks)
    xPendingReadyList                        0x20002dc4   Data          20  tasks.o(.bss.xPendingReadyList)
    [Anonymous Symbol]                       0x20002dc4   Section        0  tasks.o(.bss.xPendingReadyList)
    xSchedulerRunning                        0x20002dd8   Data           4  tasks.o(.bss.xSchedulerRunning)
    [Anonymous Symbol]                       0x20002dd8   Section        0  tasks.o(.bss.xSchedulerRunning)
    xStart                                   0x20002ddc   Data           8  heap_4.o(.bss.xStart)
    [Anonymous Symbol]                       0x20002ddc   Section        0  heap_4.o(.bss.xStart)
    xSuspendedTaskList                       0x20002de4   Data          20  tasks.o(.bss.xSuspendedTaskList)
    [Anonymous Symbol]                       0x20002de4   Section        0  tasks.o(.bss.xSuspendedTaskList)
    xTasksWaitingTermination                 0x20002df8   Data          20  tasks.o(.bss.xTasksWaitingTermination)
    [Anonymous Symbol]                       0x20002df8   Section        0  tasks.o(.bss.xTasksWaitingTermination)
    xTickCount                               0x20002e0c   Data           4  tasks.o(.bss.xTickCount)
    [Anonymous Symbol]                       0x20002e0c   Section        0  tasks.o(.bss.xTickCount)
    xTimerQueue                              0x20002e10   Data           4  timers.o(.bss.xTimerQueue)
    [Anonymous Symbol]                       0x20002e10   Section        0  timers.o(.bss.xTimerQueue)
    xTimerTaskHandle                         0x20002e14   Data           4  timers.o(.bss.xTimerTaskHandle)
    [Anonymous Symbol]                       0x20002e14   Section        0  timers.o(.bss.xTimerTaskHandle)
    xYieldPending                            0x20002e18   Data           4  tasks.o(.bss.xYieldPending)
    [Anonymous Symbol]                       0x20002e18   Section        0  tasks.o(.bss.xYieldPending)
    Heap_Mem                                 0x20002e20   Data         512  startup_stm32f10x_md.o(HEAP)
    HEAP                                     0x20002e20   Section      512  startup_stm32f10x_md.o(HEAP)
    Stack_Mem                                0x20003020   Data        1024  startup_stm32f10x_md.o(STACK)
    STACK                                    0x20003020   Section     1024  startup_stm32f10x_md.o(STACK)
    __initial_sp                             0x20003420   Data           0  startup_stm32f10x_md.o(STACK)

    Global Symbols

    Symbol Name                              Value     Ov Type        Size  Object(Section)

    BuildAttributes$$THM_ISAv4$P$D$K$B$S$PE$A:L22UL41UL21$X:L11$S22US41US21$IEEE1$IW$~IW$USESV6$~STKCKD$USESV7$~SHL$OTIME$ROPI$IEEEJ$EBA8$UX$STANDARDLIB$REQ8$PRES8$EABIv2 0x00000000   Number         0  anon$$obj.o ABSOLUTE
    __fp_init_empty                          0x00000000   Number         0  fpinit_empty.o ABSOLUTE
    _printf_flags                            0x00000000   Number         0  printf_stubs.o ABSOLUTE
    _printf_return_value                     0x00000000   Number         0  printf_stubs.o ABSOLUTE
    _printf_sizespec                         0x00000000   Number         0  printf_stubs.o ABSOLUTE
    _printf_widthprec                        0x00000000   Number         0  printf_stubs.o ABSOLUTE
    __ARM_exceptions_init                     - Undefined Weak Reference
    __alloca_initialize                       - Undefined Weak Reference
    __arm_preinit_                            - Undefined Weak Reference
    __arm_relocate_pie_                       - Undefined Weak Reference
    __cpp_initialize__aeabi_                  - Undefined Weak Reference
    __cxa_finalize                            - Undefined Weak Reference
    __sigvec_lookup                           - Undefined Weak Reference
    _atexit_init                              - Undefined Weak Reference
    _call_atexit_fns                          - Undefined Weak Reference
    _clock_init                               - Undefined Weak Reference
    _fp_trap_init                             - Undefined Weak Reference
    _fp_trap_shutdown                         - Undefined Weak Reference
    _get_lc_collate                           - Undefined Weak Reference
    _get_lc_monetary                          - Undefined Weak Reference
    _get_lc_time                              - Undefined Weak Reference
    _getenv_init                              - Undefined Weak Reference
    _handle_redirection                       - Undefined Weak Reference
    _init_alloc                               - Undefined Weak Reference
    _init_user_alloc                          - Undefined Weak Reference
    _initio                                   - Undefined Weak Reference
    _printf_mbtowc                            - Undefined Weak Reference
    _printf_wc                                - Undefined Weak Reference
    _rand_init                                - Undefined Weak Reference
    _signal_finish                            - Undefined Weak Reference
    _signal_init                              - Undefined Weak Reference
    _terminate_alloc                          - Undefined Weak Reference
    _terminate_user_alloc                     - Undefined Weak Reference
    _terminateio                              - Undefined Weak Reference
    __Vectors_Size                           0x000000ec   Number         0  startup_stm32f10x_md.o ABSOLUTE
    __Vectors                                0x08000000   Data           4  startup_stm32f10x_md.o(RESET)
    __Vectors_End                            0x080000ec   Data           0  startup_stm32f10x_md.o(RESET)
    __main                                   0x080000ed   Thumb Code     8  __main.o(!!!main)
    __scatterload                            0x080000f5   Thumb Code     0  __scatter.o(!!!scatter)
    __scatterload_rt2                        0x080000f5   Thumb Code    44  __scatter.o(!!!scatter)
    __scatterload_rt2_thumb_only             0x080000f5   Thumb Code     0  __scatter.o(!!!scatter)
    __scatterload_null                       0x08000103   Thumb Code     0  __scatter.o(!!!scatter)
    __scatterload_copy                       0x08000129   Thumb Code    26  __scatter_copy.o(!!handler_copy)
    __scatterload_zeroinit                   0x08000145   Thumb Code    28  __scatter_zi.o(!!handler_zi)
    _printf_n                                0x08000161   Thumb Code     0  _printf_n.o(.ARM.Collect$$_printf_percent$$00000001)
    _printf_percent                          0x08000161   Thumb Code     0  _printf_percent.o(.ARM.Collect$$_printf_percent$$00000000)
    _printf_p                                0x08000167   Thumb Code     0  _printf_p.o(.ARM.Collect$$_printf_percent$$00000002)
    _printf_f                                0x0800016d   Thumb Code     0  _printf_f.o(.ARM.Collect$$_printf_percent$$00000003)
    _printf_e                                0x08000173   Thumb Code     0  _printf_e.o(.ARM.Collect$$_printf_percent$$00000004)
    _printf_g                                0x08000179   Thumb Code     0  _printf_g.o(.ARM.Collect$$_printf_percent$$00000005)
    _printf_a                                0x0800017f   Thumb Code     0  _printf_a.o(.ARM.Collect$$_printf_percent$$00000006)
    _printf_ll                               0x08000185   Thumb Code     0  _printf_ll.o(.ARM.Collect$$_printf_percent$$00000007)
    _printf_i                                0x0800018f   Thumb Code     0  _printf_i.o(.ARM.Collect$$_printf_percent$$00000008)
    _printf_d                                0x08000195   Thumb Code     0  _printf_d.o(.ARM.Collect$$_printf_percent$$00000009)
    _printf_u                                0x0800019b   Thumb Code     0  _printf_u.o(.ARM.Collect$$_printf_percent$$0000000A)
    _printf_o                                0x080001a1   Thumb Code     0  _printf_o.o(.ARM.Collect$$_printf_percent$$0000000B)
    _printf_x                                0x080001a7   Thumb Code     0  _printf_x.o(.ARM.Collect$$_printf_percent$$0000000C)
    _printf_lli                              0x080001ad   Thumb Code     0  _printf_lli.o(.ARM.Collect$$_printf_percent$$0000000D)
    _printf_lld                              0x080001b3   Thumb Code     0  _printf_lld.o(.ARM.Collect$$_printf_percent$$0000000E)
    _printf_llu                              0x080001b9   Thumb Code     0  _printf_llu.o(.ARM.Collect$$_printf_percent$$0000000F)
    _printf_llo                              0x080001bf   Thumb Code     0  _printf_llo.o(.ARM.Collect$$_printf_percent$$00000010)
    _printf_llx                              0x080001c5   Thumb Code     0  _printf_llx.o(.ARM.Collect$$_printf_percent$$00000011)
    _printf_l                                0x080001cb   Thumb Code     0  _printf_l.o(.ARM.Collect$$_printf_percent$$00000012)
    _printf_c                                0x080001d5   Thumb Code     0  _printf_c.o(.ARM.Collect$$_printf_percent$$00000013)
    _printf_s                                0x080001db   Thumb Code     0  _printf_s.o(.ARM.Collect$$_printf_percent$$00000014)
    _printf_lc                               0x080001e1   Thumb Code     0  _printf_lc.o(.ARM.Collect$$_printf_percent$$00000015)
    _printf_ls                               0x080001e7   Thumb Code     0  _printf_ls.o(.ARM.Collect$$_printf_percent$$00000016)
    _printf_percent_end                      0x080001ed   Thumb Code     0  _printf_percent_end.o(.ARM.Collect$$_printf_percent$$00000017)
    __rt_lib_init                            0x080001f1   Thumb Code     0  libinit.o(.ARM.Collect$$libinit$$00000000)
    __rt_lib_init_fp_1                       0x080001f3   Thumb Code     0  libinit2.o(.ARM.Collect$$libinit$$00000002)
    __rt_lib_init_heap_1                     0x080001f3   Thumb Code     0  libinit2.o(.ARM.Collect$$libinit$$0000000C)
    __rt_lib_init_lc_common                  0x080001f3   Thumb Code     0  libinit2.o(.ARM.Collect$$libinit$$00000011)
    __rt_lib_init_preinit_1                  0x080001f3   Thumb Code     0  libinit2.o(.ARM.Collect$$libinit$$00000006)
    __rt_lib_init_rand_1                     0x080001f3   Thumb Code     0  libinit2.o(.ARM.Collect$$libinit$$00000010)
    __rt_lib_init_relocate_pie_1             0x080001f3   Thumb Code     0  libinit2.o(.ARM.Collect$$libinit$$00000004)
    __rt_lib_init_user_alloc_1               0x080001f3   Thumb Code     0  libinit2.o(.ARM.Collect$$libinit$$0000000E)
    __rt_lib_init_lc_collate_1               0x080001f9   Thumb Code     0  libinit2.o(.ARM.Collect$$libinit$$00000013)
    __rt_lib_init_lc_ctype_2                 0x080001f9   Thumb Code     0  libinit2.o(.ARM.Collect$$libinit$$00000014)
    __rt_lib_init_lc_ctype_1                 0x08000205   Thumb Code     0  libinit2.o(.ARM.Collect$$libinit$$00000015)
    __rt_lib_init_lc_monetary_1              0x08000205   Thumb Code     0  libinit2.o(.ARM.Collect$$libinit$$00000017)
    __rt_lib_init_lc_numeric_2               0x08000205   Thumb Code     0  libinit2.o(.ARM.Collect$$libinit$$00000018)
    __rt_lib_init_alloca_1                   0x0800020f   Thumb Code     0  libinit2.o(.ARM.Collect$$libinit$$00000030)
    __rt_lib_init_argv_1                     0x0800020f   Thumb Code     0  libinit2.o(.ARM.Collect$$libinit$$0000002E)
    __rt_lib_init_atexit_1                   0x0800020f   Thumb Code     0  libinit2.o(.ARM.Collect$$libinit$$0000001D)
    __rt_lib_init_clock_1                    0x0800020f   Thumb Code     0  libinit2.o(.ARM.Collect$$libinit$$00000023)
    __rt_lib_init_cpp_1                      0x0800020f   Thumb Code     0  libinit2.o(.ARM.Collect$$libinit$$00000034)
    __rt_lib_init_exceptions_1               0x0800020f   Thumb Code     0  libinit2.o(.ARM.Collect$$libinit$$00000032)
    __rt_lib_init_fp_trap_1                  0x0800020f   Thumb Code     0  libinit2.o(.ARM.Collect$$libinit$$00000021)
    __rt_lib_init_getenv_1                   0x0800020f   Thumb Code     0  libinit2.o(.ARM.Collect$$libinit$$00000025)
    __rt_lib_init_lc_numeric_1               0x0800020f   Thumb Code     0  libinit2.o(.ARM.Collect$$libinit$$00000019)
    __rt_lib_init_lc_time_1                  0x0800020f   Thumb Code     0  libinit2.o(.ARM.Collect$$libinit$$0000001B)
    __rt_lib_init_return                     0x0800020f   Thumb Code     0  libinit2.o(.ARM.Collect$$libinit$$00000035)
    __rt_lib_init_signal_1                   0x0800020f   Thumb Code     0  libinit2.o(.ARM.Collect$$libinit$$0000001F)
    __rt_lib_init_stdio_1                    0x0800020f   Thumb Code     0  libinit2.o(.ARM.Collect$$libinit$$00000027)
    __rt_lib_shutdown                        0x08000211   Thumb Code     0  libshutdown.o(.ARM.Collect$$libshutdown$$00000000)
    __rt_lib_shutdown_cpp_1                  0x08000213   Thumb Code     0  libshutdown2.o(.ARM.Collect$$libshutdown$$00000002)
    __rt_lib_shutdown_fp_trap_1              0x08000213   Thumb Code     0  libshutdown2.o(.ARM.Collect$$libshutdown$$00000007)
    __rt_lib_shutdown_heap_1                 0x08000213   Thumb Code     0  libshutdown2.o(.ARM.Collect$$libshutdown$$0000000F)
    __rt_lib_shutdown_return                 0x08000213   Thumb Code     0  libshutdown2.o(.ARM.Collect$$libshutdown$$00000010)
    __rt_lib_shutdown_signal_1               0x08000213   Thumb Code     0  libshutdown2.o(.ARM.Collect$$libshutdown$$0000000A)
    __rt_lib_shutdown_stdio_1                0x08000213   Thumb Code     0  libshutdown2.o(.ARM.Collect$$libshutdown$$00000004)
    __rt_lib_shutdown_user_alloc_1           0x08000213   Thumb Code     0  libshutdown2.o(.ARM.Collect$$libshutdown$$0000000C)
    __rt_entry                               0x08000215   Thumb Code     0  __rtentry.o(.ARM.Collect$$rtentry$$00000000)
    __rt_entry_presh_1                       0x08000215   Thumb Code     0  __rtentry2.o(.ARM.Collect$$rtentry$$00000002)
    __rt_entry_sh                            0x08000215   Thumb Code     0  __rtentry4.o(.ARM.Collect$$rtentry$$00000004)
    __rt_entry_postsh_1                      0x0800021b   Thumb Code     0  __rtentry2.o(.ARM.Collect$$rtentry$$00000008)
    __rt_entry_li                            0x08000223   Thumb Code     0  __rtentry2.o(.ARM.Collect$$rtentry$$0000000A)
    __rt_entry_main                          0x08000227   Thumb Code     0  __rtentry2.o(.ARM.Collect$$rtentry$$0000000D)
    __rt_entry_postli_1                      0x08000227   Thumb Code     0  __rtentry2.o(.ARM.Collect$$rtentry$$0000000C)
    __rt_exit                                0x0800022f   Thumb Code     0  rtexit.o(.ARM.Collect$$rtexit$$00000000)
    __rt_exit_ls                             0x08000231   Thumb Code     0  rtexit2.o(.ARM.Collect$$rtexit$$00000003)
    __rt_exit_prels_1                        0x08000231   Thumb Code     0  rtexit2.o(.ARM.Collect$$rtexit$$00000002)
    __rt_exit_exit                           0x08000235   Thumb Code     0  rtexit2.o(.ARM.Collect$$rtexit$$00000004)
    Reset_Handler                            0x0800023d   Thumb Code     8  startup_stm32f10x_md.o(.text)
    NMI_Handler                              0x08000245   Thumb Code     2  startup_stm32f10x_md.o(.text)
    HardFault_Handler                        0x08000247   Thumb Code     2  startup_stm32f10x_md.o(.text)
    MemManage_Handler                        0x08000249   Thumb Code     2  startup_stm32f10x_md.o(.text)
    BusFault_Handler                         0x0800024b   Thumb Code     2  startup_stm32f10x_md.o(.text)
    UsageFault_Handler                       0x0800024d   Thumb Code     2  startup_stm32f10x_md.o(.text)
    DebugMon_Handler                         0x08000251   Thumb Code     2  startup_stm32f10x_md.o(.text)
    ADC1_2_IRQHandler                        0x08000257   Thumb Code     0  startup_stm32f10x_md.o(.text)
    CAN1_RX1_IRQHandler                      0x08000257   Thumb Code     0  startup_stm32f10x_md.o(.text)
    CAN1_SCE_IRQHandler                      0x08000257   Thumb Code     0  startup_stm32f10x_md.o(.text)
    DMA1_Channel1_IRQHandler                 0x08000257   Thumb Code     0  startup_stm32f10x_md.o(.text)
    DMA1_Channel2_IRQHandler                 0x08000257   Thumb Code     0  startup_stm32f10x_md.o(.text)
    DMA1_Channel3_IRQHandler                 0x08000257   Thumb Code     0  startup_stm32f10x_md.o(.text)
    DMA1_Channel4_IRQHandler                 0x08000257   Thumb Code     0  startup_stm32f10x_md.o(.text)
    DMA1_Channel5_IRQHandler                 0x08000257   Thumb Code     0  startup_stm32f10x_md.o(.text)
    DMA1_Channel6_IRQHandler                 0x08000257   Thumb Code     0  startup_stm32f10x_md.o(.text)
    DMA1_Channel7_IRQHandler                 0x08000257   Thumb Code     0  startup_stm32f10x_md.o(.text)
    EXTI0_IRQHandler                         0x08000257   Thumb Code     0  startup_stm32f10x_md.o(.text)
    EXTI1_IRQHandler                         0x08000257   Thumb Code     0  startup_stm32f10x_md.o(.text)
    EXTI2_IRQHandler                         0x08000257   Thumb Code     0  startup_stm32f10x_md.o(.text)
    EXTI3_IRQHandler                         0x08000257   Thumb Code     0  startup_stm32f10x_md.o(.text)
    EXTI4_IRQHandler                         0x08000257   Thumb Code     0  startup_stm32f10x_md.o(.text)
    EXTI9_5_IRQHandler                       0x08000257   Thumb Code     0  startup_stm32f10x_md.o(.text)
    FLASH_IRQHandler                         0x08000257   Thumb Code     0  startup_stm32f10x_md.o(.text)
    I2C1_ER_IRQHandler                       0x08000257   Thumb Code     0  startup_stm32f10x_md.o(.text)
    I2C1_EV_IRQHandler                       0x08000257   Thumb Code     0  startup_stm32f10x_md.o(.text)
    I2C2_ER_IRQHandler                       0x08000257   Thumb Code     0  startup_stm32f10x_md.o(.text)
    I2C2_EV_IRQHandler                       0x08000257   Thumb Code     0  startup_stm32f10x_md.o(.text)
    PVD_IRQHandler                           0x08000257   Thumb Code     0  startup_stm32f10x_md.o(.text)
    RCC_IRQHandler                           0x08000257   Thumb Code     0  startup_stm32f10x_md.o(.text)
    RTCAlarm_IRQHandler                      0x08000257   Thumb Code     0  startup_stm32f10x_md.o(.text)
    RTC_IRQHandler                           0x08000257   Thumb Code     0  startup_stm32f10x_md.o(.text)
    SPI1_IRQHandler                          0x08000257   Thumb Code     0  startup_stm32f10x_md.o(.text)
    SPI2_IRQHandler                          0x08000257   Thumb Code     0  startup_stm32f10x_md.o(.text)
    TAMPER_IRQHandler                        0x08000257   Thumb Code     0  startup_stm32f10x_md.o(.text)
    TIM1_BRK_IRQHandler                      0x08000257   Thumb Code     0  startup_stm32f10x_md.o(.text)
    TIM1_CC_IRQHandler                       0x08000257   Thumb Code     0  startup_stm32f10x_md.o(.text)
    TIM1_TRG_COM_IRQHandler                  0x08000257   Thumb Code     0  startup_stm32f10x_md.o(.text)
    TIM1_UP_IRQHandler                       0x08000257   Thumb Code     0  startup_stm32f10x_md.o(.text)
    TIM2_IRQHandler                          0x08000257   Thumb Code     0  startup_stm32f10x_md.o(.text)
    TIM3_IRQHandler                          0x08000257   Thumb Code     0  startup_stm32f10x_md.o(.text)
    TIM4_IRQHandler                          0x08000257   Thumb Code     0  startup_stm32f10x_md.o(.text)
    USART1_IRQHandler                        0x08000257   Thumb Code     0  startup_stm32f10x_md.o(.text)
    USART3_IRQHandler                        0x08000257   Thumb Code     0  startup_stm32f10x_md.o(.text)
    USBWakeUp_IRQHandler                     0x08000257   Thumb Code     0  startup_stm32f10x_md.o(.text)
    USB_HP_CAN1_TX_IRQHandler                0x08000257   Thumb Code     0  startup_stm32f10x_md.o(.text)
    USB_LP_CAN1_RX0_IRQHandler               0x08000257   Thumb Code     0  startup_stm32f10x_md.o(.text)
    WWDG_IRQHandler                          0x08000257   Thumb Code     0  startup_stm32f10x_md.o(.text)
    __user_initial_stackheap                 0x08000259   Thumb Code     0  startup_stm32f10x_md.o(.text)
    snprintf                                 0x0800027d   Thumb Code    58  snprintf.o(.text)
    atoi                                     0x080002bd   Thumb Code    26  atoi.o(.text)
    strlen                                   0x080002d7   Thumb Code    62  strlen.o(.text)
    __aeabi_memcpy                           0x08000315   Thumb Code     0  rt_memcpy_v6.o(.text)
    __rt_memcpy                              0x08000315   Thumb Code   138  rt_memcpy_v6.o(.text)
    _memcpy_lastbytes                        0x0800037b   Thumb Code     0  rt_memcpy_v6.o(.text)
    __aeabi_memset4                          0x0800039f   Thumb Code    16  aeabi_memset4.o(.text)
    __aeabi_memset8                          0x0800039f   Thumb Code     0  aeabi_memset4.o(.text)
    __aeabi_memclr                           0x080003af   Thumb Code     0  rt_memclr.o(.text)
    __rt_memclr                              0x080003af   Thumb Code     0  rt_memclr.o(.text)
    _memset                                  0x080003b3   Thumb Code    64  rt_memclr.o(.text)
    __aeabi_memclr4                          0x080003f3   Thumb Code     0  rt_memclr_w.o(.text)
    __aeabi_memclr8                          0x080003f3   Thumb Code     0  rt_memclr_w.o(.text)
    __rt_memclr_w                            0x080003f3   Thumb Code     0  rt_memclr_w.o(.text)
    _memset_w                                0x080003f7   Thumb Code    74  rt_memclr_w.o(.text)
    strcmp                                   0x08000441   Thumb Code   128  strcmpv7m.o(.text)
    __use_two_region_memory                  0x080004c1   Thumb Code     2  heapauxi.o(.text)
    __rt_heap_escrow$2region                 0x080004c3   Thumb Code     2  heapauxi.o(.text)
    __rt_heap_expand$2region                 0x080004c5   Thumb Code     2  heapauxi.o(.text)
    __aeabi_errno_addr                       0x080004c7   Thumb Code     4  rt_errno_addr_twolibspace.o(.text)
    __errno$twolibspace                      0x080004c7   Thumb Code     0  rt_errno_addr_twolibspace.o(.text)
    __rt_errno_addr$twolibspace              0x080004c7   Thumb Code     0  rt_errno_addr_twolibspace.o(.text)
    _printf_pre_padding                      0x080004cb   Thumb Code    44  _printf_pad.o(.text)
    _printf_post_padding                     0x080004f7   Thumb Code    34  _printf_pad.o(.text)
    _printf_truncate_signed                  0x08000519   Thumb Code    18  _printf_truncate.o(.text)
    _printf_truncate_unsigned                0x0800052b   Thumb Code    18  _printf_truncate.o(.text)
    _printf_str                              0x0800053d   Thumb Code    82  _printf_str.o(.text)
    _printf_int_dec                          0x08000591   Thumb Code   104  _printf_dec.o(.text)
    _printf_charcount                        0x08000609   Thumb Code    40  _printf_charcount.o(.text)
    _printf_char_common                      0x0800063b   Thumb Code    32  _printf_char_common.o(.text)
    _snputc                                  0x08000661   Thumb Code    16  _snputc.o(.text)
    _printf_wctomb                           0x08000671   Thumb Code   182  _printf_wctomb.o(.text)
    _printf_longlong_dec                     0x0800072d   Thumb Code   108  _printf_longlong_dec.o(.text)
    _printf_longlong_oct                     0x080007a9   Thumb Code    68  _printf_oct_int_ll.o(.text)
    _printf_int_oct                          0x080007ed   Thumb Code    24  _printf_oct_int_ll.o(.text)
    _printf_ll_oct                           0x08000805   Thumb Code    12  _printf_oct_int_ll.o(.text)
    _printf_longlong_hex                     0x08000819   Thumb Code    86  _printf_hex_int_ll_ptr.o(.text)
    _printf_int_hex                          0x0800086f   Thumb Code    28  _printf_hex_int_ll_ptr.o(.text)
    _printf_ll_hex                           0x0800088b   Thumb Code    12  _printf_hex_int_ll_ptr.o(.text)
    _printf_hex_ptr                          0x08000897   Thumb Code    18  _printf_hex_int_ll_ptr.o(.text)
    __printf                                 0x080008ad   Thumb Code   388  __printf_flags_ss_wp.o(.text)
    strtol                                   0x08000a35   Thumb Code   112  strtol.o(.text)
    __aeabi_memcpy4                          0x08000aa5   Thumb Code     0  rt_memcpy_w.o(.text)
    __aeabi_memcpy8                          0x08000aa5   Thumb Code     0  rt_memcpy_w.o(.text)
    __rt_memcpy_w                            0x08000aa5   Thumb Code   100  rt_memcpy_w.o(.text)
    _memcpy_lastbytes_aligned                0x08000aed   Thumb Code     0  rt_memcpy_w.o(.text)
    __user_libspace                          0x08000b09   Thumb Code     8  libspace.o(.text)
    __user_perproc_libspace                  0x08000b09   Thumb Code     0  libspace.o(.text)
    __rt_ctype_table                         0x08000b11   Thumb Code    16  rt_ctype_table.o(.text)
    _ll_udiv10                               0x08000b21   Thumb Code   138  lludiv10.o(.text)
    _printf_int_common                       0x08000bab   Thumb Code   178  _printf_intcommon.o(.text)
    _printf_fp_dec_real                      0x08000e0d   Thumb Code   620  _printf_fp_dec.o(.text)
    _printf_fp_hex_real                      0x08001079   Thumb Code   756  _printf_fp_hex.o(.text)
    _printf_cs_common                        0x08001375   Thumb Code    20  _printf_char.o(.text)
    _printf_char                             0x08001389   Thumb Code    16  _printf_char.o(.text)
    _printf_string                           0x08001399   Thumb Code     8  _printf_char.o(.text)
    _printf_lcs_common                       0x080013a1   Thumb Code    20  _printf_wchar.o(.text)
    _printf_wchar                            0x080013b5   Thumb Code    16  _printf_wchar.o(.text)
    _printf_wstring                          0x080013c5   Thumb Code     8  _printf_wchar.o(.text)
    _strtoul                                 0x080013cd   Thumb Code   158  _strtoul.o(.text)
    _c16rtomb                                0x0800146b   Thumb Code    72  _c16rtomb.o(.text)
    _wcrtomb                                 0x0800146b   Thumb Code     0  _c16rtomb.o(.text)
    __user_setup_stackheap                   0x080014b3   Thumb Code    74  sys_stackheap_outer.o(.text)
    __rt_locale                              0x080014fd   Thumb Code    10  rt_locale_twolibspace.o(.text)
    _printf_fp_infnan                        0x08001509   Thumb Code   112  _printf_fp_infnan.o(.text)
    _chval                                   0x08001589   Thumb Code    28  _chval.o(.text)
    _btod_etento                             0x080015a5   Thumb Code   224  bigflt0.o(.text)
    exit                                     0x08001689   Thumb Code    18  exit.o(.text)
    _sys_exit                                0x0800169d   Thumb Code     8  sys_exit.o(.text)
    __I$use$semihosting                      0x080016a9   Thumb Code     0  use_no_semi.o(.text)
    __use_no_semihosting_swi                 0x080016a9   Thumb Code     2  use_no_semi.o(.text)
    __semihosting_library_function           0x080016ab   Thumb Code     0  indicate_semi.o(.text)
    CLI_Change_Floor_Number                  0x080016ad   Thumb Code   114  cli.o(.text.CLI_Change_Floor_Number)
    CLI_Receive                              0x08001721   Thumb Code   582  cli.o(.text.CLI_Receive)
    CLI_Transmit                             0x08001969   Thumb Code    52  cli.o(.text.CLI_Transmit)
    EXTI15_10_IRQHandler                     0x0800199d   Thumb Code    68  cli.o(.text.EXTI15_10_IRQHandler)
    Maintenance_Mode                         0x080019e1   Thumb Code   140  cli.o(.text.Maintenance_Mode)
    PendSV_Handler                           0x08001a71   Thumb Code    68  port.o(.text.PendSV_Handler)
    SVC_Handler                              0x08001ac1   Thumb Code    36  port.o(.text.SVC_Handler)
    SysTick_Handler                          0x08001c11   Thumb Code    30  cmsis_os2.o(.text.SysTick_Handler)
    SystemInit                               0x08001c31   Thumb Code   102  system_stm32f10x.o(.text.SystemInit)
    USART2_IRQHandler                        0x08001c99   Thumb Code    80  usart.o(.text.USART2_IRQHandler)
    __user_perthread_libspace                0x08001d5d   Thumb Code   186  clib_arm.o(.text.__user_perthread_libspace)
    _mutex_acquire                           0x08001e19   Thumb Code    40  clib_arm.o(.text._mutex_acquire)
    _mutex_free                              0x08001e41   Thumb Code    84  clib_arm.o(.text._mutex_free)
    _mutex_initialize                        0x08001e95   Thumb Code   168  clib_arm.o(.text._mutex_initialize)
    _mutex_release                           0x08001f3d   Thumb Code    42  clib_arm.o(.text._mutex_release)
    _platform_post_stackheap_init            0x08001f69   Thumb Code     2  clib_arm.o(.text._platform_post_stackheap_init)
    main                                     0x08001f8d   Thumb Code   214  main.o(.text.main)
    pvPortMalloc                             0x08002e41   Thumb Code   390  heap_4.o(.text.pvPortMalloc)
    pvTaskIncrementMutexHeldCount            0x08002fc9   Thumb Code    44  tasks.o(.text.pvTaskIncrementMutexHeldCount)
    pxPortInitialiseStack                    0x08002ff5   Thumb Code    80  port.o(.text.pxPortInitialiseStack)
    sendbyte                                 0x08003045   Thumb Code   224  usart.o(.text.sendbyte)
    serial_open                              0x08003125   Thumb Code   300  usart.o(.text.serial_open)
    uxListRemove                             0x08003251   Thumb Code    72  list.o(.text.uxListRemove)
    uxQueueMessagesWaiting                   0x08003299   Thumb Code    26  queue.o(.text.uxQueueMessagesWaiting)
    uxTaskGetNumberOfTasks                   0x080032b5   Thumb Code    12  tasks.o(.text.uxTaskGetNumberOfTasks)
    vApplicationGetIdleTaskMemory            0x080032c1   Thumb Code    42  cmsis_os2.o(.text.vApplicationGetIdleTaskMemory)
    vApplicationGetTimerTaskMemory           0x080032ed   Thumb Code    42  cmsis_os2.o(.text.vApplicationGetTimerTaskMemory)
    vApplicationStackOverflowHook            0x08003319   Thumb Code    10  cmsis_os2.o(.text.vApplicationStackOverflowHook)
    vListInitialise                          0x080035e5   Thumb Code    46  list.o(.text.vListInitialise)
    vListInitialiseItem                      0x08003615   Thumb Code    14  list.o(.text.vListInitialiseItem)
    vListInsert                              0x08003625   Thumb Code   106  list.o(.text.vListInsert)
    vPortEnterCritical                       0x08003691   Thumb Code    48  port.o(.text.vPortEnterCritical)
    vPortExitCritical                        0x080036c1   Thumb Code    38  port.o(.text.vPortExitCritical)
    vPortFree                                0x080036e9   Thumb Code   118  heap_4.o(.text.vPortFree)
    vPortSetupTimerInterrupt                 0x08003761   Thumb Code    68  port.o(.text.vPortSetupTimerInterrupt)
    vQueueDelete                             0x080037a5   Thumb Code    34  queue.o(.text.vQueueDelete)
    vQueueWaitForMessageRestricted           0x080037c9   Thumb Code   100  queue.o(.text.vQueueWaitForMessageRestricted)
    vTaskDelay                               0x0800382d   Thumb Code    74  tasks.o(.text.vTaskDelay)
    vTaskInternalSetTimeOutState             0x08003879   Thumb Code    36  tasks.o(.text.vTaskInternalSetTimeOutState)
    vTaskMissedYield                         0x0800389d   Thumb Code    14  tasks.o(.text.vTaskMissedYield)
    vTaskPlaceOnEventList                    0x080038ad   Thumb Code    38  tasks.o(.text.vTaskPlaceOnEventList)
    vTaskPlaceOnEventListRestricted          0x080038d5   Thumb Code    96  tasks.o(.text.vTaskPlaceOnEventListRestricted)
    vTaskPriorityDisinheritAfterTimeout      0x08003935   Thumb Code   300  tasks.o(.text.vTaskPriorityDisinheritAfterTimeout)
    vTaskStartScheduler                      0x08003a61   Thumb Code   196  tasks.o(.text.vTaskStartScheduler)
    vTaskSuspendAll                          0x08003b25   Thumb Code    16  tasks.o(.text.vTaskSuspendAll)
    vTaskSwitchContext                       0x08003b35   Thumb Code   260  tasks.o(.text.vTaskSwitchContext)
    xPortStartScheduler                      0x08003c39   Thumb Code    64  port.o(.text.xPortStartScheduler)
    xPortSysTickHandler                      0x08003c79   Thumb Code    60  port.o(.text.xPortSysTickHandler)
    xQueueCreateMutex                        0x08003cb5   Thumb Code    38  queue.o(.text.xQueueCreateMutex)
    xQueueCreateMutexStatic                  0x08003cdd   Thumb Code    50  queue.o(.text.xQueueCreateMutexStatic)
    xQueueGenericCreate                      0x08003d11   Thumb Code   134  queue.o(.text.xQueueGenericCreate)
    xQueueGenericCreateStatic                0x08003d99   Thumb Code   108  queue.o(.text.xQueueGenericCreateStatic)
    xQueueGenericReset                       0x08003e05   Thumb Code   208  queue.o(.text.xQueueGenericReset)
    xQueueGenericSend                        0x08003ed5   Thumb Code   362  queue.o(.text.xQueueGenericSend)
    xQueueGenericSendFromISR                 0x08004041   Thumb Code   210  queue.o(.text.xQueueGenericSendFromISR)
    xQueueReceive                            0x08004115   Thumb Code   338  queue.o(.text.xQueueReceive)
    xQueueSemaphoreTake                      0x08004269   Thumb Code   414  queue.o(.text.xQueueSemaphoreTake)
    xTaskCheckForTimeOut                     0x08004409   Thumb Code   154  tasks.o(.text.xTaskCheckForTimeOut)
    xTaskCreate                              0x080044a5   Thumb Code   166  tasks.o(.text.xTaskCreate)
    xTaskCreateStatic                        0x0800454d   Thumb Code   122  tasks.o(.text.xTaskCreateStatic)
    xTaskGetCurrentTaskHandle                0x080045c9   Thumb Code    20  tasks.o(.text.xTaskGetCurrentTaskHandle)
    xTaskGetSchedulerState                   0x080045dd   Thumb Code    56  tasks.o(.text.xTaskGetSchedulerState)
    xTaskGetTickCount                        0x08004615   Thumb Code    20  tasks.o(.text.xTaskGetTickCount)
    xTaskIncrementTick                       0x08004629   Thumb Code   582  tasks.o(.text.xTaskIncrementTick)
    xTaskPriorityDisinherit                  0x08004871   Thumb Code   230  tasks.o(.text.xTaskPriorityDisinherit)
    xTaskPriorityInherit                     0x08004959   Thumb Code   334  tasks.o(.text.xTaskPriorityInherit)
    xTaskRemoveFromEventList                 0x08004aa9   Thumb Code   380  tasks.o(.text.xTaskRemoveFromEventList)
    xTaskResumeAll                           0x08004c25   Thumb Code   522  tasks.o(.text.xTaskResumeAll)
    xTimerCreateTimerTask                    0x08004e31   Thumb Code   120  timers.o(.text.xTimerCreateTimerTask)
    _btod_d2e                                0x08004ea9   Thumb Code    62  btod.o(CL$$btod_d2e)
    _d2e_denorm_low                          0x08004ee7   Thumb Code    70  btod.o(CL$$btod_d2e_denorm_low)
    _d2e_norm_op1                            0x08004f2d   Thumb Code    96  btod.o(CL$$btod_d2e_norm_op1)
    __btod_div_common                        0x08004f8d   Thumb Code   696  btod.o(CL$$btod_div_common)
    _e2e                                     0x080052c5   Thumb Code   220  btod.o(CL$$btod_e2e)
    _btod_ediv                               0x080053a1   Thumb Code    42  btod.o(CL$$btod_ediv)
    _btod_emul                               0x080053cb   Thumb Code    42  btod.o(CL$$btod_emul)
    __btod_mult_common                       0x080053f5   Thumb Code   580  btod.o(CL$$btod_mult_common)
    __ARM_fpclassify                         0x08005639   Thumb Code    40  fpclassify.o(i.__ARM_fpclassify)
    _is_digit                                0x08005661   Thumb Code    14  __printf_wp.o(i._is_digit)
    _get_lc_ctype                            0x08005671   Thumb Code    44  lc_ctype_c.o(locale$$code)
    _get_lc_numeric                          0x0800569d   Thumb Code    44  lc_numeric_c.o(locale$$code)
    _printf_fp_dec                           0x080056c9   Thumb Code     4  printf1.o(x$fpl$printf1)
    _printf_fp_hex                           0x080056cd   Thumb Code     4  printf2.o(x$fpl$printf2)
    __I$use$fp                               0x080056d0   Number         0  usenofp.o(x$fpl$usenofp)
    uxTopUsedPriority                        0x08005964   Data           4  tasks.o(.rodata.uxTopUsedPriority)
    Region$$Table$$Base                      0x08005968   Number         0  anon$$obj.o(Region$$Table)
    Region$$Table$$Limit                     0x08005988   Number         0  anon$$obj.o(Region$$Table)
    __ctype                                  0x08005995   Data           0  lc_ctype_c.o(locale$$data)
    SystemCoreClock                          0x20000000   Data           4  system_stm32f10x.o(.data.SystemCoreClock)
    __libspace_start                         0x20000010   Data          96  libspace.o(.bss)
    CLIQueue                                 0x20000070   Data           4  usart.o(.bss.CLIQueue)
    __temporary_stack_top$libspace           0x20000070   Data           0  libspace.o(.bss)
    EmergencyStopQueue                       0x20000078   Data           4  cli.o(.bss.EmergencyStopQueue)
    arrivedQueue                             0x2000007c   Data           4  cli.o(.bss.arrivedQueue)
    directionQueue                           0x20000224   Data           4  cli.o(.bss.directionQueue)
    floorQueue                               0x20000228   Data           4  cli.o(.bss.floorQueue)
    floorSemaphore                           0x2000022c   Data           4  cli.o(.bss.floorSemaphore)
    pxCurrentTCB                             0x200004d0   Data           4  tasks.o(.bss.pxCurrentTCB)



==============================================================================

Memory Map of the image

  Image Entry point : 0x0800023d

  Load Region LR_1 (Base: 0x08000000, Size: 0x00005ac0, Max: 0xffffffff, ABSOLUTE)

    Execution Region ER_RO (Exec base: 0x08000000, Load base: 0x08000000, Size: 0x00005ab4, Max: 0xffffffff, ABSOLUTE)

    Exec Addr    Load Addr    Size         Type   Attr      Idx    E Section Name        Object

    0x08000000   0x08000000   0x000000ec   Data   RO          300    RESET               startup_stm32f10x_md.o
    0x080000ec   0x080000ec   0x00000008   Code   RO          829  * !!!main             c_w.l(__main.o)
    0x080000f4   0x080000f4   0x00000034   Code   RO         1179    !!!scatter          c_w.l(__scatter.o)
    0x08000128   0x08000128   0x0000001a   Code   RO         1181    !!handler_copy      c_w.l(__scatter_copy.o)
    0x08000142   0x08000142   0x00000002   PAD
    0x08000144   0x08000144   0x0000001c   Code   RO         1183    !!handler_zi        c_w.l(__scatter_zi.o)
    0x08000160   0x08000160   0x00000000   Code   RO          920    .ARM.Collect$$_printf_percent$$00000000  c_w.l(_printf_percent.o)
    0x08000160   0x08000160   0x00000006   Code   RO          909    .ARM.Collect$$_printf_percent$$00000001  c_w.l(_printf_n.o)
    0x08000166   0x08000166   0x00000006   Code   RO          911    .ARM.Collect$$_printf_percent$$00000002  c_w.l(_printf_p.o)
    0x0800016c   0x0800016c   0x00000006   Code   RO          916    .ARM.Collect$$_printf_percent$$00000003  c_w.l(_printf_f.o)
    0x08000172   0x08000172   0x00000006   Code   RO          917    .ARM.Collect$$_printf_percent$$00000004  c_w.l(_printf_e.o)
    0x08000178   0x08000178   0x00000006   Code   RO          918    .ARM.Collect$$_printf_percent$$00000005  c_w.l(_printf_g.o)
    0x0800017e   0x0800017e   0x00000006   Code   RO          919    .ARM.Collect$$_printf_percent$$00000006  c_w.l(_printf_a.o)
    0x08000184   0x08000184   0x0000000a   Code   RO          924    .ARM.Collect$$_printf_percent$$00000007  c_w.l(_printf_ll.o)
    0x0800018e   0x0800018e   0x00000006   Code   RO          913    .ARM.Collect$$_printf_percent$$00000008  c_w.l(_printf_i.o)
    0x08000194   0x08000194   0x00000006   Code   RO          914    .ARM.Collect$$_printf_percent$$00000009  c_w.l(_printf_d.o)
    0x0800019a   0x0800019a   0x00000006   Code   RO          915    .ARM.Collect$$_printf_percent$$0000000A  c_w.l(_printf_u.o)
    0x080001a0   0x080001a0   0x00000006   Code   RO          912    .ARM.Collect$$_printf_percent$$0000000B  c_w.l(_printf_o.o)
    0x080001a6   0x080001a6   0x00000006   Code   RO          910    .ARM.Collect$$_printf_percent$$0000000C  c_w.l(_printf_x.o)
    0x080001ac   0x080001ac   0x00000006   Code   RO          921    .ARM.Collect$$_printf_percent$$0000000D  c_w.l(_printf_lli.o)
    0x080001b2   0x080001b2   0x00000006   Code   RO          922    .ARM.Collect$$_printf_percent$$0000000E  c_w.l(_printf_lld.o)
    0x080001b8   0x080001b8   0x00000006   Code   RO          923    .ARM.Collect$$_printf_percent$$0000000F  c_w.l(_printf_llu.o)
    0x080001be   0x080001be   0x00000006   Code   RO          928    .ARM.Collect$$_printf_percent$$00000010  c_w.l(_printf_llo.o)
    0x080001c4   0x080001c4   0x00000006   Code   RO          929    .ARM.Collect$$_printf_percent$$00000011  c_w.l(_printf_llx.o)
    0x080001ca   0x080001ca   0x0000000a   Code   RO          925    .ARM.Collect$$_printf_percent$$00000012  c_w.l(_printf_l.o)
    0x080001d4   0x080001d4   0x00000006   Code   RO          907    .ARM.Collect$$_printf_percent$$00000013  c_w.l(_printf_c.o)
    0x080001da   0x080001da   0x00000006   Code   RO          908    .ARM.Collect$$_printf_percent$$00000014  c_w.l(_printf_s.o)
    0x080001e0   0x080001e0   0x00000006   Code   RO          926    .ARM.Collect$$_printf_percent$$00000015  c_w.l(_printf_lc.o)
    0x080001e6   0x080001e6   0x00000006   Code   RO          927    .ARM.Collect$$_printf_percent$$00000016  c_w.l(_printf_ls.o)
    0x080001ec   0x080001ec   0x00000004   Code   RO          979    .ARM.Collect$$_printf_percent$$00000017  c_w.l(_printf_percent_end.o)
    0x080001f0   0x080001f0   0x00000002   Code   RO         1035    .ARM.Collect$$libinit$$00000000  c_w.l(libinit.o)
    0x080001f2   0x080001f2   0x00000000   Code   RO         1046    .ARM.Collect$$libinit$$00000002  c_w.l(libinit2.o)
    0x080001f2   0x080001f2   0x00000000   Code   RO         1048    .ARM.Collect$$libinit$$00000004  c_w.l(libinit2.o)
    0x080001f2   0x080001f2   0x00000000   Code   RO         1050    .ARM.Collect$$libinit$$00000006  c_w.l(libinit2.o)
    0x080001f2   0x080001f2   0x00000000   Code   RO         1053    .ARM.Collect$$libinit$$0000000C  c_w.l(libinit2.o)
    0x080001f2   0x080001f2   0x00000000   Code   RO         1055    .ARM.Collect$$libinit$$0000000E  c_w.l(libinit2.o)
    0x080001f2   0x080001f2   0x00000000   Code   RO         1057    .ARM.Collect$$libinit$$00000010  c_w.l(libinit2.o)
    0x080001f2   0x080001f2   0x00000006   Code   RO         1058    .ARM.Collect$$libinit$$00000011  c_w.l(libinit2.o)
    0x080001f8   0x080001f8   0x00000000   Code   RO         1060    .ARM.Collect$$libinit$$00000013  c_w.l(libinit2.o)
    0x080001f8   0x080001f8   0x0000000c   Code   RO         1061    .ARM.Collect$$libinit$$00000014  c_w.l(libinit2.o)
    0x08000204   0x08000204   0x00000000   Code   RO         1062    .ARM.Collect$$libinit$$00000015  c_w.l(libinit2.o)
    0x08000204   0x08000204   0x00000000   Code   RO         1064    .ARM.Collect$$libinit$$00000017  c_w.l(libinit2.o)
    0x08000204   0x08000204   0x0000000a   Code   RO         1065    .ARM.Collect$$libinit$$00000018  c_w.l(libinit2.o)
    0x0800020e   0x0800020e   0x00000000   Code   RO         1066    .ARM.Collect$$libinit$$00000019  c_w.l(libinit2.o)
    0x0800020e   0x0800020e   0x00000000   Code   RO         1068    .ARM.Collect$$libinit$$0000001B  c_w.l(libinit2.o)
    0x0800020e   0x0800020e   0x00000000   Code   RO         1070    .ARM.Collect$$libinit$$0000001D  c_w.l(libinit2.o)
    0x0800020e   0x0800020e   0x00000000   Code   RO         1072    .ARM.Collect$$libinit$$0000001F  c_w.l(libinit2.o)
    0x0800020e   0x0800020e   0x00000000   Code   RO         1074    .ARM.Collect$$libinit$$00000021  c_w.l(libinit2.o)
    0x0800020e   0x0800020e   0x00000000   Code   RO         1076    .ARM.Collect$$libinit$$00000023  c_w.l(libinit2.o)
    0x0800020e   0x0800020e   0x00000000   Code   RO         1078    .ARM.Collect$$libinit$$00000025  c_w.l(libinit2.o)
    0x0800020e   0x0800020e   0x00000000   Code   RO         1080    .ARM.Collect$$libinit$$00000027  c_w.l(libinit2.o)
    0x0800020e   0x0800020e   0x00000000   Code   RO         1084    .ARM.Collect$$libinit$$0000002E  c_w.l(libinit2.o)
    0x0800020e   0x0800020e   0x00000000   Code   RO         1086    .ARM.Collect$$libinit$$00000030  c_w.l(libinit2.o)
    0x0800020e   0x0800020e   0x00000000   Code   RO         1088    .ARM.Collect$$libinit$$00000032  c_w.l(libinit2.o)
    0x0800020e   0x0800020e   0x00000000   Code   RO         1090    .ARM.Collect$$libinit$$00000034  c_w.l(libinit2.o)
    0x0800020e   0x0800020e   0x00000002   Code   RO         1091    .ARM.Collect$$libinit$$00000035  c_w.l(libinit2.o)
    0x08000210   0x08000210   0x00000002   Code   RO         1115    .ARM.Collect$$libshutdown$$00000000  c_w.l(libshutdown.o)
    0x08000212   0x08000212   0x00000000   Code   RO         1130    .ARM.Collect$$libshutdown$$00000002  c_w.l(libshutdown2.o)
    0x08000212   0x08000212   0x00000000   Code   RO         1132    .ARM.Collect$$libshutdown$$00000004  c_w.l(libshutdown2.o)
    0x08000212   0x08000212   0x00000000   Code   RO         1135    .ARM.Collect$$libshutdown$$00000007  c_w.l(libshutdown2.o)
    0x08000212   0x08000212   0x00000000   Code   RO         1138    .ARM.Collect$$libshutdown$$0000000A  c_w.l(libshutdown2.o)
    0x08000212   0x08000212   0x00000000   Code   RO         1140    .ARM.Collect$$libshutdown$$0000000C  c_w.l(libshutdown2.o)
    0x08000212   0x08000212   0x00000000   Code   RO         1143    .ARM.Collect$$libshutdown$$0000000F  c_w.l(libshutdown2.o)
    0x08000212   0x08000212   0x00000002   Code   RO         1144    .ARM.Collect$$libshutdown$$00000010  c_w.l(libshutdown2.o)
    0x08000214   0x08000214   0x00000000   Code   RO          831    .ARM.Collect$$rtentry$$00000000  c_w.l(__rtentry.o)
    0x08000214   0x08000214   0x00000000   Code   RO          946    .ARM.Collect$$rtentry$$00000002  c_w.l(__rtentry2.o)
    0x08000214   0x08000214   0x00000006   Code   RO          958    .ARM.Collect$$rtentry$$00000004  c_w.l(__rtentry4.o)
    0x0800021a   0x0800021a   0x00000008   Code   RO          947    .ARM.Collect$$rtentry$$00000008  c_w.l(__rtentry2.o)
    0x08000222   0x08000222   0x00000004   Code   RO          949    .ARM.Collect$$rtentry$$0000000A  c_w.l(__rtentry2.o)
    0x08000226   0x08000226   0x00000000   Code   RO          951    .ARM.Collect$$rtentry$$0000000C  c_w.l(__rtentry2.o)
    0x08000226   0x08000226   0x00000008   Code   RO          952    .ARM.Collect$$rtentry$$0000000D  c_w.l(__rtentry2.o)
    0x0800022e   0x0800022e   0x00000002   Code   RO         1041    .ARM.Collect$$rtexit$$00000000  c_w.l(rtexit.o)
    0x08000230   0x08000230   0x00000000   Code   RO         1093    .ARM.Collect$$rtexit$$00000002  c_w.l(rtexit2.o)
    0x08000230   0x08000230   0x00000004   Code   RO         1094    .ARM.Collect$$rtexit$$00000003  c_w.l(rtexit2.o)
    0x08000234   0x08000234   0x00000006   Code   RO         1095    .ARM.Collect$$rtexit$$00000004  c_w.l(rtexit2.o)
    0x0800023a   0x0800023a   0x00000002   PAD
    0x0800023c   0x0800023c   0x00000040   Code   RO          301  * .text               startup_stm32f10x_md.o
    0x0800027c   0x0800027c   0x00000040   Code   RO          811    .text               c_w.l(snprintf.o)
    0x080002bc   0x080002bc   0x0000001a   Code   RO          813    .text               c_w.l(atoi.o)
    0x080002d6   0x080002d6   0x0000003e   Code   RO          815    .text               c_w.l(strlen.o)
    0x08000314   0x08000314   0x0000008a   Code   RO          817    .text               c_w.l(rt_memcpy_v6.o)
    0x0800039e   0x0800039e   0x00000010   Code   RO          819    .text               c_w.l(aeabi_memset4.o)
    0x080003ae   0x080003ae   0x00000044   Code   RO          821    .text               c_w.l(rt_memclr.o)
    0x080003f2   0x080003f2   0x0000004e   Code   RO          823    .text               c_w.l(rt_memclr_w.o)
    0x08000440   0x08000440   0x00000080   Code   RO          825    .text               c_w.l(strcmpv7m.o)
    0x080004c0   0x080004c0   0x00000006   Code   RO          827    .text               c_w.l(heapauxi.o)
    0x080004c6   0x080004c6   0x00000004   Code   RO          837    .text               c_w.l(rt_errno_addr_twolibspace.o)
    0x080004ca   0x080004ca   0x0000004e   Code   RO          841    .text               c_w.l(_printf_pad.o)
    0x08000518   0x08000518   0x00000024   Code   RO          843    .text               c_w.l(_printf_truncate.o)
    0x0800053c   0x0800053c   0x00000052   Code   RO          845    .text               c_w.l(_printf_str.o)
    0x0800058e   0x0800058e   0x00000002   PAD
    0x08000590   0x08000590   0x00000078   Code   RO          847    .text               c_w.l(_printf_dec.o)
    0x08000608   0x08000608   0x00000028   Code   RO          849    .text               c_w.l(_printf_charcount.o)
    0x08000630   0x08000630   0x00000030   Code   RO          851    .text               c_w.l(_printf_char_common.o)
    0x08000660   0x08000660   0x00000010   Code   RO          853    .text               c_w.l(_snputc.o)
    0x08000670   0x08000670   0x000000bc   Code   RO          855    .text               c_w.l(_printf_wctomb.o)
    0x0800072c   0x0800072c   0x0000007c   Code   RO          858    .text               c_w.l(_printf_longlong_dec.o)
    0x080007a8   0x080007a8   0x00000070   Code   RO          864    .text               c_w.l(_printf_oct_int_ll.o)
    0x08000818   0x08000818   0x00000094   Code   RO          884    .text               c_w.l(_printf_hex_int_ll_ptr.o)
    0x080008ac   0x080008ac   0x00000188   Code   RO          904    .text               c_w.l(__printf_flags_ss_wp.o)
    0x08000a34   0x08000a34   0x00000070   Code   RO          930    .text               c_w.l(strtol.o)
    0x08000aa4   0x08000aa4   0x00000064   Code   RO          932    .text               c_w.l(rt_memcpy_w.o)
    0x08000b08   0x08000b08   0x00000008   Code   RO          942    .text               c_w.l(libspace.o)
    0x08000b10   0x08000b10   0x00000010   Code   RO          960    .text               c_w.l(rt_ctype_table.o)
    0x08000b20   0x08000b20   0x0000008a   Code   RO          962    .text               c_w.l(lludiv10.o)
    0x08000baa   0x08000baa   0x000000b2   Code   RO          964    .text               c_w.l(_printf_intcommon.o)
    0x08000c5c   0x08000c5c   0x0000041c   Code   RO          966    .text               c_w.l(_printf_fp_dec.o)
    0x08001078   0x08001078   0x000002fc   Code   RO          970    .text               c_w.l(_printf_fp_hex.o)
    0x08001374   0x08001374   0x0000002c   Code   RO          975    .text               c_w.l(_printf_char.o)
    0x080013a0   0x080013a0   0x0000002c   Code   RO          977    .text               c_w.l(_printf_wchar.o)
    0x080013cc   0x080013cc   0x0000009e   Code   RO          980    .text               c_w.l(_strtoul.o)
    0x0800146a   0x0800146a   0x00000048   Code   RO          982    .text               c_w.l(_c16rtomb.o)
    0x080014b2   0x080014b2   0x0000004a   Code   RO          984    .text               c_w.l(sys_stackheap_outer.o)
    0x080014fc   0x080014fc   0x0000000a   Code   RO          991    .text               c_w.l(rt_locale_twolibspace.o)
    0x08001506   0x08001506   0x00000002   PAD
    0x08001508   0x08001508   0x00000080   Code   RO          993    .text               c_w.l(_printf_fp_infnan.o)
    0x08001588   0x08001588   0x0000001c   Code   RO          995    .text               c_w.l(_chval.o)
    0x080015a4   0x080015a4   0x000000e4   Code   RO          997    .text               c_w.l(bigflt0.o)
    0x08001688   0x08001688   0x00000012   Code   RO         1030    .text               c_w.l(exit.o)
    0x0800169a   0x0800169a   0x00000002   PAD
    0x0800169c   0x0800169c   0x0000000c   Code   RO         1105    .text               c_w.l(sys_exit.o)
    0x080016a8   0x080016a8   0x00000002   Code   RO         1120    .text               c_w.l(use_no_semi.o)
    0x080016aa   0x080016aa   0x00000000   Code   RO         1122    .text               c_w.l(indicate_semi.o)
    0x080016aa   0x080016aa   0x00000002   PAD
    0x080016ac   0x080016ac   0x00000072   Code   RO            6    .text.CLI_Change_Floor_Number  cli.o
    0x0800171e   0x0800171e   0x00000002   PAD
    0x08001720   0x08001720   0x00000246   Code   RO            4    .text.CLI_Receive   cli.o
    0x08001966   0x08001966   0x00000002   PAD
    0x08001968   0x08001968   0x00000034   Code   RO            2    .text.CLI_Transmit  cli.o
    0x0800199c   0x0800199c   0x00000044   Code   RO           10    .text.EXTI15_10_IRQHandler  cli.o
    0x080019e0   0x080019e0   0x0000008c   Code   RO            8    .text.Maintenance_Mode  cli.o
    0x08001a6c   0x08001a6c   0x00000004   PAD
    0x08001a70   0x08001a70   0x00000044   Code   RO          399    .text.PendSV_Handler  port.o
    0x08001ab4   0x08001ab4   0x0000000c   PAD
    0x08001ac0   0x08001ac0   0x00000024   Code   RO          385    .text.SVC_Handler   port.o
    0x08001ae4   0x08001ae4   0x00000008   Code   RO          310    .text.SetSysClock   system_stm32f10x.o
    0x08001aec   0x08001aec   0x00000122   Code   RO          314    .text.SetSysClockTo72  system_stm32f10x.o
    0x08001c0e   0x08001c0e   0x00000002   PAD
    0x08001c10   0x08001c10   0x0000001e   Code   RO           94    .text.SysTick_Handler  cmsis_os2.o
    0x08001c2e   0x08001c2e   0x00000002   PAD
    0x08001c30   0x08001c30   0x00000066   Code   RO          308    .text.SystemInit    system_stm32f10x.o
    0x08001c96   0x08001c96   0x00000002   PAD
    0x08001c98   0x08001c98   0x00000050   Code   RO           56    .text.USART2_IRQHandler  usart.o
    0x08001ce8   0x08001ce8   0x00000030   Code   RO           48    .text.__NVIC_EnableIRQ  usart.o
    0x08001d18   0x08001d18   0x00000042   Code   RO           50    .text.__NVIC_SetPriority  usart.o
    0x08001d5a   0x08001d5a   0x00000002   PAD
    0x08001d5c   0x08001d5c   0x000000ba   Code   RO           69    .text.__user_perthread_libspace  clib_arm.o
    0x08001e16   0x08001e16   0x00000002   PAD
    0x08001e18   0x08001e18   0x00000028   Code   RO           75    .text._mutex_acquire  clib_arm.o
    0x08001e40   0x08001e40   0x00000054   Code   RO           81    .text._mutex_free   clib_arm.o
    0x08001e94   0x08001e94   0x000000a8   Code   RO           73    .text._mutex_initialize  clib_arm.o
    0x08001f3c   0x08001f3c   0x0000002a   Code   RO           79    .text._mutex_release  clib_arm.o
    0x08001f66   0x08001f66   0x00000002   PAD
    0x08001f68   0x08001f68   0x00000002   Code   RO           67    .text._platform_post_stackheap_init  clib_arm.o
    0x08001f6a   0x08001f6a   0x00000002   PAD
    0x08001f6c   0x08001f6c   0x00000020   Code   RO           77    .text.is_thread_mode  clib_arm.o
    0x08001f8c   0x08001f8c   0x000000d6   Code   RO           30    .text.main          main.o
    0x08002062   0x08002062   0x00000002   PAD
    0x08002064   0x08002064   0x00000020   Code   RO           71    .text.os_kernel_is_active  clib_arm.o
    0x08002084   0x08002084   0x000000fa   Code   RO          599    .text.prvAddCurrentTaskToDelayedList  tasks.o
    0x0800217e   0x0800217e   0x00000002   PAD
    0x08002180   0x08002180   0x00000160   Code   RO          585    .text.prvAddNewTaskToReadyList  tasks.o
    0x080022e0   0x080022e0   0x0000007e   Code   RO          737    .text.prvCheckForValidListAndQueue  timers.o
    0x0800235e   0x0800235e   0x00000002   PAD
    0x08002360   0x08002360   0x0000005a   Code   RO          703    .text.prvCheckTasksWaitingTermination  tasks.o
    0x080023ba   0x080023ba   0x00000002   PAD
    0x080023bc   0x080023bc   0x00000042   Code   RO          485    .text.prvCopyDataFromQueue  queue.o
    0x080023fe   0x080023fe   0x00000002   PAD
    0x08002400   0x08002400   0x000000cc   Code   RO          473    .text.prvCopyDataToQueue  queue.o
    0x080024cc   0x080024cc   0x0000003c   Code   RO          593    .text.prvDeleteTCB  tasks.o
    0x08002508   0x08002508   0x00000026   Code   RO          489    .text.prvGetDisinheritPriorityAfterTimeout  queue.o
    0x0800252e   0x0800252e   0x00000002   PAD
    0x08002530   0x08002530   0x00000040   Code   RO          777    .text.prvGetNextExpireTime  timers.o
    0x08002570   0x08002570   0x000000ae   Code   RO          413    .text.prvHeapInit   heap_4.o
    0x0800261e   0x0800261e   0x00000002   PAD
    0x08002620   0x08002620   0x00000038   Code   RO          625    .text.prvIdleTask   tasks.o
    0x08002658   0x08002658   0x0000002c   Code   RO          453    .text.prvInitialiseMutex  queue.o
    0x08002684   0x08002684   0x00000048   Code   RO          447    .text.prvInitialiseNewQueue  queue.o
    0x080026cc   0x080026cc   0x000000e6   Code   RO          583    .text.prvInitialiseNewTask  tasks.o
    0x080027b2   0x080027b2   0x00000002   PAD
    0x080027b4   0x080027b4   0x0000008e   Code   RO          701    .text.prvInitialiseTaskLists  tasks.o
    0x08002842   0x08002842   0x00000002   PAD
    0x08002844   0x08002844   0x000000c6   Code   RO          415    .text.prvInsertBlockIntoFreeList  heap_4.o
    0x0800290a   0x0800290a   0x00000002   PAD
    0x0800290c   0x0800290c   0x00000086   Code   RO          791    .text.prvInsertTimerInActiveList  timers.o
    0x08002992   0x08002992   0x00000002   PAD
    0x08002994   0x08002994   0x00000028   Code   RO          487    .text.prvIsQueueEmpty  queue.o
    0x080029bc   0x080029bc   0x0000002e   Code   RO          475    .text.prvIsQueueFull  queue.o
    0x080029ea   0x080029ea   0x00000002   PAD
    0x080029ec   0x080029ec   0x00000020   Code   RO          391    .text.prvPortStartFirstTask  port.o
    0x08002a0c   0x08002a0c   0x00000054   Code   RO          785    .text.prvProcessExpiredTimer  timers.o
    0x08002a60   0x08002a60   0x00000144   Code   RO          781    .text.prvProcessReceivedCommands  timers.o
    0x08002ba4   0x08002ba4   0x0000009a   Code   RO          779    .text.prvProcessTimerOrBlockTask  timers.o
    0x08002c3e   0x08002c3e   0x00000002   PAD
    0x08002c40   0x08002c40   0x00000034   Code   RO          789    .text.prvReloadTimer  timers.o
    0x08002c74   0x08002c74   0x0000003c   Code   RO          591    .text.prvResetNextTaskUnblockTime  tasks.o
    0x08002cb0   0x08002cb0   0x00000044   Code   RO          783    .text.prvSampleTimeNow  timers.o
    0x08002cf4   0x08002cf4   0x00000052   Code   RO          787    .text.prvSwitchTimerLists  timers.o
    0x08002d46   0x08002d46   0x00000002   PAD
    0x08002d48   0x08002d48   0x00000026   Code   RO          383    .text.prvTaskExitError  port.o
    0x08002d6e   0x08002d6e   0x00000002   PAD
    0x08002d70   0x08002d70   0x0000001e   Code   RO          739    .text.prvTimerTask  timers.o
    0x08002d8e   0x08002d8e   0x00000002   PAD
    0x08002d90   0x08002d90   0x000000ae   Code   RO          477    .text.prvUnlockQueue  queue.o
    0x08002e3e   0x08002e3e   0x00000002   PAD
    0x08002e40   0x08002e40   0x00000186   Code   RO          411    .text.pvPortMalloc  heap_4.o
    0x08002fc6   0x08002fc6   0x00000002   PAD
    0x08002fc8   0x08002fc8   0x0000002c   Code   RO          685    .text.pvTaskIncrementMutexHeldCount  tasks.o
    0x08002ff4   0x08002ff4   0x00000050   Code   RO          381    .text.pxPortInitialiseStack  port.o
    0x08003044   0x08003044   0x000000e0   Code   RO           52    .text.sendbyte      usart.o
    0x08003124   0x08003124   0x0000012c   Code   RO           46    .text.serial_open   usart.o
    0x08003250   0x08003250   0x00000048   Code   RO          372    .text.uxListRemove  list.o
    0x08003298   0x08003298   0x0000001a   Code   RO          497    .text.uxQueueMessagesWaiting  queue.o
    0x080032b2   0x080032b2   0x00000002   PAD
    0x080032b4   0x080032b4   0x0000000c   Code   RO          635    .text.uxTaskGetNumberOfTasks  tasks.o
    0x080032c0   0x080032c0   0x0000002a   Code   RO          252    .text.vApplicationGetIdleTaskMemory  cmsis_os2.o
    0x080032ea   0x080032ea   0x00000002   PAD
    0x080032ec   0x080032ec   0x0000002a   Code   RO          254    .text.vApplicationGetTimerTaskMemory  cmsis_os2.o
    0x08003316   0x08003316   0x00000002   PAD
    0x08003318   0x08003318   0x0000000a   Code   RO          250    .text.vApplicationStackOverflowHook  cmsis_os2.o
    0x08003322   0x08003322   0x00000002   PAD
    0x08003324   0x08003324   0x000000bc   Code   RO           34    .text.vCLITask      main.o
    0x080033e0   0x080033e0   0x00000204   Code   RO           32    .text.vElevatorControlTask  main.o
    0x080035e4   0x080035e4   0x0000002e   Code   RO          364    .text.vListInitialise  list.o
    0x08003612   0x08003612   0x00000002   PAD
    0x08003614   0x08003614   0x0000000e   Code   RO          366    .text.vListInitialiseItem  list.o
    0x08003622   0x08003622   0x00000002   PAD
    0x08003624   0x08003624   0x0000006a   Code   RO          370    .text.vListInsert   list.o
    0x0800368e   0x0800368e   0x00000002   PAD
    0x08003690   0x08003690   0x00000030   Code   RO          395    .text.vPortEnterCritical  port.o
    0x080036c0   0x080036c0   0x00000026   Code   RO          397    .text.vPortExitCritical  port.o
    0x080036e6   0x080036e6   0x00000002   PAD
    0x080036e8   0x080036e8   0x00000076   Code   RO          417    .text.vPortFree     heap_4.o
    0x0800375e   0x0800375e   0x00000002   PAD
    0x08003760   0x08003760   0x00000044   Code   RO          389    .text.vPortSetupTimerInterrupt  port.o
    0x080037a4   0x080037a4   0x00000022   Code   RO          503    .text.vQueueDelete  queue.o
    0x080037c6   0x080037c6   0x00000002   PAD
    0x080037c8   0x080037c8   0x00000064   Code   RO          515    .text.vQueueWaitForMessageRestricted  queue.o
    0x0800382c   0x0800382c   0x0000004a   Code   RO          603    .text.vTaskDelay    tasks.o
    0x08003876   0x08003876   0x00000002   PAD
    0x08003878   0x08003878   0x00000024   Code   RO          657    .text.vTaskInternalSetTimeOutState  tasks.o
    0x0800389c   0x0800389c   0x0000000e   Code   RO          661    .text.vTaskMissedYield  tasks.o
    0x080038aa   0x080038aa   0x00000002   PAD
    0x080038ac   0x080038ac   0x00000026   Code   RO          645    .text.vTaskPlaceOnEventList  tasks.o
    0x080038d2   0x080038d2   0x00000002   PAD
    0x080038d4   0x080038d4   0x00000060   Code   RO          649    .text.vTaskPlaceOnEventListRestricted  tasks.o
    0x08003934   0x08003934   0x0000012c   Code   RO          681    .text.vTaskPriorityDisinheritAfterTimeout  tasks.o
    0x08003a60   0x08003a60   0x000000c4   Code   RO          623    .text.vTaskStartScheduler  tasks.o
    0x08003b24   0x08003b24   0x00000010   Code   RO          597    .text.vTaskSuspendAll  tasks.o
    0x08003b34   0x08003b34   0x00000104   Code   RO          615    .text.vTaskSwitchContext  tasks.o
    0x08003c38   0x08003c38   0x00000040   Code   RO          387    .text.xPortStartScheduler  port.o
    0x08003c78   0x08003c78   0x0000003c   Code   RO          401    .text.xPortSysTickHandler  port.o
    0x08003cb4   0x08003cb4   0x00000026   Code   RO          451    .text.xQueueCreateMutex  queue.o
    0x08003cda   0x08003cda   0x00000002   PAD
    0x08003cdc   0x08003cdc   0x00000032   Code   RO          455    .text.xQueueCreateMutexStatic  queue.o
    0x08003d0e   0x08003d0e   0x00000002   PAD
    0x08003d10   0x08003d10   0x00000086   Code   RO          449    .text.xQueueGenericCreate  queue.o
    0x08003d96   0x08003d96   0x00000002   PAD
    0x08003d98   0x08003d98   0x0000006c   Code   RO          445    .text.xQueueGenericCreateStatic  queue.o
    0x08003e04   0x08003e04   0x000000d0   Code   RO          443    .text.xQueueGenericReset  queue.o
    0x08003ed4   0x08003ed4   0x0000016a   Code   RO          463    .text.xQueueGenericSend  queue.o
    0x0800403e   0x0800403e   0x00000002   PAD
    0x08004040   0x08004040   0x000000d2   Code   RO          479    .text.xQueueGenericSendFromISR  queue.o
    0x08004112   0x08004112   0x00000002   PAD
    0x08004114   0x08004114   0x00000152   Code   RO          483    .text.xQueueReceive  queue.o
    0x08004266   0x08004266   0x00000002   PAD
    0x08004268   0x08004268   0x0000019e   Code   RO          467    .text.xQueueSemaphoreTake  queue.o
    0x08004406   0x08004406   0x00000002   PAD
    0x08004408   0x08004408   0x0000009a   Code   RO          659    .text.xTaskCheckForTimeOut  tasks.o
    0x080044a2   0x080044a2   0x00000002   PAD
    0x080044a4   0x080044a4   0x000000a6   Code   RO          587    .text.xTaskCreate   tasks.o
    0x0800454a   0x0800454a   0x00000002   PAD
    0x0800454c   0x0800454c   0x0000007a   Code   RO          581    .text.xTaskCreateStatic  tasks.o
    0x080045c6   0x080045c6   0x00000002   PAD
    0x080045c8   0x080045c8   0x00000014   Code   RO          673    .text.xTaskGetCurrentTaskHandle  tasks.o
    0x080045dc   0x080045dc   0x00000038   Code   RO          675    .text.xTaskGetSchedulerState  tasks.o
    0x08004614   0x08004614   0x00000014   Code   RO          631    .text.xTaskGetTickCount  tasks.o
    0x08004628   0x08004628   0x00000246   Code   RO          629    .text.xTaskIncrementTick  tasks.o
    0x0800486e   0x0800486e   0x00000002   PAD
    0x08004870   0x08004870   0x000000e6   Code   RO          679    .text.xTaskPriorityDisinherit  tasks.o
    0x08004956   0x08004956   0x00000002   PAD
    0x08004958   0x08004958   0x0000014e   Code   RO          677    .text.xTaskPriorityInherit  tasks.o
    0x08004aa6   0x08004aa6   0x00000002   PAD
    0x08004aa8   0x08004aa8   0x0000017c   Code   RO          651    .text.xTaskRemoveFromEventList  tasks.o
    0x08004c24   0x08004c24   0x0000020a   Code   RO          601    .text.xTaskResumeAll  tasks.o
    0x08004e2e   0x08004e2e   0x00000002   PAD
    0x08004e30   0x08004e30   0x00000078   Code   RO          735    .text.xTimerCreateTimerTask  timers.o
    0x08004ea8   0x08004ea8   0x0000003e   Code   RO         1000    CL$$btod_d2e        c_w.l(btod.o)
    0x08004ee6   0x08004ee6   0x00000046   Code   RO         1002    CL$$btod_d2e_denorm_low  c_w.l(btod.o)
    0x08004f2c   0x08004f2c   0x00000060   Code   RO         1001    CL$$btod_d2e_norm_op1  c_w.l(btod.o)
    0x08004f8c   0x08004f8c   0x00000338   Code   RO         1010    CL$$btod_div_common  c_w.l(btod.o)
    0x080052c4   0x080052c4   0x000000dc   Code   RO         1007    CL$$btod_e2e        c_w.l(btod.o)
    0x080053a0   0x080053a0   0x0000002a   Code   RO         1004    CL$$btod_ediv       c_w.l(btod.o)
    0x080053ca   0x080053ca   0x0000002a   Code   RO         1003    CL$$btod_emul       c_w.l(btod.o)
    0x080053f4   0x080053f4   0x00000244   Code   RO         1009    CL$$btod_mult_common  c_w.l(btod.o)
    0x08005638   0x08005638   0x00000028   Code   RO         1039    i.__ARM_fpclassify  m_ws.l(fpclassify.o)
    0x08005660   0x08005660   0x0000000e   Code   RO          897    i._is_digit         c_w.l(__printf_wp.o)
    0x0800566e   0x0800566e   0x00000002   PAD
    0x08005670   0x08005670   0x0000002c   Code   RO         1025    locale$$code        c_w.l(lc_ctype_c.o)
    0x0800569c   0x0800569c   0x0000002c   Code   RO         1028    locale$$code        c_w.l(lc_numeric_c.o)
    0x080056c8   0x080056c8   0x00000004   Code   RO          934    x$fpl$printf1       fz_ws.l(printf1.o)
    0x080056cc   0x080056cc   0x00000004   Code   RO          936    x$fpl$printf2       fz_ws.l(printf2.o)
    0x080056d0   0x080056d0   0x00000000   Code   RO         1038    x$fpl$usenofp       fz_ws.l(usenofp.o)
    0x080056d0   0x080056d0   0x00000008   Data   RO          856    .constdata          c_w.l(_printf_wctomb.o)
    0x080056d8   0x080056d8   0x00000028   Data   RO          885    .constdata          c_w.l(_printf_hex_int_ll_ptr.o)
    0x08005700   0x08005700   0x00000011   Data   RO          905    .constdata          c_w.l(__printf_flags_ss_wp.o)
    0x08005711   0x08005711   0x00000026   Data   RO          971    .constdata          c_w.l(_printf_fp_hex.o)
    0x08005737   0x08005737   0x00000001   PAD
    0x08005738   0x08005738   0x00000094   Data   RO          998    .constdata          c_w.l(bigflt0.o)
    0x080057cc   0x080057cc   0x0000001e   Data   RO           17    .rodata..L__const.Maintenance_Mode.mMode  cli.o
    0x080057ea   0x080057ea   0x00000055   Data   RO           18    .rodata..L__const.Maintenance_Mode.statement  cli.o
    0x0800583f   0x0800583f   0x000000b7   Data   RO           13    .rodata.str1.1      cli.o
    0x080058f6   0x080058f6   0x00000060   Data   RO           36    .rodata.str1.1      main.o
    0x08005956   0x08005956   0x00000005   Data   RO          721    .rodata.str1.1      tasks.o
    0x0800595b   0x0800595b   0x00000008   Data   RO          794    .rodata.str1.1      timers.o
    0x08005963   0x08005963   0x00000001   PAD
    0x08005964   0x08005964   0x00000004   Data   RO          706    .rodata.uxTopUsedPriority  tasks.o
    0x08005968   0x08005968   0x00000020   Data   RO         1178    Region$$Table       anon$$obj.o
    0x08005988   0x08005988   0x00000110   Data   RO         1024    locale$$data        c_w.l(lc_ctype_c.o)
    0x08005a98   0x08005a98   0x0000001c   Data   RO         1027    locale$$data        c_w.l(lc_numeric_c.o)


    Execution Region ER_RW (Exec base: 0x20000000, Load base: 0x08005ab4, Size: 0x0000000c, Max: 0xffffffff, ABSOLUTE)

    Exec Addr    Load Addr    Size         Type   Attr      Idx    E Section Name        Object

    0x20000000   0x08005ab4   0x00000004   Data   RW          316    .data.SystemCoreClock  system_stm32f10x.o
    0x20000004   0x08005ab8   0x00000001   Data   RW           37    .data.direction     main.o
    0x20000005   0x08005ab9   0x00000003   PAD
    0x20000008   0x08005abc   0x00000004   Data   RW          403    .data.uxCriticalNesting  port.o


    Execution Region ER_ZI (Exec base: 0x20000010, Load base: 0x08005ac0, Size: 0x00003410, Max: 0xffffffff, ABSOLUTE)

    Exec Addr    Load Addr    Size         Type   Attr      Idx    E Section Name        Object

    0x20000010        -       0x00000060   Zero   RW          943    .bss                c_w.l(libspace.o)
    0x20000070        -       0x00000004   Zero   RW           58    .bss.CLIQueue       usart.o
    0x20000074        -       0x00000004   Zero   RW           19    .bss.EmergencyFlag  cli.o
    0x20000078        -       0x00000004   Zero   RW           20    .bss.EmergencyStopQueue  cli.o
    0x2000007c        -       0x00000004   Zero   RW           21    .bss.arrivedQueue   cli.o
    0x20000080        -       0x00000190   Zero   RW           86    .bss.clib_mutex_cb  clib_arm.o
    0x20000210        -       0x00000014   Zero   RW           85    .bss.clib_mutex_id  clib_arm.o
    0x20000224        -       0x00000004   Zero   RW           14    .bss.directionQueue  cli.o
    0x20000228        -       0x00000004   Zero   RW           15    .bss.floorQueue     cli.o
    0x2000022c        -       0x00000004   Zero   RW           16    .bss.floorSemaphore  cli.o
    0x20000230        -       0x0000000a   Zero   RW           12    .bss.inputString    cli.o
    0x2000023a   0x08005ac0   0x00000002   PAD
    0x2000023c        -       0x000001e0   Zero   RW           83    .bss.os_libspace    clib_arm.o
    0x2000041c        -       0x00000010   Zero   RW           84    .bss.os_libspace_id  clib_arm.o
    0x2000042c        -       0x00000050   Zero   RW          802    .bss.prvCheckForValidListAndQueue.ucStaticTimerQueueStorage  timers.o
    0x2000047c        -       0x00000050   Zero   RW          801    .bss.prvCheckForValidListAndQueue.xStaticTimerQueue  timers.o
    0x200004cc        -       0x00000004   Zero   RW          798    .bss.prvSampleTimeNow.xLastTime  timers.o
    0x200004d0        -       0x00000004   Zero   RW          705    .bss.pxCurrentTCB   tasks.o
    0x200004d4        -       0x00000004   Zero   RW          796    .bss.pxCurrentTimerList  timers.o
    0x200004d8        -       0x00000004   Zero   RW          713    .bss.pxDelayedTaskList  tasks.o
    0x200004dc        -       0x00000004   Zero   RW          429    .bss.pxEnd          heap_4.o
    0x200004e0        -       0x00000004   Zero   RW          714    .bss.pxOverflowDelayedTaskList  tasks.o
    0x200004e4        -       0x00000004   Zero   RW          797    .bss.pxOverflowTimerList  timers.o
    0x200004e8        -       0x00000460   Zero   RW          716    .bss.pxReadyTasksLists  tasks.o
    0x20000948        -       0x00002000   Zero   RW          435    .bss.ucHeap         heap_4.o
    0x20002948        -       0x00000004   Zero   RW          710    .bss.uxCurrentNumberOfTasks  tasks.o
    0x2000294c        -       0x00000004   Zero   RW          709    .bss.uxDeletedTasksWaitingCleanUp  tasks.o
    0x20002950        -       0x00000004   Zero   RW          718    .bss.uxSchedulerSuspended  tasks.o
    0x20002954        -       0x00000004   Zero   RW          707    .bss.uxTaskNumber   tasks.o
    0x20002958        -       0x00000004   Zero   RW          717    .bss.uxTopReadyPriority  tasks.o
    0x2000295c        -       0x00000200   Zero   RW          261    .bss.vApplicationGetIdleTaskMemory.Idle_Stack  cmsis_os2.o
    0x20002b5c        -       0x0000005c   Zero   RW          260    .bss.vApplicationGetIdleTaskMemory.Idle_TCB  cmsis_os2.o
    0x20002bb8        -       0x00000140   Zero   RW          263    .bss.vApplicationGetTimerTaskMemory.Timer_Stack  cmsis_os2.o
    0x20002cf8        -       0x0000005c   Zero   RW          262    .bss.vApplicationGetTimerTaskMemory.Timer_TCB  cmsis_os2.o
    0x20002d54        -       0x00000014   Zero   RW          799    .bss.xActiveTimerList1  timers.o
    0x20002d68        -       0x00000014   Zero   RW          800    .bss.xActiveTimerList2  timers.o
    0x20002d7c        -       0x00000014   Zero   RW          726    .bss.xDelayedTaskList1  tasks.o
    0x20002d90        -       0x00000014   Zero   RW          727    .bss.xDelayedTaskList2  tasks.o
    0x20002da4        -       0x00000004   Zero   RW          430    .bss.xFreeBytesRemaining  heap_4.o
    0x20002da8        -       0x00000004   Zero   RW          722    .bss.xIdleTaskHandle  tasks.o
    0x20002dac        -       0x00000004   Zero   RW          432    .bss.xMinimumEverFreeBytesRemaining  heap_4.o
    0x20002db0        -       0x00000004   Zero   RW          723    .bss.xNextTaskUnblockTime  tasks.o
    0x20002db4        -       0x00000004   Zero   RW          725    .bss.xNumOfOverflows  tasks.o
    0x20002db8        -       0x00000004   Zero   RW          433    .bss.xNumberOfSuccessfulAllocations  heap_4.o
    0x20002dbc        -       0x00000004   Zero   RW          434    .bss.xNumberOfSuccessfulFrees  heap_4.o
    0x20002dc0        -       0x00000004   Zero   RW          724    .bss.xPendedTicks   tasks.o
    0x20002dc4        -       0x00000014   Zero   RW          720    .bss.xPendingReadyList  tasks.o
    0x20002dd8        -       0x00000004   Zero   RW          711    .bss.xSchedulerRunning  tasks.o
    0x20002ddc        -       0x00000008   Zero   RW          431    .bss.xStart         heap_4.o
    0x20002de4        -       0x00000014   Zero   RW          715    .bss.xSuspendedTaskList  tasks.o
    0x20002df8        -       0x00000014   Zero   RW          708    .bss.xTasksWaitingTermination  tasks.o
    0x20002e0c        -       0x00000004   Zero   RW          712    .bss.xTickCount     tasks.o
    0x20002e10        -       0x00000004   Zero   RW          793    .bss.xTimerQueue    timers.o
    0x20002e14        -       0x00000004   Zero   RW          795    .bss.xTimerTaskHandle  timers.o
    0x20002e18        -       0x00000004   Zero   RW          719    .bss.xYieldPending  tasks.o
    0x20002e1c   0x08005ac0   0x00000004   PAD
    0x20002e20        -       0x00000200   Zero   RW          299    HEAP                startup_stm32f10x_md.o
    0x20003020        -       0x00000400   Zero   RW          298    STACK               startup_stm32f10x_md.o


==============================================================================

Image component sizes


      Code (inc. data)   RO Data    RW Data    ZI Data      Debug   Object Name

       956          0        298          0         34       3158   cli.o
       586          0          0          0        916       3813   clib_arm.o
       124          0          0          0       1016      32358   cmsis_os2.o
       880          0          0          0       8220       4403   heap_4.o
       238          0          0          0          0       2351   list.o
       918          0         96          1          0       2378   main.o
       532         12          0          4          0       2746   port.o
      2706          0          0          0          0      14360   queue.o
        64         26        236          0       1536        868   startup_stm32f10x_md.o
       400          0          0          4          0       2895   system_stm32f10x.o
      4912          0          9          0       1280      23270   tasks.o
      1238         10          8          0        220      10553   timers.o
       718          0          0          0          4       5896   usart.o

    ----------------------------------------------------------------------
     14396         60        680         12      13232     109049   Object Totals
         0          0         32          0          0          0   (incl. Generated)
       124         12          1          3          6          0   (incl. Padding)

    ----------------------------------------------------------------------

      Code (inc. data)   RO Data    RW Data    ZI Data      Debug   Library Member Name

         8          0          0          0          0         68   __main.o
       392          4         17          0          0         92   __printf_flags_ss_wp.o
        14          0          0          0          0         68   __printf_wp.o
         0          0          0          0          0          0   __rtentry.o
        20          0          0          0          0          0   __rtentry2.o
         6          0          0          0          0          0   __rtentry4.o
        52          8          0          0          0          0   __scatter.o
        26          0          0          0          0          0   __scatter_copy.o
        28          0          0          0          0          0   __scatter_zi.o
        72          0          0          0          0         96   _c16rtomb.o
        28          0          0          0          0         68   _chval.o
         6          0          0          0          0          0   _printf_a.o
         6          0          0          0          0          0   _printf_c.o
        44          0          0          0          0        108   _printf_char.o
        48          6          0          0          0         96   _printf_char_common.o
        40          0          0          0          0         68   _printf_charcount.o
         6          0          0          0          0          0   _printf_d.o
       120         16          0          0          0         92   _printf_dec.o
         6          0          0          0          0          0   _printf_e.o
         6          0          0          0          0          0   _printf_f.o
      1052          0          0          0          0        148   _printf_fp_dec.o
       764          8         38          0          0        100   _printf_fp_hex.o
       128         16          0          0          0         84   _printf_fp_infnan.o
         6          0          0          0          0          0   _printf_g.o
       148          4         40          0          0        160   _printf_hex_int_ll_ptr.o
         6          0          0          0          0          0   _printf_i.o
       178          0          0          0          0         88   _printf_intcommon.o
        10          0          0          0          0          0   _printf_l.o
         6          0          0          0          0          0   _printf_lc.o
        10          0          0          0          0          0   _printf_ll.o
         6          0          0          0          0          0   _printf_lld.o
         6          0          0          0          0          0   _printf_lli.o
         6          0          0          0          0          0   _printf_llo.o
         6          0          0          0          0          0   _printf_llu.o
         6          0          0          0          0          0   _printf_llx.o
       124         16          0          0          0         92   _printf_longlong_dec.o
         6          0          0          0          0          0   _printf_ls.o
         6          0          0          0          0          0   _printf_n.o
         6          0          0          0          0          0   _printf_o.o
       112          8          0          0          0        124   _printf_oct_int_ll.o
         6          0          0          0          0          0   _printf_p.o
        78          0          0          0          0        108   _printf_pad.o
         0          0          0          0          0          0   _printf_percent.o
         4          0          0          0          0          0   _printf_percent_end.o
         6          0          0          0          0          0   _printf_s.o
        82          0          0          0          0         80   _printf_str.o
        36          0          0          0          0         84   _printf_truncate.o
         6          0          0          0          0          0   _printf_u.o
        44          0          0          0          0        108   _printf_wchar.o
       188          6          8          0          0         92   _printf_wctomb.o
         6          0          0          0          0          0   _printf_x.o
        16          0          0          0          0         68   _snputc.o
       158          0          0          0          0         92   _strtoul.o
        16          0          0          0          0         68   aeabi_memset4.o
        26          0          0          0          0         80   atoi.o
       228          4        148          0          0         96   bigflt0.o
      1936        128          0          0          0        668   btod.o
        18          0          0          0          0         80   exit.o
         6          0          0          0          0        152   heapauxi.o
         0          0          0          0          0          0   indicate_semi.o
        44         10        272          0          0         76   lc_ctype_c.o
        44         10         28          0          0         76   lc_numeric_c.o
         2          0          0          0          0          0   libinit.o
        30          0          0          0          0          0   libinit2.o
         2          0          0          0          0          0   libshutdown.o
         2          0          0          0          0          0   libshutdown2.o
         8          4          0          0         96         68   libspace.o
       138          0          0          0          0         80   lludiv10.o
        16          4          0          0          0         76   rt_ctype_table.o
         4          0          0          0          0         68   rt_errno_addr_twolibspace.o
        10          0          0          0          0         76   rt_locale_twolibspace.o
        68          0          0          0          0         68   rt_memclr.o
        78          0          0          0          0         80   rt_memclr_w.o
       138          0          0          0          0         68   rt_memcpy_v6.o
       100          0          0          0          0         80   rt_memcpy_w.o
         2          0          0          0          0          0   rtexit.o
        10          0          0          0          0          0   rtexit2.o
        64          6          0          0          0         84   snprintf.o
       128          0          0          0          0         68   strcmpv7m.o
        62          0          0          0          0         76   strlen.o
       112          0          0          0          0         88   strtol.o
        12          4          0          0          0         68   sys_exit.o
        74          0          0          0          0         80   sys_stackheap_outer.o
         2          0          0          0          0         68   use_no_semi.o
         4          0          0          0          0         68   printf1.o
         4          0          0          0          0         68   printf2.o
         0          0          0          0          0          0   usenofp.o
        40          0          0          0          0         68   fpclassify.o

    ----------------------------------------------------------------------
      7592        262        552          0         96       4880   Library Totals
        14          0          1          0          0          0   (incl. Padding)

    ----------------------------------------------------------------------

      Code (inc. data)   RO Data    RW Data    ZI Data      Debug   Library Name

      7530        262        551          0         96       4676   c_w.l
         8          0          0          0          0        136   fz_ws.l
        40          0          0          0          0         68   m_ws.l

    ----------------------------------------------------------------------
      7592        262        552          0         96       4880   Library Totals

    ----------------------------------------------------------------------

==============================================================================


      Code (inc. data)   RO Data    RW Data    ZI Data      Debug   

     21988        322       1232         12      13328     111001   Grand Totals
     21988        322       1232         12      13328     111001   ELF Image Totals
     21988        322       1232         12          0          0   ROM Totals

==============================================================================

    Total RO  Size (Code + RO Data)                23220 (  22.68kB)
    Total RW  Size (RW Data + ZI Data)             13340 (  13.03kB)
    Total ROM Size (Code + RO Data + RW Data)      23232 (  22.69kB)

==============================================================================

