Component: Arm Compiler for Embedded 6.19 Tool: armlink [5e73cb00]

==============================================================================

Section Cross References

    cli.o(.text.CLI_Transmit) refers to usart.o(.text.sendbyte) for sendbyte
    cli.o(.ARM.exidx.text.CLI_Transmit) refers to cli.o(.text.CLI_Transmit) for [Anonymous Symbol]
    cli.o(.text.CLI_Receive) refers to cli.o(.bss.inputString) for inputString
    cli.o(.text.CLI_Receive) refers to strlen.o(.text) for strlen
    cli.o(.text.CLI_Receive) refers to cli.o(.rodata.str1.1) for .L.str
    cli.o(.text.CLI_Receive) refers to strcmpv7m.o(.text) for strcmp
    cli.o(.text.CLI_Receive) refers to rt_memcpy_v6.o(.text) for __aeabi_memcpy
    cli.o(.text.CLI_Receive) refers to cli.o(.text.CLI_Transmit) for CLI_Transmit
    cli.o(.text.CLI_Receive) refers to usart.o(.text.serial_close) for serial_close
    cli.o(.text.CLI_Receive) refers to cli.o(.bss.freqQueue) for freqQueue
    cli.o(.text.CLI_Receive) refers to queue.o(.text.xQueueGenericSend) for xQueueGenericSend
    cli.o(.ARM.exidx.text.CLI_Receive) refers to cli.o(.text.CLI_Receive) for [Anonymous Symbol]
    main.o(.text.main) refers to usart.o(.text.serial_open) for serial_open
    main.o(.text.main) refers to queue.o(.text.xQueueGenericCreate) for xQueueGenericCreate
    main.o(.text.main) refers to cli.o(.bss.freqQueue) for freqQueue
    main.o(.text.main) refers to usart.o(.bss.CLIQueue) for CLIQueue
    main.o(.text.main) refers to main.o(.text.vBlinkTask) for vBlinkTask
    main.o(.text.main) refers to main.o(.rodata.str1.1) for .L.str
    main.o(.text.main) refers to tasks.o(.text.xTaskCreate) for xTaskCreate
    main.o(.text.main) refers to main.o(.text.vCLITask) for vCLITask
    main.o(.text.main) refers to tasks.o(.text.vTaskStartScheduler) for vTaskStartScheduler
    main.o(.ARM.exidx.text.main) refers to main.o(.text.main) for [Anonymous Symbol]
    main.o(.text.vBlinkTask) refers to cli.o(.bss.freqQueue) for freqQueue
    main.o(.text.vBlinkTask) refers to queue.o(.text.xQueueReceive) for xQueueReceive
    main.o(.text.vBlinkTask) refers to tasks.o(.text.vTaskDelay) for vTaskDelay
    main.o(.ARM.exidx.text.vBlinkTask) refers to main.o(.text.vBlinkTask) for [Anonymous Symbol]
    main.o(.text.vCLITask) refers to main.o(.rodata.str1.1) for .L.str.2
    main.o(.text.vCLITask) refers to cli.o(.text.CLI_Transmit) for CLI_Transmit
    main.o(.text.vCLITask) refers to rt_memcpy_v6.o(.text) for __aeabi_memcpy
    main.o(.text.vCLITask) refers to tasks.o(.text.xTaskGetTickCount) for xTaskGetTickCount
    main.o(.text.vCLITask) refers to usart.o(.bss.characterFlag) for characterFlag
    main.o(.text.vCLITask) refers to usart.o(.bss.CLIQueue) for CLIQueue
    main.o(.text.vCLITask) refers to queue.o(.text.xQueueReceive) for xQueueReceive
    main.o(.text.vCLITask) refers to usart.o(.text.sendbyte) for sendbyte
    main.o(.text.vCLITask) refers to cli.o(.text.CLI_Receive) for CLI_Receive
    main.o(.text.vCLITask) refers to tasks.o(.text.xTaskDelayUntil) for xTaskDelayUntil
    main.o(.ARM.exidx.text.vCLITask) refers to main.o(.text.vCLITask) for [Anonymous Symbol]
    usart.o(.text.serial_open) refers to usart.o(.text.__NVIC_EnableIRQ) for __NVIC_EnableIRQ
    usart.o(.ARM.exidx.text.serial_open) refers to usart.o(.text.serial_open) for [Anonymous Symbol]
    usart.o(.ARM.exidx.text.__NVIC_EnableIRQ) refers to usart.o(.text.__NVIC_EnableIRQ) for [Anonymous Symbol]
    usart.o(.ARM.exidx.text.sendbyte) refers to usart.o(.text.sendbyte) for [Anonymous Symbol]
    usart.o(.ARM.exidx.text.serial_close) refers to usart.o(.text.serial_close) for [Anonymous Symbol]
    usart.o(.text.USART2_IRQHandler) refers to usart.o(.bss.characterFlag) for characterFlag
    usart.o(.text.USART2_IRQHandler) refers to usart.o(.bss.CLIQueue) for CLIQueue
    usart.o(.text.USART2_IRQHandler) refers to queue.o(.text.xQueueGenericSendFromISR) for xQueueGenericSendFromISR
    usart.o(.ARM.exidx.text.USART2_IRQHandler) refers to usart.o(.text.USART2_IRQHandler) for [Anonymous Symbol]
    clib_arm.o(.ARM.exidx.text._platform_post_stackheap_init) refers to clib_arm.o(.text._platform_post_stackheap_init) for [Anonymous Symbol]
    clib_arm.o(.text.__user_perthread_libspace) refers to clib_arm.o(.text.os_kernel_is_active) for os_kernel_is_active
    clib_arm.o(.text.__user_perthread_libspace) refers to clib_arm.o(.bss.os_libspace) for os_libspace
    clib_arm.o(.text.__user_perthread_libspace) refers to tasks.o(.text.xTaskGetCurrentTaskHandle) for xTaskGetCurrentTaskHandle
    clib_arm.o(.text.__user_perthread_libspace) refers to clib_arm.o(.bss.os_libspace_id) for os_libspace_id
    clib_arm.o(.ARM.exidx.text.__user_perthread_libspace) refers to clib_arm.o(.text.__user_perthread_libspace) for [Anonymous Symbol]
    clib_arm.o(.text.os_kernel_is_active) refers to tasks.o(.text.xTaskGetSchedulerState) for xTaskGetSchedulerState
[...]
    .ARM.Collect$$libinit$$00000006          0x08000162   Section        0  libinit2.o(.ARM.Collect$$libinit$$00000006)
    .ARM.Collect$$libinit$$0000000C          0x08000162   Section        0  libinit2.o(.ARM.Collect$$libinit$$0000000C)
    .ARM.Collect$$libinit$$0000000E          0x08000162   Section        0  libinit2.o(.ARM.Collect$$libinit$$0000000E)
    .ARM.Collect$$libinit$$00000010          0x08000162   Section        0  libinit2.o(.ARM.Collect$$libinit$$00000010)
    .ARM.Collect$$libinit$$00000013          0x08000162   Section        0  libinit2.o(.ARM.Collect$$libinit$$00000013)
    .ARM.Collect$$libinit$$00000015          0x08000162   Section        0  libinit2.o(.ARM.Collect$$libinit$$00000015)
    .ARM.Collect$$libinit$$00000017          0x08000162   Section        0  libinit2.o(.ARM.Collect$$libinit$$00000017)
    .ARM.Collect$$libinit$$00000019          0x08000162   Section        0  libinit2.o(.ARM.Collect$$libinit$$00000019)
    .ARM.Collect$$libinit$$0000001B          0x08000162   Section        0  libinit2.o(.ARM.Collect$$libinit$$0000001B)
    .ARM.Collect$$libinit$$0000001D          0x08000162   Section        0  libinit2.o(.ARM.Collect$$libinit$$0000001D)
    .ARM.Collect$$libinit$$0000001F          0x08000162   Section        0  libinit2.o(.ARM.Collect$$libinit$$0000001F)
    .ARM.Collect$$libinit$$00000021          0x08000162   Section        0  libinit2.o(.ARM.Collect$$libinit$$00000021)
    .ARM.Collect$$libinit$$00000023          0x08000162   Section        0  libinit2.o(.ARM.Collect$$libinit$$00000023)
    .ARM.Collect$$libinit$$00000025          0x08000162   Section        0  libinit2.o(.ARM.Collect$$libinit$$00000025)
    .ARM.Collect$$libinit$$00000027          0x08000162   Section        0  libinit2.o(.ARM.Collect$$libinit$$00000027)
    .ARM.Collect$$libinit$$0000002E          0x08000162   Section        0  libinit2.o(.ARM.Collect$$libinit$$0000002E)
    .ARM.Collect$$libinit$$00000030          0x08000162   Section        0  libinit2.o(.ARM.Collect$$libinit$$00000030)
    .ARM.Collect$$libinit$$00000032          0x08000162   Section        0  libinit2.o(.ARM.Collect$$libinit$$00000032)
    .ARM.Collect$$libinit$$00000034          0x08000162   Section        0  libinit2.o(.ARM.Collect$$libinit$$00000034)
    .ARM.Collect$$libinit$$00000035          0x08000162   Section        2  libinit2.o(.ARM.Collect$$libinit$$00000035)
    .ARM.Collect$$libshutdown$$00000000      0x08000164   Section        2  libshutdown.o(.ARM.Collect$$libshutdown$$00000000)
    .ARM.Collect$$libshutdown$$00000002      0x08000166   Section        0  libshutdown2.o(.ARM.Collect$$libshutdown$$00000002)
    .ARM.Collect$$libshutdown$$00000004      0x08000166   Section        0  libshutdown2.o(.ARM.Collect$$libshutdown$$00000004)
    .ARM.Collect$$libshutdown$$00000007      0x08000166   Section        0  libshutdown2.o(.ARM.Collect$$libshutdown$$00000007)
    .ARM.Collect$$libshutdown$$0000000A      0x08000166   Section        0  libshutdown2.o(.ARM.Collect$$libshutdown$$0000000A)
    .ARM.Collect$$libshutdown$$0000000C      0x08000166   Section        0  libshutdown2.o(.ARM.Collect$$libshutdown$$0000000C)
    .ARM.Collect$$libshutdown$$0000000F      0x08000166   Section        0  libshutdown2.o(.ARM.Collect$$libshutdown$$0000000F)
    .ARM.Collect$$libshutdown$$00000010      0x08000166   Section        2  libshutdown2.o(.ARM.Collect$$libshutdown$$00000010)
    .ARM.Collect$$rtentry$$00000000          0x08000168   Section        0  __rtentry.o(.ARM.Collect$$rtentry$$00000000)
    .ARM.Collect$$rtentry$$00000002          0x08000168   Section        0  __rtentry2.o(.ARM.Collect$$rtentry$$00000002)
    .ARM.Collect$$rtentry$$00000004          0x08000168   Section        6  __rtentry4.o(.ARM.Collect$$rtentry$$00000004)
    .ARM.Collect$$rtentry$$00000008          0x0800016e   Section        8  __rtentry2.o(.ARM.Collect$$rtentry$$00000008)
    .ARM.Collect$$rtentry$$0000000A          0x08000176   Section        4  __rtentry2.o(.ARM.Collect$$rtentry$$0000000A)
    .ARM.Collect$$rtentry$$0000000C          0x0800017a   Section        0  __rtentry2.o(.ARM.Collect$$rtentry$$0000000C)
    .ARM.Collect$$rtentry$$0000000D          0x0800017a   Section        8  __rtentry2.o(.ARM.Collect$$rtentry$$0000000D)
    .ARM.Collect$$rtexit$$00000000           0x08000182   Section        2  rtexit.o(.ARM.Collect$$rtexit$$00000000)
    .ARM.Collect$$rtexit$$00000002           0x08000184   Section        0  rtexit2.o(.ARM.Collect$$rtexit$$00000002)
    .ARM.Collect$$rtexit$$00000003           0x08000184   Section        4  rtexit2.o(.ARM.Collect$$rtexit$$00000003)
    .ARM.Collect$$rtexit$$00000004           0x08000188   Section        6  rtexit2.o(.ARM.Collect$$rtexit$$00000004)
    .text                                    0x08000190   Section       64  startup_stm32f10x_md.o(.text)
    .text                                    0x080001d0   Section        0  strlen.o(.text)
    .text                                    0x0800020e   Section      138  rt_memcpy_v6.o(.text)
    .text                                    0x08000298   Section       16  aeabi_memset4.o(.text)
    .text                                    0x080002a8   Section       68  rt_memclr.o(.text)
    .text                                    0x080002ec   Section       78  rt_memclr_w.o(.text)
    .text                                    0x0800033c   Section      128  strcmpv7m.o(.text)
    .text                                    0x080003bc   Section        0  heapauxi.o(.text)
    .text                                    0x080003c2   Section      100  rt_memcpy_w.o(.text)
    .text                                    0x08000426   Section       74  sys_stackheap_outer.o(.text)
    .text                                    0x08000470   Section        0  exit.o(.text)
    .text                                    0x08000484   Section        8  libspace.o(.text)
    .text                                    0x0800048c   Section        0  sys_exit.o(.text)
    .text                                    0x08000498   Section        2  use_no_semi.o(.text)
    .text                                    0x0800049a   Section        0  indicate_semi.o(.text)
    [Anonymous Symbol]                       0x0800049c   Section        0  cli.o(.text.CLI_Receive)
    [Anonymous Symbol]                       0x08000874   Section        0  cli.o(.text.CLI_Transmit)
    [Anonymous Symbol]                       0x080008b0   Section        0  port.o(.text.PendSV_Handler)
    pxCurrentTCBConst                        0x080008f0   Number         0  port.o(.text.PendSV_Handler)
    [Anonymous Symbol]                       0x08000900   Section        0  port.o(.text.SVC_Handler)
    pxCurrentTCBConst2                       0x08000920   Number         0  port.o(.text.SVC_Handler)
    SetSysClock                              0x08000925   Thumb Code     8  system_stm32f10x.o(.text.SetSysClock)
    [Anonymous Symbol]                       0x08000924   Section        0  system_stm32f10x.o(.text.SetSysClock)
    SetSysClockTo72                          0x0800092d   Thumb Code   290  system_stm32f10x.o(.text.SetSysClockTo72)
    [Anonymous Symbol]                       0x0800092c   Section        0  system_stm32f10x.o(.text.SetSysClockTo72)
    [Anonymous Symbol]                       0x08000a50   Section        0  cmsis_os2.o(.text.SysTick_Handler)
    [Anonymous Symbol]                       0x08000a70   Section        0  system_stm32f10x.o(.text.SystemInit)
    [Anonymous Symbol]                       0x08000ad8   Section        0  usart.o(.text.USART2_IRQHandler)
    __NVIC_EnableIRQ                         0x08000b35   Thumb Code    48  usart.o(.text.__NVIC_EnableIRQ)
    [Anonymous Symbol]                       0x08000b34   Section        0  usart.o(.text.__NVIC_EnableIRQ)
    __tagsym$$used.1                         0x08000b64   Number         0  clib_arm.o(.text._mutex_acquire)
    [Anonymous Symbol]                       0x08000b64   Section        0  clib_arm.o(.text._mutex_acquire)
    __tagsym$$used.3                         0x08000b8c   Number         0  clib_arm.o(.text._mutex_free)
    [Anonymous Symbol]                       0x08000b8c   Section        0  clib_arm.o(.text._mutex_free)
    __tagsym$$used.0                         0x08000be0   Number         0  clib_arm.o(.text._mutex_initialize)
    [Anonymous Symbol]                       0x08000be0   Section        0  clib_arm.o(.text._mutex_initialize)
    __tagsym$$used.2                         0x08000c88   Number         0  clib_arm.o(.text._mutex_release)
    [Anonymous Symbol]                       0x08000c88   Section        0  clib_arm.o(.text._mutex_release)
    [Anonymous Symbol]                       0x08000cb4   Section        0  clib_arm.o(.text._platform_post_stackheap_init)
    is_thread_mode                           0x08000cb9   Thumb Code    32  clib_arm.o(.text.is_thread_mode)
    [Anonymous Symbol]                       0x08000cb8   Section        0  clib_arm.o(.text.is_thread_mode)
    [Anonymous Symbol]                       0x08000cd8   Section        0  main.o(.text.main)
    os_kernel_is_active                      0x08000d61   Thumb Code    32  clib_arm.o(.text.os_kernel_is_active)
    [Anonymous Symbol]                       0x08000d60   Section        0  clib_arm.o(.text.os_kernel_is_active)
    prvAddCurrentTaskToDelayedList           0x08000d81   Thumb Code   250  tasks.o(.text.prvAddCurrentTaskToDelayedList)
    [Anonymous Symbol]                       0x08000d80   Section        0  tasks.o(.text.prvAddCurrentTaskToDelayedList)
    prvAddNewTaskToReadyList                 0x08000e7d   Thumb Code   352  tasks.o(.text.prvAddNewTaskToReadyList)
    [Anonymous Symbol]                       0x08000e7c   Section        0  tasks.o(.text.prvAddNewTaskToReadyList)
    prvCheckForValidListAndQueue             0x08000fdd   Thumb Code   126  timers.o(.text.prvCheckForValidListAndQueue)
    [Anonymous Symbol]                       0x08000fdc   Section        0  timers.o(.text.prvCheckForValidListAndQueue)
    prvCheckTasksWaitingTermination          0x0800105d   Thumb Code    90  tasks.o(.text.prvCheckTasksWaitingTermination)
    [Anonymous Symbol]                       0x0800105c   Section        0  tasks.o(.text.prvCheckTasksWaitingTermination)
    prvCopyDataFromQueue                     0x080010b9   Thumb Code    66  queue.o(.text.prvCopyDataFromQueue)
    [Anonymous Symbol]                       0x080010b8   Section        0  queue.o(.text.prvCopyDataFromQueue)
    prvCopyDataToQueue                       0x080010fd   Thumb Code   204  queue.o(.text.prvCopyDataToQueue)
    [Anonymous Symbol]                       0x080010fc   Section        0  queue.o(.text.prvCopyDataToQueue)
    prvDeleteTCB                             0x080011c9   Thumb Code    60  tasks.o(.text.prvDeleteTCB)
    [Anonymous Symbol]                       0x080011c8   Section        0  tasks.o(.text.prvDeleteTCB)
    prvGetDisinheritPriorityAfterTimeout     0x08001205   Thumb Code    38  queue.o(.text.prvGetDisinheritPriorityAfterTimeout)
    [Anonymous Symbol]                       0x08001204   Section        0  queue.o(.text.prvGetDisinheritPriorityAfterTimeout)
    prvGetNextExpireTime                     0x0800122d   Thumb Code    64  timers.o(.text.prvGetNextExpireTime)
    [Anonymous Symbol]                       0x0800122c   Section        0  timers.o(.text.prvGetNextExpireTime)
    prvHeapInit                              0x0800126d   Thumb Code   174  heap_4.o(.text.prvHeapInit)
    [Anonymous Symbol]                       0x0800126c   Section        0  heap_4.o(.text.prvHeapInit)
    prvIdleTask                              0x0800131d   Thumb Code    56  tasks.o(.text.prvIdleTask)
    [Anonymous Symbol]                       0x0800131c   Section        0  tasks.o(.text.prvIdleTask)
    prvInitialiseMutex                       0x08001355   Thumb Code    44  queue.o(.text.prvInitialiseMutex)
    [Anonymous Symbol]                       0x08001354   Section        0  queue.o(.text.prvInitialiseMutex)
    prvInitialiseNewQueue                    0x08001381   Thumb Code    72  queue.o(.text.prvInitialiseNewQueue)
    [Anonymous Symbol]                       0x08001380   Section        0  queue.o(.text.prvInitialiseNewQueue)
    prvInitialiseNewTask                     0x080013c9   Thumb Code   230  tasks.o(.text.prvInitialiseNewTask)
    [Anonymous Symbol]                       0x080013c8   Section        0  tasks.o(.text.prvInitialiseNewTask)
    prvInitialiseTaskLists                   0x080014b1   Thumb Code   142  tasks.o(.text.prvInitialiseTaskLists)
    [Anonymous Symbol]                       0x080014b0   Section        0  tasks.o(.text.prvInitialiseTaskLists)
    prvInsertBlockIntoFreeList               0x08001541   Thumb Code   198  heap_4.o(.text.prvInsertBlockIntoFreeList)
    [Anonymous Symbol]                       0x08001540   Section        0  heap_4.o(.text.prvInsertBlockIntoFreeList)
    prvInsertTimerInActiveList               0x08001609   Thumb Code   134  timers.o(.text.prvInsertTimerInActiveList)
    [Anonymous Symbol]                       0x08001608   Section        0  timers.o(.text.prvInsertTimerInActiveList)
    prvIsQueueEmpty                          0x08001691   Thumb Code    40  queue.o(.text.prvIsQueueEmpty)
    [Anonymous Symbol]                       0x08001690   Section        0  queue.o(.text.prvIsQueueEmpty)
    prvIsQueueFull                           0x080016b9   Thumb Code    46  queue.o(.text.prvIsQueueFull)
    [Anonymous Symbol]                       0x080016b8   Section        0  queue.o(.text.prvIsQueueFull)
    prvPortStartFirstTask                    0x080016e9   Thumb Code    32  port.o(.text.prvPortStartFirstTask)
    [Anonymous Symbol]                       0x080016e8   Section        0  port.o(.text.prvPortStartFirstTask)
    prvProcessExpiredTimer                   0x08001709   Thumb Code    84  timers.o(.text.prvProcessExpiredTimer)
    [Anonymous Symbol]                       0x08001708   Section        0  timers.o(.text.prvProcessExpiredTimer)
    prvProcessReceivedCommands               0x0800175d   Thumb Code   324  timers.o(.text.prvProcessReceivedCommands)
    [Anonymous Symbol]                       0x0800175c   Section        0  timers.o(.text.prvProcessReceivedCommands)
    prvProcessTimerOrBlockTask               0x080018a1   Thumb Code   154  timers.o(.text.prvProcessTimerOrBlockTask)
    [Anonymous Symbol]                       0x080018a0   Section        0  timers.o(.text.prvProcessTimerOrBlockTask)
    prvReloadTimer                           0x0800193d   Thumb Code    52  timers.o(.text.prvReloadTimer)
    [Anonymous Symbol]                       0x0800193c   Section        0  timers.o(.text.prvReloadTimer)
    prvResetNextTaskUnblockTime              0x08001971   Thumb Code    60  tasks.o(.text.prvResetNextTaskUnblockTime)
    [Anonymous Symbol]                       0x08001970   Section        0  tasks.o(.text.prvResetNextTaskUnblockTime)
    prvSampleTimeNow                         0x080019ad   Thumb Code    68  timers.o(.text.prvSampleTimeNow)
    [Anonymous Symbol]                       0x080019ac   Section        0  timers.o(.text.prvSampleTimeNow)
    prvSwitchTimerLists                      0x080019f1   Thumb Code    82  timers.o(.text.prvSwitchTimerLists)
    [Anonymous Symbol]                       0x080019f0   Section        0  timers.o(.text.prvSwitchTimerLists)
    prvTaskExitError                         0x08001a45   Thumb Code    38  port.o(.text.prvTaskExitError)
    [Anonymous Symbol]                       0x08001a44   Section        0  port.o(.text.prvTaskExitError)
    prvTimerTask                             0x08001a6d   Thumb Code    30  timers.o(.text.prvTimerTask)
    [Anonymous Symbol]                       0x08001a6c   Section        0  timers.o(.text.prvTimerTask)
    prvUnlockQueue                           0x08001a8d   Thumb Code   174  queue.o(.text.prvUnlockQueue)
    [Anonymous Symbol]                       0x08001a8c   Section        0  queue.o(.text.prvUnlockQueue)
    [Anonymous Symbol]                       0x08001b3c   Section        0  heap_4.o(.text.pvPortMalloc)
    [Anonymous Symbol]                       0x08001cc4   Section        0  tasks.o(.text.pvTaskIncrementMutexHeldCount)
    [Anonymous Symbol]                       0x08001cf0   Section        0  port.o(.text.pxPortInitialiseStack)
    [Anonymous Symbol]                       0x08001d40   Section        0  usart.o(.text.sendbyte)
    [Anonymous Symbol]                       0x08001e20   Section        0  usart.o(.text.serial_close)
    [Anonymous Symbol]                       0x08001e3c   Section        0  usart.o(.text.serial_open)
    [Anonymous Symbol]                       0x08001f24   Section        0  list.o(.text.uxListRemove)
    [Anonymous Symbol]                       0x08001f6c   Section        0  tasks.o(.text.uxTaskGetNumberOfTasks)
    [Anonymous Symbol]                       0x08001f78   Section        0  cmsis_os2.o(.text.vApplicationGetIdleTaskMemory)
    [Anonymous Symbol]                       0x08001fa4   Section        0  cmsis_os2.o(.text.vApplicationGetTimerTaskMemory)
    [Anonymous Symbol]                       0x08001fd0   Section        0  cmsis_os2.o(.text.vApplicationStackOverflowHook)
    vBlinkTask                               0x08001fdd   Thumb Code   116  main.o(.text.vBlinkTask)
    [Anonymous Symbol]                       0x08001fdc   Section        0  main.o(.text.vBlinkTask)
    vCLITask                                 0x08002051   Thumb Code   232  main.o(.text.vCLITask)
    [Anonymous Symbol]                       0x08002050   Section        0  main.o(.text.vCLITask)
    [Anonymous Symbol]                       0x08002138   Section        0  list.o(.text.vListInitialise)
    [Anonymous Symbol]                       0x08002168   Section        0  list.o(.text.vListInitialiseItem)
    [Anonymous Symbol]                       0x08002178   Section        0  list.o(.text.vListInsert)
    [Anonymous Symbol]                       0x080021e4   Section        0  port.o(.text.vPortEnterCritical)
    [Anonymous Symbol]                       0x08002214   Section        0  port.o(.text.vPortExitCritical)
    [Anonymous Symbol]                       0x0800223c   Section        0  heap_4.o(.text.vPortFree)
    [Anonymous Symbol]                       0x080022b4   Section        0  port.o(.text.vPortSetupTimerInterrupt)
    [Anonymous Symbol]                       0x080022f8   Section        0  queue.o(.text.vQueueDelete)
    [Anonymous Symbol]                       0x0800231c   Section        0  queue.o(.text.vQueueWaitForMessageRestricted)
    [Anonymous Symbol]                       0x08002380   Section        0  tasks.o(.text.vTaskDelay)
    [Anonymous Symbol]                       0x080023cc   Section        0  tasks.o(.text.vTaskInternalSetTimeOutState)
    [Anonymous Symbol]                       0x080023f0   Section        0  tasks.o(.text.vTaskMissedYield)
    [Anonymous Symbol]                       0x08002400   Section        0  tasks.o(.text.vTaskPlaceOnEventList)
    [Anonymous Symbol]                       0x08002428   Section        0  tasks.o(.text.vTaskPlaceOnEventListRestricted)
    [Anonymous Symbol]                       0x08002488   Section        0  tasks.o(.text.vTaskPriorityDisinheritAfterTimeout)
    [Anonymous Symbol]                       0x080025b4   Section        0  tasks.o(.text.vTaskStartScheduler)
    [Anonymous Symbol]                       0x08002678   Section        0  tasks.o(.text.vTaskSuspendAll)
    __tagsym$$used.0                         0x08002688   Number         0  tasks.o(.text.vTaskSwitchContext)
    [Anonymous Symbol]                       0x08002688   Section        0  tasks.o(.text.vTaskSwitchContext)
    [Anonymous Symbol]                       0x0800278c   Section        0  port.o(.text.xPortStartScheduler)
    [Anonymous Symbol]                       0x080027cc   Section        0  port.o(.text.xPortSysTickHandler)
    [Anonymous Symbol]                       0x08002808   Section        0  queue.o(.text.xQueueCreateMutex)
    [Anonymous Symbol]                       0x08002830   Section        0  queue.o(.text.xQueueCreateMutexStatic)
    [Anonymous Symbol]                       0x08002864   Section        0  queue.o(.text.xQueueGenericCreate)
    [Anonymous Symbol]                       0x080028ec   Section        0  queue.o(.text.xQueueGenericCreateStatic)
    [Anonymous Symbol]                       0x08002958   Section        0  queue.o(.text.xQueueGenericReset)
    [Anonymous Symbol]                       0x08002a28   Section        0  queue.o(.text.xQueueGenericSend)
    [Anonymous Symbol]                       0x08002b94   Section        0  queue.o(.text.xQueueGenericSendFromISR)
    [Anonymous Symbol]                       0x08002c68   Section        0  queue.o(.text.xQueueReceive)
    [Anonymous Symbol]                       0x08002dbc   Section        0  queue.o(.text.xQueueSemaphoreTake)
    [Anonymous Symbol]                       0x08002f5c   Section        0  tasks.o(.text.xTaskCheckForTimeOut)
    [Anonymous Symbol]                       0x08002ff8   Section        0  tasks.o(.text.xTaskCreate)
    [Anonymous Symbol]                       0x080030a0   Section        0  tasks.o(.text.xTaskCreateStatic)
    [Anonymous Symbol]                       0x0800311c   Section        0  tasks.o(.text.xTaskDelayUntil)
    [Anonymous Symbol]                       0x080031d8   Section        0  tasks.o(.text.xTaskGetSchedulerState)
    [Anonymous Symbol]                       0x08003210   Section        0  tasks.o(.text.xTaskGetTickCount)
    [Anonymous Symbol]                       0x08003224   Section        0  tasks.o(.text.xTaskIncrementTick)
    [Anonymous Symbol]                       0x0800346c   Section        0  tasks.o(.text.xTaskPriorityDisinherit)
    [Anonymous Symbol]                       0x08003554   Section        0  tasks.o(.text.xTaskPriorityInherit)
    [Anonymous Symbol]                       0x080036a4   Section        0  tasks.o(.text.xTaskRemoveFromEventList)
    [Anonymous Symbol]                       0x08003820   Section        0  tasks.o(.text.xTaskResumeAll)
    [Anonymous Symbol]                       0x08003a2c   Section        0  timers.o(.text.xTimerCreateTimerTask)
    .L__const.CLI_Receive.LED_off_stmt       0x08003aa4   Data          22  cli.o(.rodata.str1.1)
    [Anonymous Symbol]                       0x08003aa4   Section        0  cli.o(.rodata.str1.1)
    .L__const.CLI_Receive.LED_on_stmt        0x08003aba   Data          21  cli.o(.rodata.str1.1)
    .L.str.12                                0x08003acf   Data           3  cli.o(.rodata.str1.1)
    .L.str.13                                0x08003ad2   Data           3  cli.o(.rodata.str1.1)
    .L.str.15                                0x08003ad5   Data           3  cli.o(.rodata.str1.1)
    .L__const.CLI_Receive.str                0x08003ad8   Data          37  cli.o(.rodata.str1.1)
    .L__const.CLI_Receive.statement.7        0x08003afd   Data          22  cli.o(.rodata.str1.1)
    .L__const.vCLITask.statement             0x08003afd   Data          22  cli.o(.rodata.str1.1)
    .L.str.2                                 0x08003b13   Data           7  cli.o(.rodata.str1.1)
    .L.str.4                                 0x08003b13   Data           7  cli.o(.rodata.str1.1)
    .L.str.3                                 0x08003b1a   Data           4  cli.o(.rodata.str1.1)
    .L__const.CLI_Receive.statement          0x08003b1e   Data          21  cli.o(.rodata.str1.1)
    .L__const.CLI_Receive.status_stmt.9      0x08003b33   Data          25  cli.o(.rodata.str1.1)
    .L.str.6                                 0x08003b48   Data           4  cli.o(.rodata.str1.1)
    .L__const.CLI_Receive.status_stmt        0x08003b4c   Data          24  cli.o(.rodata.str1.1)
    .L__const.CLI_Receive.help_stmt          0x08003b64   Data         113  cli.o(.rodata.str1.1)
    .L__const.CLI_Receive.close_stmt         0x08003bd5   Data          28  cli.o(.rodata.str1.1)
    .L.str                                   0x08003bee   Data           3  cli.o(.rodata.str1.1)
    .L.str.10                                0x08003bf1   Data           5  cli.o(.rodata.str1.1)
    .L.str.2                                 0x08003bf6   Data           8  cli.o(.rodata.str1.1)
    .L.str.4                                 0x08003bf6   Data           8  cli.o(.rodata.str1.1)
    .L.str.1                                 0x08003bfe   Data           4  cli.o(.rodata.str1.1)
    .L__const.CLI_Receive.frequency_stmt.14  0x08003c02   Data          32  cli.o(.rodata.str1.1)
    .L__const.CLI_Receive.frequency_stmt     0x08003c22   Data          31  cli.o(.rodata.str1.1)
    .L__const.CLI_Receive.frequency_stmt.16  0x08003c41   Data          32  cli.o(.rodata.str1.1)
    .L.str.8                                 0x08003c61   Data           7  cli.o(.rodata.str1.1)
    .L.str.11                                0x08003c68   Data           5  cli.o(.rodata.str1.1)
    .L.str.5                                 0x08003c6d   Data           4  cli.o(.rodata.str1.1)
    .L__const.vCLITask.welcomeMessage        0x08003c71   Data          38  main.o(.rodata.str1.1)
    [Anonymous Symbol]                       0x08003c71   Section        0  main.o(.rodata.str1.1)
    .L.str.5                                 0x08003c97   Data           7  main.o(.rodata.str1.1)
    .L.str.1                                 0x08003c9e   Data           4  main.o(.rodata.str1.1)
    .L.str.3                                 0x08003ca2   Data           5  main.o(.rodata.str1.1)
    .L.str                                   0x08003ca7   Data           7  main.o(.rodata.str1.1)
    .L.str                                   0x08003cae   Data           5  tasks.o(.rodata.str1.1)
    [Anonymous Symbol]                       0x08003cae   Section        0  tasks.o(.rodata.str1.1)
    .L.str                                   0x08003cb3   Data           8  timers.o(.rodata.str1.1)
    [Anonymous Symbol]                       0x08003cb3   Section        0  timers.o(.rodata.str1.1)
    uxCriticalNesting                        0x20000004   Data           4  port.o(.data.uxCriticalNesting)
    [Anonymous Symbol]                       0x20000004   Section        0  port.o(.data.uxCriticalNesting)
    .bss                                     0x20000008   Section       96  libspace.o(.bss)
    clib_mutex_cb                            0x20000070   Data         400  clib_arm.o(.bss.clib_mutex_cb)
    [Anonymous Symbol]                       0x20000070   Section        0  clib_arm.o(.bss.clib_mutex_cb)
    clib_mutex_id                            0x20000200   Data          20  clib_arm.o(.bss.clib_mutex_id)
    [Anonymous Symbol]                       0x20000200   Section        0  clib_arm.o(.bss.clib_mutex_id)
    prvCheckForValidListAndQueue.ucStaticTimerQueueStorage 0x20000222   Data          80  timers.o(.bss.prvCheckForValidListAndQueue.ucStaticTimerQueueStorage)
    [Anonymous Symbol]                       0x20000222   Section        0  timers.o(.bss.prvCheckForValidListAndQueue.ucStaticTimerQueueStorage)
    prvCheckForValidListAndQueue.xStaticTimerQueue 0x20000274   Data          80  timers.o(.bss.prvCheckForValidListAndQueue.xStaticTimerQueue)
    [Anonymous Symbol]                       0x20000274   Section        0  timers.o(.bss.prvCheckForValidListAndQueue.xStaticTimerQueue)
    prvSampleTimeNow.xLastTime               0x200002c4   Data           4  timers.o(.bss.prvSampleTimeNow.xLastTime)
    [Anonymous Symbol]                       0x200002c4   Section        0  timers.o(.bss.prvSampleTimeNow.xLastTime)
    __tagsym$$used.1                         0x200002c8   Number         0  tasks.o(.bss.pxCurrentTCB)
    pxCurrentTimerList                       0x200002cc   Data           4  timers.o(.bss.pxCurrentTimerList)
    [Anonymous Symbol]                       0x200002cc   Section        0  timers.o(.bss.pxCurrentTimerList)
    pxDelayedTaskList                        0x200002d0   Data           4  tasks.o(.bss.pxDelayedTaskList)
    [Anonymous Symbol]                       0x200002d0   Section        0  tasks.o(.bss.pxDelayedTaskList)
    pxEnd                                    0x200002d4   Data           4  heap_4.o(.bss.pxEnd)
    [Anonymous Symbol]                       0x200002d4   Section        0  heap_4.o(.bss.pxEnd)
    pxOverflowDelayedTaskList                0x200002d8   Data           4  tasks.o(.bss.pxOverflowDelayedTaskList)
    [Anonymous Symbol]                       0x200002d8   Section        0  tasks.o(.bss.pxOverflowDelayedTaskList)
    pxOverflowTimerList                      0x200002dc   Data           4  timers.o(.bss.pxOverflowTimerList)
    [Anonymous Symbol]                       0x200002dc   Section        0  timers.o(.bss.pxOverflowTimerList)
    pxReadyTasksLists                        0x200002e0   Data        1120  tasks.o(.bss.pxReadyTasksLists)
    [Anonymous Symbol]                       0x200002e0   Section        0  tasks.o(.bss.pxReadyTasksLists)
    ucHeap                                   0x20000740   Data        8192  heap_4.o(.bss.ucHeap)
    [Anonymous Symbol]                       0x20000740   Section        0  heap_4.o(.bss.ucHeap)
    uxCurrentNumberOfTasks                   0x20002740   Data           4  tasks.o(.bss.uxCurrentNumberOfTasks)
    [Anonymous Symbol]                       0x20002740   Section        0  tasks.o(.bss.uxCurrentNumberOfTasks)
    uxDeletedTasksWaitingCleanUp             0x20002744   Data           4  tasks.o(.bss.uxDeletedTasksWaitingCleanUp)
    [Anonymous Symbol]                       0x20002744   Section        0  tasks.o(.bss.uxDeletedTasksWaitingCleanUp)
    uxSchedulerSuspended                     0x20002748   Data           4  tasks.o(.bss.uxSchedulerSuspended)
    [Anonymous Symbol]                       0x20002748   Section        0  tasks.o(.bss.uxSchedulerSuspended)
    uxTaskNumber                             0x2000274c   Data           4  tasks.o(.bss.uxTaskNumber)
    [Anonymous Symbol]                       0x2000274c   Section        0  tasks.o(.bss.uxTaskNumber)
    uxTopReadyPriority                       0x20002750   Data           4  tasks.o(.bss.uxTopReadyPriority)
    [Anonymous Symbol]                       0x20002750   Section        0  tasks.o(.bss.uxTopReadyPriority)
    vApplicationGetIdleTaskMemory.Idle_Stack 0x20002754   Data         512  cmsis_os2.o(.bss.vApplicationGetIdleTaskMemory.Idle_Stack)
    [Anonymous Symbol]                       0x20002754   Section        0  cmsis_os2.o(.bss.vApplicationGetIdleTaskMemory.Idle_Stack)
    vApplicationGetIdleTaskMemory.Idle_TCB   0x20002954   Data          92  cmsis_os2.o(.bss.vApplicationGetIdleTaskMemory.Idle_TCB)
    [Anonymous Symbol]                       0x20002954   Section        0  cmsis_os2.o(.bss.vApplicationGetIdleTaskMemory.Idle_TCB)
    vApplicationGetTimerTaskMemory.Timer_Stack 0x200029b0   Data         320  cmsis_os2.o(.bss.vApplicationGetTimerTaskMemory.Timer_Stack)
    [Anonymous Symbol]                       0x200029b0   Section        0  cmsis_os2.o(.bss.vApplicationGetTimerTaskMemory.Timer_Stack)
    vApplicationGetTimerTaskMemory.Timer_TCB 0x20002af0   Data          92  cmsis_os2.o(.bss.vApplicationGetTimerTaskMemory.Timer_TCB)
    [Anonymous Symbol]                       0x20002af0   Section        0  cmsis_os2.o(.bss.vApplicationGetTimerTaskMemory.Timer_TCB)
    xActiveTimerList1                        0x20002b4c   Data          20  timers.o(.bss.xActiveTimerList1)
    [Anonymous Symbol]                       0x20002b4c   Section        0  timers.o(.bss.xActiveTimerList1)
    xActiveTimerList2                        0x20002b60   Data          20  timers.o(.bss.xActiveTimerList2)
    [Anonymous Symbol]                       0x20002b60   Section        0  timers.o(.bss.xActiveTimerList2)
    xDelayedTaskList1                        0x20002b74   Data          20  tasks.o(.bss.xDelayedTaskList1)
    [Anonymous Symbol]                       0x20002b74   Section        0  tasks.o(.bss.xDelayedTaskList1)
    xDelayedTaskList2                        0x20002b88   Data          20  tasks.o(.bss.xDelayedTaskList2)
    [Anonymous Symbol]                       0x20002b88   Section        0  tasks.o(.bss.xDelayedTaskList2)
    xFreeBytesRemaining                      0x20002b9c   Data           4  heap_4.o(.bss.xFreeBytesRemaining)
    [Anonymous Symbol]                       0x20002b9c   Section        0  heap_4.o(.bss.xFreeBytesRemaining)
    xIdleTaskHandle                          0x20002ba0   Data           4  tasks.o(.bss.xIdleTaskHandle)
    [Anonymous Symbol]                       0x20002ba0   Section        0  tasks.o(.bss.xIdleTaskHandle)
    xMinimumEverFreeBytesRemaining           0x20002ba4   Data           4  heap_4.o(.bss.xMinimumEverFreeBytesRemaining)
    [Anonymous Symbol]                       0x20002ba4   Section        0  heap_4.o(.bss.xMinimumEverFreeBytesRemaining)
    xNextTaskUnblockTime                     0x20002ba8   Data           4  tasks.o(.bss.xNextTaskUnblockTime)
    [Anonymous Symbol]                       0x20002ba8   Section        0  tasks.o(.bss.xNextTaskUnblockTime)
    xNumOfOverflows                          0x20002bac   Data           4  tasks.o(.bss.xNumOfOverflows)
    [Anonymous Symbol]                       0x20002bac   Section        0  tasks.o(.bss.xNumOfOverflows)
    xNumberOfSuccessfulAllocations           0x20002bb0   Data           4  heap_4.o(.bss.xNumberOfSuccessfulAllocations)
    [Anonymous Symbol]                       0x20002bb0   Section        0  heap_4.o(.bss.xNumberOfSuccessfulAllocations)
    xNumberOfSuccessfulFrees                 0x20002bb4   Data           4  heap_4.o(.bss.xNumberOfSuccessfulFrees)
    [Anonymous Symbol]                       0x20002bb4   Section        0  heap_4.o(.bss.xNumberOfSuccessfulFrees)
    xPendedTicks                             0x20002bb8   Data           4  tasks.o(.bss.xPendedTicks)
    [Anonymous Symbol]                       0x20002bb8   Section        0  tasks.o(.bss.xPendedTicks)
    xPendingReadyList                        0x20002bbc   Data          20  tasks.o(.bss.xPendingReadyList)
    [Anonymous Symbol]                       0x20002bbc   Section        0  tasks.o(.bss.xPendingReadyList)
    xSchedulerRunning                        0x20002bd0   Data           4  tasks.o(.bss.xSchedulerRunning)
    [Anonymous Symbol]                       0x20002bd0   Section        0  tasks.o(.bss.xSchedulerRunning)
    xStart                                   0x20002bd4   Data           8  heap_4.o(.bss.xStart)
    [Anonymous Symbol]                       0x20002bd4   Section        0  heap_4.o(.bss.xStart)
    xSuspendedTaskList                       0x20002bdc   Data          20  tasks.o(.bss.xSuspendedTaskList)
    [Anonymous Symbol]                       0x20002bdc   Section        0  tasks.o(.bss.xSuspendedTaskList)
    xTasksWaitingTermination                 0x20002bf0   Data          20  tasks.o(.bss.xTasksWaitingTermination)
    [Anonymous Symbol]                       0x20002bf0   Section        0  tasks.o(.bss.xTasksWaitingTermination)
    xTickCount                               0x20002c04   Data           4  tasks.o(.bss.xTickCount)
    [Anonymous Symbol]                       0x20002c04   Section        0  tasks.o(.bss.xTickCount)
    xTimerQueue                              0x20002c08   Data           4  timers.o(.bss.xTimerQueue)
    [Anonymous Symbol]                       0x20002c08   Section        0  timers.o(.bss.xTimerQueue)
    xTimerTaskHandle                         0x20002c0c   Data           4  timers.o(.bss.xTimerTaskHandle)
    [Anonymous Symbol]                       0x20002c0c   Section        0  timers.o(.bss.xTimerTaskHandle)
    xYieldPending                            0x20002c10   Data           4  tasks.o(.bss.xYieldPending)
    [Anonymous Symbol]                       0x20002c10   Section        0  tasks.o(.bss.xYieldPending)
    Heap_Mem                                 0x20002c18   Data         512  startup_stm32f10x_md.o(HEAP)
    HEAP                                     0x20002c18   Section      512  startup_stm32f10x_md.o(HEAP)
    Stack_Mem                                0x20002e18   Data        1024  startup_stm32f10x_md.o(STACK)
    STACK                                    0x20002e18   Section     1024  startup_stm32f10x_md.o(STACK)
    __initial_sp                             0x20003218   Data           0  startup_stm32f10x_md.o(STACK)

    Global Symbols

    Symbol Name                              Value     Ov Type        Size  Object(Section)

    BuildAttributes$$THM_ISAv4$P$D$K$B$S$PE$A:L22UL41UL21$X:L11$S22US41US21$IEEE1$IW$~IW$USESV6$~STKCKD$USESV7$~SHL$OSPACE$ROPI$EBA8$UX$STANDARDLIB$REQ8$PRES8$EABIv2 0x00000000   Number         0  anon$$obj.o ABSOLUTE
    __fp_init_empty                          0x00000000   Number         0  fpinit_empty.o ABSOLUTE
    __ARM_exceptions_init                     - Undefined Weak Reference
    __alloca_initialize                       - Undefined Weak Reference
    __arm_preinit_                            - Undefined Weak Reference
    __arm_relocate_pie_                       - Undefined Weak Reference
    __cpp_initialize__aeabi_                  - Undefined Weak Reference
    __cxa_finalize                            - Undefined Weak Reference
    __rt_locale                               - Undefined Weak Reference
    __sigvec_lookup                           - Undefined Weak Reference
    _atexit_init                              - Undefined Weak Reference
    _call_atexit_fns                          - Undefined Weak Reference
    _clock_init                               - Undefined Weak Reference
    _fp_trap_init                             - Undefined Weak Reference
    _fp_trap_shutdown                         - Undefined Weak Reference
    _get_lc_collate                           - Undefined Weak Reference
    _get_lc_ctype                             - Undefined Weak Reference
    _get_lc_monetary                          - Undefined Weak Reference
    _get_lc_numeric                           - Undefined Weak Reference
    _get_lc_time                              - Undefined Weak Reference
    _getenv_init                              - Undefined Weak Reference
    _handle_redirection                       - Undefined Weak Reference
    _init_alloc                               - Undefined Weak Reference
    _init_user_alloc                          - Undefined Weak Reference
    _initio                                   - Undefined Weak Reference
    _rand_init                                - Undefined Weak Reference
    _signal_finish                            - Undefined Weak Reference
    _signal_init                              - Undefined Weak Reference
    _terminate_alloc                          - Undefined Weak Reference
    _terminate_user_alloc                     - Undefined Weak Reference
    _terminateio                              - Undefined Weak Reference
    __Vectors_Size                           0x000000ec   Number         0  startup_stm32f10x_md.o ABSOLUTE
    __Vectors                                0x08000000   Data           4  startup_stm32f10x_md.o(RESET)
    __Vectors_End                            0x080000ec   Data           0  startup_stm32f10x_md.o(RESET)
    __main                                   0x080000ed   Thumb Code     8  __main.o(!!!main)
    __scatterload                            0x080000f5   Thumb Code     0  __scatter.o(!!!scatter)
    __scatterload_rt2                        0x080000f5   Thumb Code    44  __scatter.o(!!!scatter)
    __scatterload_rt2_thumb_only             0x080000f5   Thumb Code     0  __scatter.o(!!!scatter)
    __scatterload_null                       0x08000103   Thumb Code     0  __scatter.o(!!!scatter)
    __scatterload_copy                       0x08000129   Thumb Code    26  __scatter_copy.o(!!handler_copy)
    __scatterload_zeroinit                   0x08000145   Thumb Code    28  __scatter_zi.o(!!handler_zi)
    __rt_lib_init                            0x08000161   Thumb Code     0  libinit.o(.ARM.Collect$$libinit$$00000000)
    __rt_lib_init_alloca_1                   0x08000163   Thumb Code     0  libinit2.o(.ARM.Collect$$libinit$$00000030)
    __rt_lib_init_argv_1                     0x08000163   Thumb Code     0  libinit2.o(.ARM.Collect$$libinit$$0000002E)
    __rt_lib_init_atexit_1                   0x08000163   Thumb Code     0  libinit2.o(.ARM.Collect$$libinit$$0000001D)
    __rt_lib_init_clock_1                    0x08000163   Thumb Code     0  libinit2.o(.ARM.Collect$$libinit$$00000023)
    __rt_lib_init_cpp_1                      0x08000163   Thumb Code     0  libinit2.o(.ARM.Collect$$libinit$$00000034)
    __rt_lib_init_exceptions_1               0x08000163   Thumb Code     0  libinit2.o(.ARM.Collect$$libinit$$00000032)
    __rt_lib_init_fp_1                       0x08000163   Thumb Code     0  libinit2.o(.ARM.Collect$$libinit$$00000002)
    __rt_lib_init_fp_trap_1                  0x08000163   Thumb Code     0  libinit2.o(.ARM.Collect$$libinit$$00000021)
    __rt_lib_init_getenv_1                   0x08000163   Thumb Code     0  libinit2.o(.ARM.Collect$$libinit$$00000025)
    __rt_lib_init_heap_1                     0x08000163   Thumb Code     0  libinit2.o(.ARM.Collect$$libinit$$0000000C)
    __rt_lib_init_lc_collate_1               0x08000163   Thumb Code     0  libinit2.o(.ARM.Collect$$libinit$$00000013)
    __rt_lib_init_lc_ctype_1                 0x08000163   Thumb Code     0  libinit2.o(.ARM.Collect$$libinit$$00000015)
    __rt_lib_init_lc_monetary_1              0x08000163   Thumb Code     0  libinit2.o(.ARM.Collect$$libinit$$00000017)
    __rt_lib_init_lc_numeric_1               0x08000163   Thumb Code     0  libinit2.o(.ARM.Collect$$libinit$$00000019)
    __rt_lib_init_lc_time_1                  0x08000163   Thumb Code     0  libinit2.o(.ARM.Collect$$libinit$$0000001B)
    __rt_lib_init_preinit_1                  0x08000163   Thumb Code     0  libinit2.o(.ARM.Collect$$libinit$$00000006)
    __rt_lib_init_rand_1                     0x08000163   Thumb Code     0  libinit2.o(.ARM.Collect$$libinit$$00000010)
    __rt_lib_init_relocate_pie_1             0x08000163   Thumb Code     0  libinit2.o(.ARM.Collect$$libinit$$00000004)
    __rt_lib_init_return                     0x08000163   Thumb Code     0  libinit2.o(.ARM.Collect$$libinit$$00000035)
    __rt_lib_init_signal_1                   0x08000163   Thumb Code     0  libinit2.o(.ARM.Collect$$libinit$$0000001F)
    __rt_lib_init_stdio_1                    0x08000163   Thumb Code     0  libinit2.o(.ARM.Collect$$libinit$$00000027)
    __rt_lib_init_user_alloc_1               0x08000163   Thumb Code     0  libinit2.o(.ARM.Collect$$libinit$$0000000E)
    __rt_lib_shutdown                        0x08000165   Thumb Code     0  libshutdown.o(.ARM.Collect$$libshutdown$$00000000)
    __rt_lib_shutdown_cpp_1                  0x08000167   Thumb Code     0  libshutdown2.o(.ARM.Collect$$libshutdown$$00000002)
    __rt_lib_shutdown_fp_trap_1              0x08000167   Thumb Code     0  libshutdown2.o(.ARM.Collect$$libshutdown$$00000007)
    __rt_lib_shutdown_heap_1                 0x08000167   Thumb Code     0  libshutdown2.o(.ARM.Collect$$libshutdown$$0000000F)
    __rt_lib_shutdown_return                 0x08000167   Thumb Code     0  libshutdown2.o(.ARM.Collect$$libshutdown$$00000010)
    __rt_lib_shutdown_signal_1               0x08000167   Thumb Code     0  libshutdown2.o(.ARM.Collect$$libshutdown$$0000000A)
    __rt_lib_shutdown_stdio_1                0x08000167   Thumb Code     0  libshutdown2.o(.ARM.Collect$$libshutdown$$00000004)
    __rt_lib_shutdown_user_alloc_1           0x08000167   Thumb Code     0  libshutdown2.o(.ARM.Collect$$libshutdown$$0000000C)
    __rt_entry                               0x08000169   Thumb Code     0  __rtentry.o(.ARM.Collect$$rtentry$$00000000)
    __rt_entry_presh_1                       0x08000169   Thumb Code     0  __rtentry2.o(.ARM.Collect$$rtentry$$00000002)
    __rt_entry_sh                            0x08000169   Thumb Code     0  __rtentry4.o(.ARM.Collect$$rtentry$$00000004)
    __rt_entry_postsh_1                      0x0800016f   Thumb Code     0  __rtentry2.o(.ARM.Collect$$rtentry$$00000008)
    __rt_entry_li                            0x08000177   Thumb Code     0  __rtentry2.o(.ARM.Collect$$rtentry$$0000000A)
    __rt_entry_main                          0x0800017b   Thumb Code     0  __rtentry2.o(.ARM.Collect$$rtentry$$0000000D)
    __rt_entry_postli_1                      0x0800017b   Thumb Code     0  __rtentry2.o(.ARM.Collect$$rtentry$$0000000C)
    __rt_exit                                0x08000183   Thumb Code     0  rtexit.o(.ARM.Collect$$rtexit$$00000000)
    __rt_exit_ls                             0x08000185   Thumb Code     0  rtexit2.o(.ARM.Collect$$rtexit$$00000003)
    __rt_exit_prels_1                        0x08000185   Thumb Code     0  rtexit2.o(.ARM.Collect$$rtexit$$00000002)
    __rt_exit_exit                           0x08000189   Thumb Code     0  rtexit2.o(.ARM.Collect$$rtexit$$00000004)
    Reset_Handler                            0x08000191   Thumb Code     8  startup_stm32f10x_md.o(.text)
    NMI_Handler                              0x08000199   Thumb Code     2  startup_stm32f10x_md.o(.text)
    HardFault_Handler                        0x0800019b   Thumb Code     2  startup_stm32f10x_md.o(.text)
    MemManage_Handler                        0x0800019d   Thumb Code     2  startup_stm32f10x_md.o(.text)
    BusFault_Handler                         0x0800019f   Thumb Code     2  startup_stm32f10x_md.o(.text)
    UsageFault_Handler                       0x080001a1   Thumb Code     2  startup_stm32f10x_md.o(.text)
    DebugMon_Handler                         0x080001a5   Thumb Code     2  startup_stm32f10x_md.o(.text)
    ADC1_2_IRQHandler                        0x080001ab   Thumb Code     0  startup_stm32f10x_md.o(.text)
    CAN1_RX1_IRQHandler                      0x080001ab   Thumb Code     0  startup_stm32f10x_md.o(.text)
    CAN1_SCE_IRQHandler                      0x080001ab   Thumb Code     0  startup_stm32f10x_md.o(.text)
    DMA1_Channel1_IRQHandler                 0x080001ab   Thumb Code     0  startup_stm32f10x_md.o(.text)
    DMA1_Channel2_IRQHandler                 0x080001ab   Thumb Code     0  startup_stm32f10x_md.o(.text)
    DMA1_Channel3_IRQHandler                 0x080001ab   Thumb Code     0  startup_stm32f10x_md.o(.text)
    DMA1_Channel4_IRQHandler                 0x080001ab   Thumb Code     0  startup_stm32f10x_md.o(.text)
    DMA1_Channel5_IRQHandler                 0x080001ab   Thumb Code     0  startup_stm32f10x_md.o(.text)
    DMA1_Channel6_IRQHandler                 0x080001ab   Thumb Code     0  startup_stm32f10x_md.o(.text)
    DMA1_Channel7_IRQHandler                 0x080001ab   Thumb Code     0  startup_stm32f10x_md.o(.text)
    EXTI0_IRQHandler                         0x080001ab   Thumb Code     0  startup_stm32f10x_md.o(.text)
    EXTI15_10_IRQHandler                     0x080001ab   Thumb Code     0  startup_stm32f10x_md.o(.text)
    EXTI1_IRQHandler                         0x080001ab   Thumb Code     0  startup_stm32f10x_md.o(.text)
    EXTI2_IRQHandler                         0x080001ab   Thumb Code     0  startup_stm32f10x_md.o(.text)
    EXTI3_IRQHandler                         0x080001ab   Thumb Code     0  startup_stm32f10x_md.o(.text)
    EXTI4_IRQHandler                         0x080001ab   Thumb Code     0  startup_stm32f10x_md.o(.text)
    EXTI9_5_IRQHandler                       0x080001ab   Thumb Code     0  startup_stm32f10x_md.o(.text)
    FLASH_IRQHandler                         0x080001ab   Thumb Code     0  startup_stm32f10x_md.o(.text)
    I2C1_ER_IRQHandler                       0x080001ab   Thumb Code     0  startup_stm32f10x_md.o(.text)
    I2C1_EV_IRQHandler                       0x080001ab   Thumb Code     0  startup_stm32f10x_md.o(.text)
    I2C2_ER_IRQHandler                       0x080001ab   Thumb Code     0  startup_stm32f10x_md.o(.text)
    I2C2_EV_IRQHandler                       0x080001ab   Thumb Code     0  startup_stm32f10x_md.o(.text)
    PVD_IRQHandler                           0x080001ab   Thumb Code     0  startup_stm32f10x_md.o(.text)
    RCC_IRQHandler                           0x080001ab   Thumb Code     0  startup_stm32f10x_md.o(.text)
    RTCAlarm_IRQHandler                      0x080001ab   Thumb Code     0  startup_stm32f10x_md.o(.text)
    RTC_IRQHandler                           0x080001ab   Thumb Code     0  startup_stm32f10x_md.o(.text)
    SPI1_IRQHandler                          0x080001ab   Thumb Code     0  startup_stm32f10x_md.o(.text)
    SPI2_IRQHandler                          0x080001ab   Thumb Code     0  startup_stm32f10x_md.o(.text)
    TAMPER_IRQHandler                        0x080001ab   Thumb Code     0  startup_stm32f10x_md.o(.text)
    TIM1_BRK_IRQHandler                      0x080001ab   Thumb Code     0  startup_stm32f10x_md.o(.text)
    TIM1_CC_IRQHandler                       0x080001ab   Thumb Code     0  startup_stm32f10x_md.o(.text)
    TIM1_TRG_COM_IRQHandler                  0x080001ab   Thumb Code     0  startup_stm32f10x_md.o(.text)
    TIM1_UP_IRQHandler                       0x080001ab   Thumb Code     0  startup_stm32f10x_md.o(.text)
    TIM2_IRQHandler                          0x080001ab   Thumb Code     0  startup_stm32f10x_md.o(.text)
    TIM3_IRQHandler                          0x080001ab   Thumb Code     0  startup_stm32f10x_md.o(.text)
    TIM4_IRQHandler                          0x080001ab   Thumb Code     0  startup_stm32f10x_md.o(.text)
    USART1_IRQHandler                        0x080001ab   Thumb Code     0  startup_stm32f10x_md.o(.text)
    USART3_IRQHandler                        0x080001ab   Thumb Code     0  startup_stm32f10x_md.o(.text)
    USBWakeUp_IRQHandler                     0x080001ab   Thumb Code     0  startup_stm32f10x_md.o(.text)
    USB_HP_CAN1_TX_IRQHandler                0x080001ab   Thumb Code     0  startup_stm32f10x_md.o(.text)
    USB_LP_CAN1_RX0_IRQHandler               0x080001ab   Thumb Code     0  startup_stm32f10x_md.o(.text)
    WWDG_IRQHandler                          0x080001ab   Thumb Code     0  startup_stm32f10x_md.o(.text)
    __user_initial_stackheap                 0x080001ad   Thumb Code     0  startup_stm32f10x_md.o(.text)
    strlen                                   0x080001d1   Thumb Code    62  strlen.o(.text)
    __aeabi_memcpy                           0x0800020f   Thumb Code     0  rt_memcpy_v6.o(.text)
    __rt_memcpy                              0x0800020f   Thumb Code   138  rt_memcpy_v6.o(.text)
    _memcpy_lastbytes                        0x08000275   Thumb Code     0  rt_memcpy_v6.o(.text)
    __aeabi_memset4                          0x08000299   Thumb Code    16  aeabi_memset4.o(.text)
    __aeabi_memset8                          0x08000299   Thumb Code     0  aeabi_memset4.o(.text)
    __aeabi_memclr                           0x080002a9   Thumb Code     0  rt_memclr.o(.text)
    __rt_memclr                              0x080002a9   Thumb Code     0  rt_memclr.o(.text)
    _memset                                  0x080002ad   Thumb Code    64  rt_memclr.o(.text)
    __aeabi_memclr4                          0x080002ed   Thumb Code     0  rt_memclr_w.o(.text)
    __aeabi_memclr8                          0x080002ed   Thumb Code     0  rt_memclr_w.o(.text)
    __rt_memclr_w                            0x080002ed   Thumb Code     0  rt_memclr_w.o(.text)
    _memset_w                                0x080002f1   Thumb Code    74  rt_memclr_w.o(.text)
    strcmp                                   0x0800033d   Thumb Code   128  strcmpv7m.o(.text)
    __use_two_region_memory                  0x080003bd   Thumb Code     2  heapauxi.o(.text)
    __rt_heap_escrow$2region                 0x080003bf   Thumb Code     2  heapauxi.o(.text)
    __rt_heap_expand$2region                 0x080003c1   Thumb Code     2  heapauxi.o(.text)
    __aeabi_memcpy4                          0x080003c3   Thumb Code     0  rt_memcpy_w.o(.text)
    __aeabi_memcpy8                          0x080003c3   Thumb Code     0  rt_memcpy_w.o(.text)
    __rt_memcpy_w                            0x080003c3   Thumb Code   100  rt_memcpy_w.o(.text)
    _memcpy_lastbytes_aligned                0x0800040b   Thumb Code     0  rt_memcpy_w.o(.text)
    __user_setup_stackheap                   0x08000427   Thumb Code    74  sys_stackheap_outer.o(.text)
    exit                                     0x08000471   Thumb Code    18  exit.o(.text)
    __user_libspace                          0x08000485   Thumb Code     8  libspace.o(.text)
    __user_perproc_libspace                  0x08000485   Thumb Code     0  libspace.o(.text)
    _sys_exit                                0x0800048d   Thumb Code     8  sys_exit.o(.text)
    __I$use$semihosting                      0x08000499   Thumb Code     0  use_no_semi.o(.text)
    __use_no_semihosting_swi                 0x08000499   Thumb Code     2  use_no_semi.o(.text)
    __semihosting_library_function           0x0800049b   Thumb Code     0  indicate_semi.o(.text)
    CLI_Receive                              0x0800049d   Thumb Code   984  cli.o(.text.CLI_Receive)
    CLI_Transmit                             0x08000875   Thumb Code    52  cli.o(.text.CLI_Transmit)
    PendSV_Handler                           0x080008b1   Thumb Code    68  port.o(.text.PendSV_Handler)
    SVC_Handler                              0x08000901   Thumb Code    36  port.o(.text.SVC_Handler)
    SysTick_Handler                          0x08000a51   Thumb Code    30  cmsis_os2.o(.text.SysTick_Handler)
    SystemInit                               0x08000a71   Thumb Code   102  system_stm32f10x.o(.text.SystemInit)
    USART2_IRQHandler                        0x08000ad9   Thumb Code    90  usart.o(.text.USART2_IRQHandler)
    _mutex_acquire                           0x08000b65   Thumb Code    40  clib_arm.o(.text._mutex_acquire)
    _mutex_free                              0x08000b8d   Thumb Code    84  clib_arm.o(.text._mutex_free)
    _mutex_initialize                        0x08000be1   Thumb Code   168  clib_arm.o(.text._mutex_initialize)
    _mutex_release                           0x08000c89   Thumb Code    42  clib_arm.o(.text._mutex_release)
    _platform_post_stackheap_init            0x08000cb5   Thumb Code     2  clib_arm.o(.text._platform_post_stackheap_init)
    main                                     0x08000cd9   Thumb Code   136  main.o(.text.main)
    pvPortMalloc                             0x08001b3d   Thumb Code   390  heap_4.o(.text.pvPortMalloc)
    pvTaskIncrementMutexHeldCount            0x08001cc5   Thumb Code    44  tasks.o(.text.pvTaskIncrementMutexHeldCount)
    pxPortInitialiseStack                    0x08001cf1   Thumb Code    80  port.o(.text.pxPortInitialiseStack)
    sendbyte                                 0x08001d41   Thumb Code   224  usart.o(.text.sendbyte)
    serial_close                             0x08001e21   Thumb Code    28  usart.o(.text.serial_close)
    serial_open                              0x08001e3d   Thumb Code   230  usart.o(.text.serial_open)
    uxListRemove                             0x08001f25   Thumb Code    72  list.o(.text.uxListRemove)
    uxTaskGetNumberOfTasks                   0x08001f6d   Thumb Code    12  tasks.o(.text.uxTaskGetNumberOfTasks)
    vApplicationGetIdleTaskMemory            0x08001f79   Thumb Code    42  cmsis_os2.o(.text.vApplicationGetIdleTaskMemory)
    vApplicationGetTimerTaskMemory           0x08001fa5   Thumb Code    42  cmsis_os2.o(.text.vApplicationGetTimerTaskMemory)
    vApplicationStackOverflowHook            0x08001fd1   Thumb Code    10  cmsis_os2.o(.text.vApplicationStackOverflowHook)
    vListInitialise                          0x08002139   Thumb Code    46  list.o(.text.vListInitialise)
    vListInitialiseItem                      0x08002169   Thumb Code    14  list.o(.text.vListInitialiseItem)
    vListInsert                              0x08002179   Thumb Code   106  list.o(.text.vListInsert)
    vPortEnterCritical                       0x080021e5   Thumb Code    48  port.o(.text.vPortEnterCritical)
    vPortExitCritical                        0x08002215   Thumb Code    38  port.o(.text.vPortExitCritical)
    vPortFree                                0x0800223d   Thumb Code   118  heap_4.o(.text.vPortFree)
    vPortSetupTimerInterrupt                 0x080022b5   Thumb Code    68  port.o(.text.vPortSetupTimerInterrupt)
    vQueueDelete                             0x080022f9   Thumb Code    34  queue.o(.text.vQueueDelete)
    vQueueWaitForMessageRestricted           0x0800231d   Thumb Code   100  queue.o(.text.vQueueWaitForMessageRestricted)
    vTaskDelay                               0x08002381   Thumb Code    74  tasks.o(.text.vTaskDelay)
    vTaskInternalSetTimeOutState             0x080023cd   Thumb Code    36  tasks.o(.text.vTaskInternalSetTimeOutState)
    vTaskMissedYield                         0x080023f1   Thumb Code    14  tasks.o(.text.vTaskMissedYield)
    vTaskPlaceOnEventList                    0x08002401   Thumb Code    38  tasks.o(.text.vTaskPlaceOnEventList)
    vTaskPlaceOnEventListRestricted          0x08002429   Thumb Code    96  tasks.o(.text.vTaskPlaceOnEventListRestricted)
    vTaskPriorityDisinheritAfterTimeout      0x08002489   Thumb Code   300  tasks.o(.text.vTaskPriorityDisinheritAfterTimeout)
    vTaskStartScheduler                      0x080025b5   Thumb Code   196  tasks.o(.text.vTaskStartScheduler)
    vTaskSuspendAll                          0x08002679   Thumb Code    16  tasks.o(.text.vTaskSuspendAll)
    vTaskSwitchContext                       0x08002689   Thumb Code   260  tasks.o(.text.vTaskSwitchContext)
    xPortStartScheduler                      0x0800278d   Thumb Code    64  port.o(.text.xPortStartScheduler)
    xPortSysTickHandler                      0x080027cd   Thumb Code    60  port.o(.text.xPortSysTickHandler)
    xQueueCreateMutex                        0x08002809   Thumb Code    38  queue.o(.text.xQueueCreateMutex)
    xQueueCreateMutexStatic                  0x08002831   Thumb Code    50  queue.o(.text.xQueueCreateMutexStatic)
    xQueueGenericCreate                      0x08002865   Thumb Code   134  queue.o(.text.xQueueGenericCreate)
    xQueueGenericCreateStatic                0x080028ed   Thumb Code   108  queue.o(.text.xQueueGenericCreateStatic)
    xQueueGenericReset                       0x08002959   Thumb Code   208  queue.o(.text.xQueueGenericReset)
    xQueueGenericSend                        0x08002a29   Thumb Code   362  queue.o(.text.xQueueGenericSend)
    xQueueGenericSendFromISR                 0x08002b95   Thumb Code   210  queue.o(.text.xQueueGenericSendFromISR)
    xQueueReceive                            0x08002c69   Thumb Code   338  queue.o(.text.xQueueReceive)
    xQueueSemaphoreTake                      0x08002dbd   Thumb Code   414  queue.o(.text.xQueueSemaphoreTake)
    xTaskCheckForTimeOut                     0x08002f5d   Thumb Code   154  tasks.o(.text.xTaskCheckForTimeOut)
    xTaskCreate                              0x08002ff9   Thumb Code   166  tasks.o(.text.xTaskCreate)
    xTaskCreateStatic                        0x080030a1   Thumb Code   122  tasks.o(.text.xTaskCreateStatic)
    xTaskDelayUntil                          0x0800311d   Thumb Code   186  tasks.o(.text.xTaskDelayUntil)
    xTaskGetSchedulerState                   0x080031d9   Thumb Code    56  tasks.o(.text.xTaskGetSchedulerState)
    xTaskGetTickCount                        0x08003211   Thumb Code    20  tasks.o(.text.xTaskGetTickCount)
    xTaskIncrementTick                       0x08003225   Thumb Code   582  tasks.o(.text.xTaskIncrementTick)
    xTaskPriorityDisinherit                  0x0800346d   Thumb Code   230  tasks.o(.text.xTaskPriorityDisinherit)
    xTaskPriorityInherit                     0x08003555   Thumb Code   334  tasks.o(.text.xTaskPriorityInherit)
    xTaskRemoveFromEventList                 0x080036a5   Thumb Code   380  tasks.o(.text.xTaskRemoveFromEventList)
    xTaskResumeAll                           0x08003821   Thumb Code   522  tasks.o(.text.xTaskResumeAll)
    xTimerCreateTimerTask                    0x08003a2d   Thumb Code   120  timers.o(.text.xTimerCreateTimerTask)
    uxTopUsedPriority                        0x08003cbc   Data           4  tasks.o(.rodata.uxTopUsedPriority)
    Region$$Table$$Base                      0x08003cc0   Number         0  anon$$obj.o(Region$$Table)
    Region$$Table$$Limit                     0x08003ce0   Number         0  anon$$obj.o(Region$$Table)
    SystemCoreClock                          0x20000000   Data           4  system_stm32f10x.o(.data.SystemCoreClock)
    __libspace_start                         0x20000008   Data          96  libspace.o(.bss)
    CLIQueue                                 0x20000068   Data           4  usart.o(.bss.CLIQueue)
    __temporary_stack_top$libspace           0x20000068   Data           0  libspace.o(.bss)
    characterFlag                            0x2000006c   Data           4  usart.o(.bss.characterFlag)
    freqQueue                                0x20000214   Data           4  cli.o(.bss.freqQueue)
    inputString                              0x20000218   Data          10  cli.o(.bss.inputString)
    pxCurrentTCB                             0x200002c8   Data           4  tasks.o(.bss.pxCurrentTCB)



==============================================================================

Memory Map of the image

  Image Entry point : 0x08000191

  Load Region LR_1 (Base: 0x08000000, Size: 0x00003ce8, Max: 0xffffffff, ABSOLUTE)

    Execution Region ER_RO (Exec base: 0x08000000, Load base: 0x08000000, Size: 0x00003ce0, Max: 0xffffffff, ABSOLUTE)

    Exec Addr    Load Addr    Size         Type   Attr      Idx    E Section Name        Object

    0x08000000   0x08000000   0x000000ec   Data   RO          283    RESET               startup_stm32f10x_md.o
    0x080000ec   0x080000ec   0x00000008   Code   RO          808  * !!!main             c_w.l(__main.o)
    0x080000f4   0x080000f4   0x00000034   Code   RO          973    !!!scatter          c_w.l(__scatter.o)
    0x08000128   0x08000128   0x0000001a   Code   RO          975    !!handler_copy      c_w.l(__scatter_copy.o)
    0x08000142   0x08000142   0x00000002   PAD
    0x08000144   0x08000144   0x0000001c   Code   RO          977    !!handler_zi        c_w.l(__scatter_zi.o)
    0x08000160   0x08000160   0x00000002   Code   RO          835    .ARM.Collect$$libinit$$00000000  c_w.l(libinit.o)
    0x08000162   0x08000162   0x00000000   Code   RO          842    .ARM.Collect$$libinit$$00000002  c_w.l(libinit2.o)
    0x08000162   0x08000162   0x00000000   Code   RO          844    .ARM.Collect$$libinit$$00000004  c_w.l(libinit2.o)
    0x08000162   0x08000162   0x00000000   Code   RO          846    .ARM.Collect$$libinit$$00000006  c_w.l(libinit2.o)
    0x08000162   0x08000162   0x00000000   Code   RO          849    .ARM.Collect$$libinit$$0000000C  c_w.l(libinit2.o)
    0x08000162   0x08000162   0x00000000   Code   RO          851    .ARM.Collect$$libinit$$0000000E  c_w.l(libinit2.o)
    0x08000162   0x08000162   0x00000000   Code   RO          853    .ARM.Collect$$libinit$$00000010  c_w.l(libinit2.o)
    0x08000162   0x08000162   0x00000000   Code   RO          856    .ARM.Collect$$libinit$$00000013  c_w.l(libinit2.o)
    0x08000162   0x08000162   0x00000000   Code   RO          858    .ARM.Collect$$libinit$$00000015  c_w.l(libinit2.o)
    0x08000162   0x08000162   0x00000000   Code   RO          860    .ARM.Collect$$libinit$$00000017  c_w.l(libinit2.o)
    0x08000162   0x08000162   0x00000000   Code   RO          862    .ARM.Collect$$libinit$$00000019  c_w.l(libinit2.o)
    0x08000162   0x08000162   0x00000000   Code   RO          864    .ARM.Collect$$libinit$$0000001B  c_w.l(libinit2.o)
    0x08000162   0x08000162   0x00000000   Code   RO          866    .ARM.Collect$$libinit$$0000001D  c_w.l(libinit2.o)
    0x08000162   0x08000162   0x00000000   Code   RO          868    .ARM.Collect$$libinit$$0000001F  c_w.l(libinit2.o)
    0x08000162   0x08000162   0x00000000   Code   RO          870    .ARM.Collect$$libinit$$00000021  c_w.l(libinit2.o)
    0x08000162   0x08000162   0x00000000   Code   RO          872    .ARM.Collect$$libinit$$00000023  c_w.l(libinit2.o)
    0x08000162   0x08000162   0x00000000   Code   RO          874    .ARM.Collect$$libinit$$00000025  c_w.l(libinit2.o)
    0x08000162   0x08000162   0x00000000   Code   RO          876    .ARM.Collect$$libinit$$00000027  c_w.l(libinit2.o)
    0x08000162   0x08000162   0x00000000   Code   RO          880    .ARM.Collect$$libinit$$0000002E  c_w.l(libinit2.o)
    0x08000162   0x08000162   0x00000000   Code   RO          882    .ARM.Collect$$libinit$$00000030  c_w.l(libinit2.o)
    0x08000162   0x08000162   0x00000000   Code   RO          884    .ARM.Collect$$libinit$$00000032  c_w.l(libinit2.o)
    0x08000162   0x08000162   0x00000000   Code   RO          886    .ARM.Collect$$libinit$$00000034  c_w.l(libinit2.o)
    0x08000162   0x08000162   0x00000002   Code   RO          887    .ARM.Collect$$libinit$$00000035  c_w.l(libinit2.o)
    0x08000164   0x08000164   0x00000002   Code   RO          909    .ARM.Collect$$libshutdown$$00000000  c_w.l(libshutdown.o)
    0x08000166   0x08000166   0x00000000   Code   RO          924    .ARM.Collect$$libshutdown$$00000002  c_w.l(libshutdown2.o)
    0x08000166   0x08000166   0x00000000   Code   RO          926    .ARM.Collect$$libshutdown$$00000004  c_w.l(libshutdown2.o)
    0x08000166   0x08000166   0x00000000   Code   RO          929    .ARM.Collect$$libshutdown$$00000007  c_w.l(libshutdown2.o)
    0x08000166   0x08000166   0x00000000   Code   RO          932    .ARM.Collect$$libshutdown$$0000000A  c_w.l(libshutdown2.o)
    0x08000166   0x08000166   0x00000000   Code   RO          934    .ARM.Collect$$libshutdown$$0000000C  c_w.l(libshutdown2.o)
    0x08000166   0x08000166   0x00000000   Code   RO          937    .ARM.Collect$$libshutdown$$0000000F  c_w.l(libshutdown2.o)
    0x08000166   0x08000166   0x00000002   Code   RO          938    .ARM.Collect$$libshutdown$$00000010  c_w.l(libshutdown2.o)
    0x08000168   0x08000168   0x00000000   Code   RO          810    .ARM.Collect$$rtentry$$00000000  c_w.l(__rtentry.o)
    0x08000168   0x08000168   0x00000000   Code   RO          814    .ARM.Collect$$rtentry$$00000002  c_w.l(__rtentry2.o)
    0x08000168   0x08000168   0x00000006   Code   RO          826    .ARM.Collect$$rtentry$$00000004  c_w.l(__rtentry4.o)
    0x0800016e   0x0800016e   0x00000008   Code   RO          815    .ARM.Collect$$rtentry$$00000008  c_w.l(__rtentry2.o)
    0x08000176   0x08000176   0x00000004   Code   RO          817    .ARM.Collect$$rtentry$$0000000A  c_w.l(__rtentry2.o)
    0x0800017a   0x0800017a   0x00000000   Code   RO          819    .ARM.Collect$$rtentry$$0000000C  c_w.l(__rtentry2.o)
    0x0800017a   0x0800017a   0x00000008   Code   RO          820    .ARM.Collect$$rtentry$$0000000D  c_w.l(__rtentry2.o)
    0x08000182   0x08000182   0x00000002   Code   RO          839    .ARM.Collect$$rtexit$$00000000  c_w.l(rtexit.o)
    0x08000184   0x08000184   0x00000000   Code   RO          889    .ARM.Collect$$rtexit$$00000002  c_w.l(rtexit2.o)
    0x08000184   0x08000184   0x00000004   Code   RO          890    .ARM.Collect$$rtexit$$00000003  c_w.l(rtexit2.o)
    0x08000188   0x08000188   0x00000006   Code   RO          891    .ARM.Collect$$rtexit$$00000004  c_w.l(rtexit2.o)
    0x0800018e   0x0800018e   0x00000002   PAD
    0x08000190   0x08000190   0x00000040   Code   RO          284  * .text               startup_stm32f10x_md.o
    0x080001d0   0x080001d0   0x0000003e   Code   RO          794    .text               c_w.l(strlen.o)
    0x0800020e   0x0800020e   0x0000008a   Code   RO          796    .text               c_w.l(rt_memcpy_v6.o)
    0x08000298   0x08000298   0x00000010   Code   RO          798    .text               c_w.l(aeabi_memset4.o)
    0x080002a8   0x080002a8   0x00000044   Code   RO          800    .text               c_w.l(rt_memclr.o)
    0x080002ec   0x080002ec   0x0000004e   Code   RO          802    .text               c_w.l(rt_memclr_w.o)
    0x0800033a   0x0800033a   0x00000002   PAD
    0x0800033c   0x0800033c   0x00000080   Code   RO          804    .text               c_w.l(strcmpv7m.o)
    0x080003bc   0x080003bc   0x00000006   Code   RO          806    .text               c_w.l(heapauxi.o)
    0x080003c2   0x080003c2   0x00000064   Code   RO          811    .text               c_w.l(rt_memcpy_w.o)
    0x08000426   0x08000426   0x0000004a   Code   RO          828    .text               c_w.l(sys_stackheap_outer.o)
    0x08000470   0x08000470   0x00000012   Code   RO          830    .text               c_w.l(exit.o)
    0x08000482   0x08000482   0x00000002   PAD
    0x08000484   0x08000484   0x00000008   Code   RO          836    .text               c_w.l(libspace.o)
    0x0800048c   0x0800048c   0x0000000c   Code   RO          899    .text               c_w.l(sys_exit.o)
    0x08000498   0x08000498   0x00000002   Code   RO          914    .text               c_w.l(use_no_semi.o)
    0x0800049a   0x0800049a   0x00000000   Code   RO          916    .text               c_w.l(indicate_semi.o)
    0x0800049a   0x0800049a   0x00000002   PAD
    0x0800049c   0x0800049c   0x000003d8   Code   RO            4    .text.CLI_Receive   cli.o
    0x08000874   0x08000874   0x00000034   Code   RO            2    .text.CLI_Transmit  cli.o
    0x080008a8   0x080008a8   0x00000008   PAD
    0x080008b0   0x080008b0   0x00000044   Code   RO          382    .text.PendSV_Handler  port.o
    0x080008f4   0x080008f4   0x0000000c   PAD
    0x08000900   0x08000900   0x00000024   Code   RO          368    .text.SVC_Handler   port.o
    0x08000924   0x08000924   0x00000008   Code   RO          293    .text.SetSysClock   system_stm32f10x.o
    0x0800092c   0x0800092c   0x00000122   Code   RO          297    .text.SetSysClockTo72  system_stm32f10x.o
    0x08000a4e   0x08000a4e   0x00000002   PAD
    0x08000a50   0x08000a50   0x0000001e   Code   RO           77    .text.SysTick_Handler  cmsis_os2.o
    0x08000a6e   0x08000a6e   0x00000002   PAD
    0x08000a70   0x08000a70   0x00000066   Code   RO          291    .text.SystemInit    system_stm32f10x.o
    0x08000ad6   0x08000ad6   0x00000002   PAD
    0x08000ad8   0x08000ad8   0x0000005a   Code   RO           39    .text.USART2_IRQHandler  usart.o
    0x08000b32   0x08000b32   0x00000002   PAD
    0x08000b34   0x08000b34   0x00000030   Code   RO           33    .text.__NVIC_EnableIRQ  usart.o
    0x08000b64   0x08000b64   0x00000028   Code   RO           58    .text._mutex_acquire  clib_arm.o
    0x08000b8c   0x08000b8c   0x00000054   Code   RO           64    .text._mutex_free   clib_arm.o
    0x08000be0   0x08000be0   0x000000a8   Code   RO           56    .text._mutex_initialize  clib_arm.o
    0x08000c88   0x08000c88   0x0000002a   Code   RO           62    .text._mutex_release  clib_arm.o
    0x08000cb2   0x08000cb2   0x00000002   PAD
    0x08000cb4   0x08000cb4   0x00000002   Code   RO           50    .text._platform_post_stackheap_init  clib_arm.o
    0x08000cb6   0x08000cb6   0x00000002   PAD
    0x08000cb8   0x08000cb8   0x00000020   Code   RO           60    .text.is_thread_mode  clib_arm.o
    0x08000cd8   0x08000cd8   0x00000088   Code   RO           16    .text.main          main.o
    0x08000d60   0x08000d60   0x00000020   Code   RO           54    .text.os_kernel_is_active  clib_arm.o
    0x08000d80   0x08000d80   0x000000fa   Code   RO          582    .text.prvAddCurrentTaskToDelayedList  tasks.o
    0x08000e7a   0x08000e7a   0x00000002   PAD
    0x08000e7c   0x08000e7c   0x00000160   Code   RO          568    .text.prvAddNewTaskToReadyList  tasks.o
    0x08000fdc   0x08000fdc   0x0000007e   Code   RO          720    .text.prvCheckForValidListAndQueue  timers.o
    0x0800105a   0x0800105a   0x00000002   PAD
    0x0800105c   0x0800105c   0x0000005a   Code   RO          686    .text.prvCheckTasksWaitingTermination  tasks.o
    0x080010b6   0x080010b6   0x00000002   PAD
    0x080010b8   0x080010b8   0x00000042   Code   RO          468    .text.prvCopyDataFromQueue  queue.o
    0x080010fa   0x080010fa   0x00000002   PAD
    0x080010fc   0x080010fc   0x000000cc   Code   RO          456    .text.prvCopyDataToQueue  queue.o
    0x080011c8   0x080011c8   0x0000003c   Code   RO          576    .text.prvDeleteTCB  tasks.o
    0x08001204   0x08001204   0x00000026   Code   RO          472    .text.prvGetDisinheritPriorityAfterTimeout  queue.o
    0x0800122a   0x0800122a   0x00000002   PAD
    0x0800122c   0x0800122c   0x00000040   Code   RO          760    .text.prvGetNextExpireTime  timers.o
    0x0800126c   0x0800126c   0x000000ae   Code   RO          396    .text.prvHeapInit   heap_4.o
    0x0800131a   0x0800131a   0x00000002   PAD
    0x0800131c   0x0800131c   0x00000038   Code   RO          608    .text.prvIdleTask   tasks.o
    0x08001354   0x08001354   0x0000002c   Code   RO          436    .text.prvInitialiseMutex  queue.o
    0x08001380   0x08001380   0x00000048   Code   RO          430    .text.prvInitialiseNewQueue  queue.o
    0x080013c8   0x080013c8   0x000000e6   Code   RO          566    .text.prvInitialiseNewTask  tasks.o
    0x080014ae   0x080014ae   0x00000002   PAD
    0x080014b0   0x080014b0   0x0000008e   Code   RO          684    .text.prvInitialiseTaskLists  tasks.o
    0x0800153e   0x0800153e   0x00000002   PAD
    0x08001540   0x08001540   0x000000c6   Code   RO          398    .text.prvInsertBlockIntoFreeList  heap_4.o
    0x08001606   0x08001606   0x00000002   PAD
    0x08001608   0x08001608   0x00000086   Code   RO          774    .text.prvInsertTimerInActiveList  timers.o
    0x0800168e   0x0800168e   0x00000002   PAD
    0x08001690   0x08001690   0x00000028   Code   RO          470    .text.prvIsQueueEmpty  queue.o
    0x080016b8   0x080016b8   0x0000002e   Code   RO          458    .text.prvIsQueueFull  queue.o
    0x080016e6   0x080016e6   0x00000002   PAD
    0x080016e8   0x080016e8   0x00000020   Code   RO          374    .text.prvPortStartFirstTask  port.o
    0x08001708   0x08001708   0x00000054   Code   RO          768    .text.prvProcessExpiredTimer  timers.o
    0x0800175c   0x0800175c   0x00000144   Code   RO          764    .text.prvProcessReceivedCommands  timers.o
    0x080018a0   0x080018a0   0x0000009a   Code   RO          762    .text.prvProcessTimerOrBlockTask  timers.o
    0x0800193a   0x0800193a   0x00000002   PAD
    0x0800193c   0x0800193c   0x00000034   Code   RO          772    .text.prvReloadTimer  timers.o
    0x08001970   0x08001970   0x0000003c   Code   RO          574    .text.prvResetNextTaskUnblockTime  tasks.o
    0x080019ac   0x080019ac   0x00000044   Code   RO          766    .text.prvSampleTimeNow  timers.o
    0x080019f0   0x080019f0   0x00000052   Code   RO          770    .text.prvSwitchTimerLists  timers.o
    0x08001a42   0x08001a42   0x00000002   PAD
    0x08001a44   0x08001a44   0x00000026   Code   RO          366    .text.prvTaskExitError  port.o
    0x08001a6a   0x08001a6a   0x00000002   PAD
    0x08001a6c   0x08001a6c   0x0000001e   Code   RO          722    .text.prvTimerTask  timers.o
    0x08001a8a   0x08001a8a   0x00000002   PAD
    0x08001a8c   0x08001a8c   0x000000ae   Code   RO          460    .text.prvUnlockQueue  queue.o
    0x08001b3a   0x08001b3a   0x00000002   PAD
    0x08001b3c   0x08001b3c   0x00000186   Code   RO          394    .text.pvPortMalloc  heap_4.o
    0x08001cc2   0x08001cc2   0x00000002   PAD
    0x08001cc4   0x08001cc4   0x0000002c   Code   RO          668    .text.pvTaskIncrementMutexHeldCount  tasks.o
    0x08001cf0   0x08001cf0   0x00000050   Code   RO          364    .text.pxPortInitialiseStack  port.o
    0x08001d40   0x08001d40   0x000000e0   Code   RO           35    .text.sendbyte      usart.o
    0x08001e20   0x08001e20   0x0000001c   Code   RO           37    .text.serial_close  usart.o
    0x08001e3c   0x08001e3c   0x000000e6   Code   RO           31    .text.serial_open   usart.o
    0x08001f22   0x08001f22   0x00000002   PAD
    0x08001f24   0x08001f24   0x00000048   Code   RO          355    .text.uxListRemove  list.o
    0x08001f6c   0x08001f6c   0x0000000c   Code   RO          618    .text.uxTaskGetNumberOfTasks  tasks.o
    0x08001f78   0x08001f78   0x0000002a   Code   RO          235    .text.vApplicationGetIdleTaskMemory  cmsis_os2.o
    0x08001fa2   0x08001fa2   0x00000002   PAD
    0x08001fa4   0x08001fa4   0x0000002a   Code   RO          237    .text.vApplicationGetTimerTaskMemory  cmsis_os2.o
    0x08001fce   0x08001fce   0x00000002   PAD
    0x08001fd0   0x08001fd0   0x0000000a   Code   RO          233    .text.vApplicationStackOverflowHook  cmsis_os2.o
    0x08001fda   0x08001fda   0x00000002   PAD
    0x08001fdc   0x08001fdc   0x00000074   Code   RO           18    .text.vBlinkTask    main.o
    0x08002050   0x08002050   0x000000e8   Code   RO           20    .text.vCLITask      main.o
    0x08002138   0x08002138   0x0000002e   Code   RO          347    .text.vListInitialise  list.o
    0x08002166   0x08002166   0x00000002   PAD
    0x08002168   0x08002168   0x0000000e   Code   RO          349    .text.vListInitialiseItem  list.o
    0x08002176   0x08002176   0x00000002   PAD
    0x08002178   0x08002178   0x0000006a   Code   RO          353    .text.vListInsert   list.o
    0x080021e2   0x080021e2   0x00000002   PAD
    0x080021e4   0x080021e4   0x00000030   Code   RO          378    .text.vPortEnterCritical  port.o
    0x08002214   0x08002214   0x00000026   Code   RO          380    .text.vPortExitCritical  port.o
    0x0800223a   0x0800223a   0x00000002   PAD
    0x0800223c   0x0800223c   0x00000076   Code   RO          400    .text.vPortFree     heap_4.o
    0x080022b2   0x080022b2   0x00000002   PAD
    0x080022b4   0x080022b4   0x00000044   Code   RO          372    .text.vPortSetupTimerInterrupt  port.o
    0x080022f8   0x080022f8   0x00000022   Code   RO          486    .text.vQueueDelete  queue.o
    0x0800231a   0x0800231a   0x00000002   PAD
    0x0800231c   0x0800231c   0x00000064   Code   RO          498    .text.vQueueWaitForMessageRestricted  queue.o
    0x08002380   0x08002380   0x0000004a   Code   RO          586    .text.vTaskDelay    tasks.o
    0x080023ca   0x080023ca   0x00000002   PAD
    0x080023cc   0x080023cc   0x00000024   Code   RO          640    .text.vTaskInternalSetTimeOutState  tasks.o
    0x080023f0   0x080023f0   0x0000000e   Code   RO          644    .text.vTaskMissedYield  tasks.o
    0x080023fe   0x080023fe   0x00000002   PAD
    0x08002400   0x08002400   0x00000026   Code   RO          628    .text.vTaskPlaceOnEventList  tasks.o
    0x08002426   0x08002426   0x00000002   PAD
    0x08002428   0x08002428   0x00000060   Code   RO          632    .text.vTaskPlaceOnEventListRestricted  tasks.o
    0x08002488   0x08002488   0x0000012c   Code   RO          664    .text.vTaskPriorityDisinheritAfterTimeout  tasks.o
    0x080025b4   0x080025b4   0x000000c4   Code   RO          606    .text.vTaskStartScheduler  tasks.o
    0x08002678   0x08002678   0x00000010   Code   RO          580    .text.vTaskSuspendAll  tasks.o
    0x08002688   0x08002688   0x00000104   Code   RO          598    .text.vTaskSwitchContext  tasks.o
    0x0800278c   0x0800278c   0x00000040   Code   RO          370    .text.xPortStartScheduler  port.o
    0x080027cc   0x080027cc   0x0000003c   Code   RO          384    .text.xPortSysTickHandler  port.o
    0x08002808   0x08002808   0x00000026   Code   RO          434    .text.xQueueCreateMutex  queue.o
    0x0800282e   0x0800282e   0x00000002   PAD
    0x08002830   0x08002830   0x00000032   Code   RO          438    .text.xQueueCreateMutexStatic  queue.o
    0x08002862   0x08002862   0x00000002   PAD
    0x08002864   0x08002864   0x00000086   Code   RO          432    .text.xQueueGenericCreate  queue.o
    0x080028ea   0x080028ea   0x00000002   PAD
    0x080028ec   0x080028ec   0x0000006c   Code   RO          428    .text.xQueueGenericCreateStatic  queue.o
    0x08002958   0x08002958   0x000000d0   Code   RO          426    .text.xQueueGenericReset  queue.o
    0x08002a28   0x08002a28   0x0000016a   Code   RO          446    .text.xQueueGenericSend  queue.o
    0x08002b92   0x08002b92   0x00000002   PAD
    0x08002b94   0x08002b94   0x000000d2   Code   RO          462    .text.xQueueGenericSendFromISR  queue.o
    0x08002c66   0x08002c66   0x00000002   PAD
    0x08002c68   0x08002c68   0x00000152   Code   RO          466    .text.xQueueReceive  queue.o
    0x08002dba   0x08002dba   0x00000002   PAD
    0x08002dbc   0x08002dbc   0x0000019e   Code   RO          450    .text.xQueueSemaphoreTake  queue.o
    0x08002f5a   0x08002f5a   0x00000002   PAD
    0x08002f5c   0x08002f5c   0x0000009a   Code   RO          642    .text.xTaskCheckForTimeOut  tasks.o
    0x08002ff6   0x08002ff6   0x00000002   PAD
    0x08002ff8   0x08002ff8   0x000000a6   Code   RO          570    .text.xTaskCreate   tasks.o
    0x0800309e   0x0800309e   0x00000002   PAD
    0x080030a0   0x080030a0   0x0000007a   Code   RO          564    .text.xTaskCreateStatic  tasks.o
    0x0800311a   0x0800311a   0x00000002   PAD
    0x0800311c   0x0800311c   0x000000ba   Code   RO          578    .text.xTaskDelayUntil  tasks.o
    0x080031d6   0x080031d6   0x00000002   PAD
    0x080031d8   0x080031d8   0x00000038   Code   RO          658    .text.xTaskGetSchedulerState  tasks.o
    0x08003210   0x08003210   0x00000014   Code   RO          614    .text.xTaskGetTickCount  tasks.o
    0x08003224   0x08003224   0x00000246   Code   RO          612    .text.xTaskIncrementTick  tasks.o
    0x0800346a   0x0800346a   0x00000002   PAD
    0x0800346c   0x0800346c   0x000000e6   Code   RO          662    .text.xTaskPriorityDisinherit  tasks.o
    0x08003552   0x08003552   0x00000002   PAD
    0x08003554   0x08003554   0x0000014e   Code   RO          660    .text.xTaskPriorityInherit  tasks.o
    0x080036a2   0x080036a2   0x00000002   PAD
    0x080036a4   0x080036a4   0x0000017c   Code   RO          634    .text.xTaskRemoveFromEventList  tasks.o
    0x08003820   0x08003820   0x0000020a   Code   RO          584    .text.xTaskResumeAll  tasks.o
    0x08003a2a   0x08003a2a   0x00000002   PAD
    0x08003a2c   0x08003a2c   0x00000078   Code   RO          718    .text.xTimerCreateTimerTask  timers.o
    0x08003aa4   0x08003aa4   0x000001cd   Data   RO            7    .rodata.str1.1      cli.o
    0x08003c71   0x08003c71   0x0000003d   Data   RO           22    .rodata.str1.1      main.o
    0x08003cae   0x08003cae   0x00000005   Data   RO          704    .rodata.str1.1      tasks.o
    0x08003cb3   0x08003cb3   0x00000008   Data   RO          777    .rodata.str1.1      timers.o
    0x08003cbb   0x08003cbb   0x00000001   PAD
    0x08003cbc   0x08003cbc   0x00000004   Data   RO          689    .rodata.uxTopUsedPriority  tasks.o
    0x08003cc0   0x08003cc0   0x00000020   Data   RO          972    Region$$Table       anon$$obj.o


    Execution Region ER_RW (Exec base: 0x20000000, Load base: 0x08003ce0, Size: 0x00000008, Max: 0xffffffff, ABSOLUTE)

    Exec Addr    Load Addr    Size         Type   Attr      Idx    E Section Name        Object

    0x20000000   0x08003ce0   0x00000004   Data   RW          299    .data.SystemCoreClock  system_stm32f10x.o
    0x20000004   0x08003ce4   0x00000004   Data   RW          386    .data.uxCriticalNesting  port.o


    Execution Region ER_ZI (Exec base: 0x20000008, Load base: 0x08003ce8, Size: 0x00003210, Max: 0xffffffff, ABSOLUTE)

    Exec Addr    Load Addr    Size         Type   Attr      Idx    E Section Name        Object

    0x20000008        -       0x00000060   Zero   RW          837    .bss                c_w.l(libspace.o)
    0x20000068        -       0x00000004   Zero   RW           42    .bss.CLIQueue       usart.o
    0x2000006c        -       0x00000004   Zero   RW           41    .bss.characterFlag  usart.o
    0x20000070        -       0x00000190   Zero   RW           69    .bss.clib_mutex_cb  clib_arm.o
    0x20000200        -       0x00000014   Zero   RW           68    .bss.clib_mutex_id  clib_arm.o
    0x20000214        -       0x00000004   Zero   RW            8    .bss.freqQueue      cli.o
    0x20000218        -       0x0000000a   Zero   RW            6    .bss.inputString    cli.o
    0x20000222        -       0x00000050   Zero   RW          785    .bss.prvCheckForValidListAndQueue.ucStaticTimerQueueStorage  timers.o
    0x20000272   0x08003ce8   0x00000002   PAD
    0x20000274        -       0x00000050   Zero   RW          784    .bss.prvCheckForValidListAndQueue.xStaticTimerQueue  timers.o
    0x200002c4        -       0x00000004   Zero   RW          781    .bss.prvSampleTimeNow.xLastTime  timers.o
    0x200002c8        -       0x00000004   Zero   RW          688    .bss.pxCurrentTCB   tasks.o
    0x200002cc        -       0x00000004   Zero   RW          779    .bss.pxCurrentTimerList  timers.o
    0x200002d0        -       0x00000004   Zero   RW          696    .bss.pxDelayedTaskList  tasks.o
    0x200002d4        -       0x00000004   Zero   RW          412    .bss.pxEnd          heap_4.o
    0x200002d8        -       0x00000004   Zero   RW          697    .bss.pxOverflowDelayedTaskList  tasks.o
    0x200002dc        -       0x00000004   Zero   RW          780    .bss.pxOverflowTimerList  timers.o
    0x200002e0        -       0x00000460   Zero   RW          699    .bss.pxReadyTasksLists  tasks.o
    0x20000740        -       0x00002000   Zero   RW          418    .bss.ucHeap         heap_4.o
    0x20002740        -       0x00000004   Zero   RW          693    .bss.uxCurrentNumberOfTasks  tasks.o
    0x20002744        -       0x00000004   Zero   RW          692    .bss.uxDeletedTasksWaitingCleanUp  tasks.o
    0x20002748        -       0x00000004   Zero   RW          701    .bss.uxSchedulerSuspended  tasks.o
    0x2000274c        -       0x00000004   Zero   RW          690    .bss.uxTaskNumber   tasks.o
    0x20002750        -       0x00000004   Zero   RW          700    .bss.uxTopReadyPriority  tasks.o
    0x20002754        -       0x00000200   Zero   RW          244    .bss.vApplicationGetIdleTaskMemory.Idle_Stack  cmsis_os2.o
    0x20002954        -       0x0000005c   Zero   RW          243    .bss.vApplicationGetIdleTaskMemory.Idle_TCB  cmsis_os2.o
    0x200029b0        -       0x00000140   Zero   RW          246    .bss.vApplicationGetTimerTaskMemory.Timer_Stack  cmsis_os2.o
    0x20002af0        -       0x0000005c   Zero   RW          245    .bss.vApplicationGetTimerTaskMemory.Timer_TCB  cmsis_os2.o
    0x20002b4c        -       0x00000014   Zero   RW          782    .bss.xActiveTimerList1  timers.o
    0x20002b60        -       0x00000014   Zero   RW          783    .bss.xActiveTimerList2  timers.o
    0x20002b74        -       0x00000014   Zero   RW          709    .bss.xDelayedTaskList1  tasks.o
    0x20002b88        -       0x00000014   Zero   RW          710    .bss.xDelayedTaskList2  tasks.o
    0x20002b9c        -       0x00000004   Zero   RW          413    .bss.xFreeBytesRemaining  heap_4.o
    0x20002ba0        -       0x00000004   Zero   RW          705    .bss.xIdleTaskHandle  tasks.o
    0x20002ba4        -       0x00000004   Zero   RW          415    .bss.xMinimumEverFreeBytesRemaining  heap_4.o
    0x20002ba8        -       0x00000004   Zero   RW          706    .bss.xNextTaskUnblockTime  tasks.o
    0x20002bac        -       0x00000004   Zero   RW          708    .bss.xNumOfOverflows  tasks.o
    0x20002bb0        -       0x00000004   Zero   RW          416    .bss.xNumberOfSuccessfulAllocations  heap_4.o
    0x20002bb4        -       0x00000004   Zero   RW          417    .bss.xNumberOfSuccessfulFrees  heap_4.o
    0x20002bb8        -       0x00000004   Zero   RW          707    .bss.xPendedTicks   tasks.o
    0x20002bbc        -       0x00000014   Zero   RW          703    .bss.xPendingReadyList  tasks.o
    0x20002bd0        -       0x00000004   Zero   RW          694    .bss.xSchedulerRunning  tasks.o
    0x20002bd4        -       0x00000008   Zero   RW          414    .bss.xStart         heap_4.o
    0x20002bdc        -       0x00000014   Zero   RW          698    .bss.xSuspendedTaskList  tasks.o
    0x20002bf0        -       0x00000014   Zero   RW          691    .bss.xTasksWaitingTermination  tasks.o
    0x20002c04        -       0x00000004   Zero   RW          695    .bss.xTickCount     tasks.o
    0x20002c08        -       0x00000004   Zero   RW          776    .bss.xTimerQueue    timers.o
    0x20002c0c        -       0x00000004   Zero   RW          778    .bss.xTimerTaskHandle  timers.o
    0x20002c10        -       0x00000004   Zero   RW          702    .bss.xYieldPending  tasks.o
    0x20002c14   0x08003ce8   0x00000004   PAD
    0x20002c18        -       0x00000200   Zero   RW          282    HEAP                startup_stm32f10x_md.o
    0x20002e18        -       0x00000400   Zero   RW          281    STACK               startup_stm32f10x_md.o


==============================================================================

Image component sizes


      Code (inc. data)   RO Data    RW Data    ZI Data      Debug   Object Name

      1036          0        461          0         14       2687   cli.o
       400          0          0          0        420       3810   clib_arm.o
       124          0          0          0       1016      32355   cmsis_os2.o
       880          0          0          0       8220       4400   heap_4.o
       238          0          0          0          0       2348   list.o
       484          0         61          0          0       2009   main.o
       532         12          0          4          0       2743   port.o
      2680          0          0          0          0      14357   queue.o
        64         26        236          0       1536        864   startup_stm32f10x_md.o
       400          0          0          4          0       2892   system_stm32f10x.o
      5078          0          9          0       1280      23267   tasks.o
      1238         10          8          0        220      10550   timers.o
       620          0          0          0          8       4961   usart.o

    ----------------------------------------------------------------------
     13896         60        808          8      12720     107243   Object Totals
         0          0         32          0          0          0   (incl. Generated)
       122         12          1          0          6          0   (incl. Padding)

    ----------------------------------------------------------------------

      Code (inc. data)   RO Data    RW Data    ZI Data      Debug   Library Member Name

         8          0          0          0          0         68   __main.o
         0          0          0          0          0          0   __rtentry.o
        20          0          0          0          0          0   __rtentry2.o
         6          0          0          0          0          0   __rtentry4.o
        52          8          0          0          0          0   __scatter.o
        26          0          0          0          0          0   __scatter_copy.o
        28          0          0          0          0          0   __scatter_zi.o
        16          0          0          0          0         68   aeabi_memset4.o
        18          0          0          0          0         80   exit.o
         6          0          0          0          0        152   heapauxi.o
         0          0          0          0          0          0   indicate_semi.o
         2          0          0          0          0          0   libinit.o
         2          0          0          0          0          0   libinit2.o
         2          0          0          0          0          0   libshutdown.o
         2          0          0          0          0          0   libshutdown2.o
         8          4          0          0         96         68   libspace.o
        68          0          0          0          0         68   rt_memclr.o
        78          0          0          0          0         80   rt_memclr_w.o
       138          0          0          0          0         68   rt_memcpy_v6.o
       100          0          0          0          0         80   rt_memcpy_w.o
         2          0          0          0          0          0   rtexit.o
        10          0          0          0          0          0   rtexit2.o
       128          0          0          0          0         68   strcmpv7m.o
        62          0          0          0          0         76   strlen.o
        12          4          0          0          0         68   sys_exit.o
        74          0          0          0          0         80   sys_stackheap_outer.o
         2          0          0          0          0         68   use_no_semi.o

    ----------------------------------------------------------------------
       880         16          0          0         96       1092   Library Totals
        10          0          0          0          0          0   (incl. Padding)

    ----------------------------------------------------------------------

      Code (inc. data)   RO Data    RW Data    ZI Data      Debug   Library Name

       870         16          0          0         96       1092   c_w.l

    ----------------------------------------------------------------------
       880         16          0          0         96       1092   Library Totals

    ----------------------------------------------------------------------

==============================================================================


      Code (inc. data)   RO Data    RW Data    ZI Data      Debug   

     14776         76        808          8      12816     107643   Grand Totals
     14776         76        808          8      12816     107643   ELF Image Totals
     14776         76        808          8          0          0   ROM Totals

==============================================================================

    Total RO  Size (Code + RO Data)                15584 (  15.22kB)
    Total RW  Size (RW Data + ZI Data)             12824 (  12.52kB)
    Total ROM Size (Code + RO Data + RW Data)      15592 (  15.23kB)

==============================================================================

